VERIFY null parse [('perry', True), ('node', True), ('bun', True), ('baseline', True)]
VERIFY null stringify [('perry', True), ('node', True), ('bun', True), ('baseline', True)]
VERIFY string_a parse [('perry', True), ('node', True), ('bun', True), ('baseline', True)]
VERIFY string_a stringify [('perry', True), ('node', True), ('bun', True), ('baseline', True)]
VERIFY empty_object parse [('perry', True), ('node', True), ('bun', True), ('baseline', True)]
VERIFY empty_object stringify [('perry', True), ('node', True), ('bun', True), ('baseline', True)]
VERIFY tiny_object parse [('perry', True), ('node', True), ('bun', True), ('baseline', True)]
VERIFY tiny_object stringify [('perry', True), ('node', True), ('bun', True), ('baseline', True)]
VERIFY small_record parse [('perry', True), ('node', True), ('bun', True), ('baseline', True)]
VERIFY small_record stringify [('perry', True), ('node', True), ('bun', True), ('baseline', True)]
VERIFY object_1k parse [('perry', True), ('node', True), ('bun', True), ('baseline', True)]
VERIFY object_1k stringify [('perry', True), ('node', True), ('bun', True), ('baseline', True)]
VERIFY records_array_16k parse [('perry', True), ('node', True), ('bun', True), ('baseline', True)]
VERIFY records_array_16k stringify [('perry', True), ('node', True), ('bun', True), ('baseline', True)]
VERIFY records_array_16k sparse [('perry', True), ('node', True), ('bun', True), ('baseline', True)]
VERIFY records_array_16k scan [('perry', True), ('node', True), ('bun', True), ('baseline', True)]
VERIFY records_array_16k roundtrip [('perry', True), ('node', True), ('bun', True), ('baseline', True)]
VERIFY records_array_1m parse [('perry', True), ('node', True), ('bun', True), ('baseline', True)]
VERIFY records_array_1m stringify [('perry', True), ('node', True), ('bun', True), ('baseline', True)]
VERIFY records_array_1m sparse [('perry', True), ('node', True), ('bun', True), ('baseline', True)]
VERIFY records_array_1m scan [('perry', True), ('node', True), ('bun', True), ('baseline', True)]
VERIFY records_array_1m roundtrip [('perry', True), ('node', True), ('bun', True), ('baseline', True)]
VERIFY records_object_1m parse [('perry', True), ('node', True), ('bun', True), ('baseline', True)]
VERIFY records_object_1m stringify [('perry', True), ('node', True), ('bun', True), ('baseline', True)]
VERIFY records_array_8m parse [('perry', True), ('node', True), ('bun', True), ('baseline', True)]
VERIFY records_array_8m stringify [('perry', True), ('node', True), ('bun', True), ('baseline', True)]
VERIFY records_array_8m sparse [('perry', True), ('node', True), ('bun', True), ('baseline', True)]
VERIFY records_array_8m scan [('perry', True), ('node', True), ('bun', True), ('baseline', True)]
VERIFY records_array_8m roundtrip [('perry', True), ('node', True), ('bun', True), ('baseline', True)]
VERIFY records_object_8m parse [('perry', True), ('node', True), ('bun', True), ('baseline', True)]
VERIFY records_object_8m stringify [('perry', True), ('node', True), ('bun', True), ('baseline', True)]
VERIFY records_array_20m parse [('perry', True), ('node', True), ('bun', True), ('baseline', True)]
VERIFY records_array_20m stringify [('perry', True), ('node', True), ('bun', True), ('baseline', True)]
VERIFY records_array_20m sparse [('perry', True), ('node', True), ('bun', True), ('baseline', True)]
VERIFY records_array_20m scan [('perry', True), ('node', True), ('bun', True), ('baseline', True)]
VERIFY records_array_20m roundtrip [('perry', True), ('node', True), ('bun', True), ('baseline', True)]
VERIFY records_object_20m parse [('perry', True), ('node', True), ('bun', True), ('baseline', True)]
VERIFY records_object_20m stringify [('perry', True), ('node', True), ('bun', True), ('baseline', True)]
VERIFY numbers_1m parse [('perry', True), ('node', True), ('bun', True), ('baseline', True)]
VERIFY numbers_1m stringify [('perry', True), ('node', True), ('bun', True), ('baseline', True)]
VERIFY long_string_1m parse [('perry', True), ('node', True), ('bun', True), ('baseline', True)]
VERIFY long_string_1m stringify [('perry', True), ('node', True), ('bun', True), ('baseline', True)]
VERIFY escaped_1m parse [('perry', True), ('node', True), ('bun', True), ('baseline', True)]
VERIFY escaped_1m stringify [('perry', True), ('node', True), ('bun', True), ('baseline', True)]
VERIFY unicode_1m parse [('perry', True), ('node', True), ('bun', True), ('baseline', True)]
VERIFY unicode_1m stringify [('perry', True), ('node', True), ('bun', True), ('baseline', True)]
VERIFY wide_1m parse [('perry', True), ('node', True), ('bun', True), ('baseline', True)]
VERIFY wide_1m stringify [('perry', True), ('node', True), ('bun', True), ('baseline', True)]
VERIFY heterogeneous_1m parse [('perry', True), ('node', True), ('bun', True), ('baseline', True)]
VERIFY heterogeneous_1m stringify [('perry', True), ('node', True), ('bun', True), ('baseline', True)]
RUN null parse baseline None 0 2000000 21.27 
RUN null parse perry None 0 2000000 21.26 
RUN null parse bun None 0 2000000 34.24 
RUN null parse node None 0 2000000 53.28 
RUN null parse perry None 1 2000000 21.25 
RUN null parse baseline None 1 2000000 21.25 
RUN null parse node None 1 2000000 53.31 
RUN null parse bun None 1 2000000 34.7 
RUN null parse node None 2 2000000 53.3 
RUN null parse perry None 2 2000000 21.26 
RUN null parse bun None 2 2000000 34.28 
RUN null parse baseline None 2 2000000 21.25 
RUN null parse node None 3 2000000 53.29 
RUN null parse perry None 3 2000000 21.26 
RUN null parse baseline None 3 2000000 21.25 
RUN null parse bun None 3 2000000 34.29 
RUN null parse bun None 4 2000000 34.34 
RUN null parse baseline None 4 2000000 21.25 
RUN null parse node None 4 2000000 53.31 
RUN null parse perry None 4 2000000 21.25 
RUN null stringify baseline None 0 2000000 13.13 
RUN null stringify bun None 0 2000000 52.82 
RUN null stringify perry None 0 2000000 13.28 
RUN null stringify node None 0 2000000 52.68 
RUN null stringify baseline None 1 2000000 13.13 
RUN null stringify node None 1 2000000 52.62 
RUN null stringify perry None 1 2000000 13.2 
RUN null stringify bun None 1 2000000 52.73 
RUN null stringify node None 2 2000000 52.63 
RUN null stringify baseline None 2 2000000 13.14 
RUN null stringify perry None 2 2000000 13.12 
RUN null stringify bun None 2 2000000 52.56 
RUN null stringify bun None 3 2000000 53.07 
RUN null stringify perry None 3 2000000 13.15 
RUN null stringify baseline None 3 2000000 13.13 
RUN null stringify node None 3 2000000 52.64 
RUN null stringify bun None 4 2000000 52.65 
RUN null stringify baseline None 4 2000000 13.12 
RUN null stringify node None 4 2000000 52.72 
RUN null stringify perry None 4 2000000 13.13 
RUN string_a parse node None 0 2000000 62.09 
RUN string_a parse baseline None 0 2000000 25.74 
RUN string_a parse bun None 0 2000000 40.85 
RUN string_a parse perry None 0 2000000 25.74 
RUN string_a parse bun None 1 2000000 40.71 
RUN string_a parse perry None 1 2000000 25.77 
RUN string_a parse baseline None 1 2000000 25.73 
RUN string_a parse node None 1 2000000 62.06 
RUN string_a parse perry None 2 2000000 25.72 
RUN string_a parse baseline None 2 2000000 25.75 
RUN string_a parse bun None 2 2000000 40.89 
RUN string_a parse node None 2 2000000 62.05 
RUN string_a parse baseline None 3 2000000 25.77 
RUN string_a parse node None 3 2000000 62.06 
RUN string_a parse perry None 3 2000000 25.75 
RUN string_a parse bun None 3 2000000 40.7 
RUN string_a parse perry None 4 2000000 25.89 
RUN string_a parse node None 4 2000000 62.06 
RUN string_a parse bun None 4 2000000 40.64 
RUN string_a parse baseline None 4 2000000 25.74 
RUN string_a stringify baseline None 0 2000000 19.38 
RUN string_a stringify bun None 0 2000000 54.59 
RUN string_a stringify node None 0 2000000 58.28 
RUN string_a stringify perry None 0 2000000 19.99 
RUN string_a stringify bun None 1 2000000 53.06 
RUN string_a stringify perry None 1 2000000 19.99 
RUN string_a stringify node None 1 2000000 58.3 
RUN string_a stringify baseline None 1 2000000 19.38 
RUN string_a stringify baseline None 2 2000000 19.37 
RUN string_a stringify perry None 2 2000000 20.04 
RUN string_a stringify node None 2 2000000 58.42 
RUN string_a stringify bun None 2 2000000 53.15 
RUN string_a stringify perry None 3 2000000 20.0 
RUN string_a stringify baseline None 3 2000000 19.38 
RUN string_a stringify bun None 3 2000000 52.89 
RUN string_a stringify node None 3 2000000 58.3 
RUN string_a stringify bun None 4 2000000 54.4 
RUN string_a stringify node None 4 2000000 58.33 
RUN string_a stringify baseline None 4 2000000 19.36 
RUN string_a stringify perry None 4 2000000 20.0 
RUN empty_object parse node None 0 2000000 88.49 
RUN empty_object parse perry None 0 2000000 48.08 
RUN empty_object parse bun None 0 2000000 43.17 
RUN empty_object parse baseline None 0 2000000 47.87 
RUN empty_object parse node None 1 2000000 88.65 
RUN empty_object parse bun None 1 2000000 43.14 
RUN empty_object parse baseline None 1 2000000 47.87 
RUN empty_object parse perry None 1 2000000 47.83 
RUN empty_object parse bun None 2 2000000 43.02 
RUN empty_object parse node None 2 2000000 88.73 
RUN empty_object parse perry None 2 2000000 47.84 
RUN empty_object parse baseline None 2 2000000 48.09 
RUN empty_object parse node None 3 2000000 88.54 
RUN empty_object parse perry None 3 2000000 47.9 
RUN empty_object parse bun None 3 2000000 43.43 
RUN empty_object parse baseline None 3 2000000 48.02 
RUN empty_object parse baseline None 4 2000000 47.93 
RUN empty_object parse bun None 4 2000000 43.23 
RUN empty_object parse node None 4 2000000 88.81 
RUN empty_object parse perry None 4 2000000 47.86 
RUN empty_object stringify perry None 0 2000000 35.23 
RUN empty_object stringify node None 0 2000000 62.17 
RUN empty_object stringify baseline None 0 2000000 35.23 
RUN empty_object stringify bun None 0 2000000 55.06 
RUN empty_object stringify node None 1 2000000 62.32 
RUN empty_object stringify bun None 1 2000000 55.18 
RUN empty_object stringify perry None 1 2000000 35.24 
RUN empty_object stringify baseline None 1 2000000 35.21 
RUN empty_object stringify baseline None 2 2000000 35.25 
RUN empty_object stringify bun None 2 2000000 55.21 
RUN empty_object stringify perry None 2 2000000 35.26 
RUN empty_object stringify node None 2 2000000 62.28 
RUN empty_object stringify node None 3 2000000 62.2 
RUN empty_object stringify baseline None 3 2000000 35.22 
RUN empty_object stringify perry None 3 2000000 35.25 
RUN empty_object stringify bun None 3 2000000 55.05 
RUN empty_object stringify perry None 4 2000000 35.23 
RUN empty_object stringify node None 4 2000000 62.21 
RUN empty_object stringify bun None 4 2000000 54.99 
RUN empty_object stringify baseline None 4 2000000 35.23 
RUN tiny_object parse perry None 0 2000000 74.53 
RUN tiny_object parse baseline None 0 2000000 74.45 
RUN tiny_object parse bun None 0 2000000 86.09 
RUN tiny_object parse node None 0 2000000 161.91 
RUN tiny_object parse perry None 1 2000000 74.44 
RUN tiny_object parse node None 1 2000000 161.79 
RUN tiny_object parse baseline None 1 2000000 74.48 
RUN tiny_object parse bun None 1 2000000 85.22 
RUN tiny_object parse baseline None 2 2000000 74.63 
RUN tiny_object parse node None 2 2000000 160.54 
RUN tiny_object parse bun None 2 2000000 85.77 
RUN tiny_object parse perry None 2 2000000 74.34 
RUN tiny_object parse node None 3 2000000 158.46 
RUN tiny_object parse baseline None 3 2000000 74.53 
RUN tiny_object parse perry None 3 2000000 74.45 
RUN tiny_object parse bun None 3 2000000 85.17 
RUN tiny_object parse bun None 4 2000000 85.1 
RUN tiny_object parse node None 4 2000000 163.83 
RUN tiny_object parse baseline None 4 2000000 74.38 
RUN tiny_object parse perry None 4 2000000 74.5 
RUN tiny_object stringify bun None 0 2000000 74.27 
RUN tiny_object stringify perry None 0 2000000 67.79 
RUN tiny_object stringify node None 0 2000000 72.53 
RUN tiny_object stringify baseline None 0 2000000 67.98 
RUN tiny_object stringify bun None 1 2000000 74.92 
RUN tiny_object stringify baseline None 1 2000000 67.96 
RUN tiny_object stringify node None 1 2000000 72.55 
RUN tiny_object stringify perry None 1 2000000 67.77 
RUN tiny_object stringify bun None 2 2000000 74.55 
RUN tiny_object stringify baseline None 2 2000000 68.0 
RUN tiny_object stringify perry None 2 2000000 67.88 
RUN tiny_object stringify node None 2 2000000 72.47 
RUN tiny_object stringify perry None 3 2000000 67.9 
RUN tiny_object stringify node None 3 2000000 72.66 
RUN tiny_object stringify bun None 3 2000000 74.27 
RUN tiny_object stringify baseline None 3 2000000 67.98 
RUN tiny_object stringify bun None 4 2000000 74.39 
RUN tiny_object stringify node None 4 2000000 72.63 
RUN tiny_object stringify perry None 4 2000000 67.87 
RUN tiny_object stringify baseline None 4 2000000 67.98 
RUN small_record parse perry None 0 1584158 156.76 
RUN small_record parse baseline None 0 1584158 157.03 
RUN small_record parse bun None 0 1584158 383.38 
RUN small_record parse node None 0 1584158 541.8 
RUN small_record parse perry None 1 1584158 156.91 
RUN small_record parse baseline None 1 1584158 156.88 
RUN small_record parse bun None 1 1584158 381.4 
RUN small_record parse node None 1 1584158 550.48 
RUN small_record parse node None 2 1584158 554.08 
RUN small_record parse perry None 2 1584158 156.99 
RUN small_record parse baseline None 2 1584158 156.97 
RUN small_record parse bun None 2 1584158 447.36 
RUN small_record parse baseline None 3 1584158 156.82 
RUN small_record parse bun None 3 1584158 380.89 
RUN small_record parse perry None 3 1584158 157.09 
RUN small_record parse node None 3 1584158 594.67 
RUN small_record parse baseline None 4 1584158 156.91 
RUN small_record parse node None 4 1584158 512.26 
RUN small_record parse bun None 4 1584158 383.16 
RUN small_record parse perry None 4 1584158 157.02 
RUN small_record stringify bun None 0 2000000 233.92 
RUN small_record stringify node None 0 2000000 213.4 
RUN small_record stringify perry None 0 2000000 92.28 
RUN small_record stringify baseline None 0 2000000 91.77 
RUN small_record stringify perry None 1 2000000 91.58 
RUN small_record stringify node None 1 2000000 214.04 
RUN small_record stringify baseline None 1 2000000 91.64 
RUN small_record stringify bun None 1 2000000 234.51 
RUN small_record stringify bun None 2 2000000 233.53 
RUN small_record stringify node None 2 2000000 214.42 
RUN small_record stringify perry None 2 2000000 91.37 
RUN small_record stringify baseline None 2 2000000 92.18 
RUN small_record stringify baseline None 3 2000000 91.52 
RUN small_record stringify bun None 3 2000000 234.92 
RUN small_record stringify node None 3 2000000 213.85 
RUN small_record stringify perry None 3 2000000 91.49 
RUN small_record stringify bun None 4 2000000 233.89 
RUN small_record stringify node None 4 2000000 214.03 
RUN small_record stringify perry None 4 2000000 91.57 
RUN small_record stringify baseline None 4 2000000 91.47 
RUN object_1k parse bun None 0 1962926 437.22 
RUN object_1k parse baseline None 0 1962926 162.06 
RUN object_1k parse node None 0 1962926 1037.88 
RUN object_1k parse perry None 0 1962926 161.97 
RUN object_1k parse baseline None 1 1962926 161.99 
RUN object_1k parse node None 1 1962926 1040.09 
RUN object_1k parse perry None 1 1962926 162.09 
RUN object_1k parse bun None 1 1962926 437.6 
RUN object_1k parse baseline None 2 1962926 162.07 
RUN object_1k parse bun None 2 1962926 437.09 
RUN object_1k parse perry None 2 1962926 162.53 
RUN object_1k parse node None 2 1962926 1041.67 
RUN object_1k parse baseline None 3 1962926 162.02 
RUN object_1k parse node None 3 1962926 1040.35 
RUN object_1k parse bun None 3 1962926 437.18 
RUN object_1k parse perry None 3 1962926 162.12 
RUN object_1k parse bun None 4 1962926 437.61 
RUN object_1k parse perry None 4 1962926 162.19 
RUN object_1k parse baseline None 4 1962926 162.1 
RUN object_1k parse node None 4 1962926 1040.08 
RUN object_1k stringify perry None 0 1001669 115.77 
RUN object_1k stringify node None 0 1001669 191.54 
RUN object_1k stringify baseline None 0 1001669 115.81 
RUN object_1k stringify bun None 0 1001669 203.95 
RUN object_1k stringify perry None 1 1001669 115.33 
RUN object_1k stringify node None 1 1001669 193.65 
RUN object_1k stringify baseline None 1 1001669 115.45 
RUN object_1k stringify bun None 1 1001669 203.72 
RUN object_1k stringify bun None 2 1001669 204.28 
RUN object_1k stringify baseline None 2 1001669 115.9 
RUN object_1k stringify perry None 2 1001669 115.64 
RUN object_1k stringify node None 2 1001669 191.11 
RUN object_1k stringify perry None 3 1001669 115.69 
RUN object_1k stringify bun None 3 1001669 204.7 
RUN object_1k stringify node None 3 1001669 191.39 
RUN object_1k stringify baseline None 3 1001669 115.94 
RUN object_1k stringify perry None 4 1001669 116.1 
RUN object_1k stringify bun None 4 1001669 204.5 
RUN object_1k stringify node None 4 1001669 191.69 
RUN object_1k stringify baseline None 4 1001669 116.03 
RUN records_array_16k parse perry None 0 8510 155.66 
RUN records_array_16k parse baseline None 0 8510 155.13 
RUN records_array_16k parse node None 0 8510 327.15 
RUN records_array_16k parse bun None 0 8510 287.65 
RUN records_array_16k parse baseline None 1 8510 154.96 
RUN records_array_16k parse perry None 1 8510 156.46 
RUN records_array_16k parse node None 1 8510 332.37 
RUN records_array_16k parse bun None 1 8510 287.42 
RUN records_array_16k parse perry None 2 8510 155.78 
RUN records_array_16k parse bun None 2 8510 287.48 
RUN records_array_16k parse node None 2 8510 358.72 
RUN records_array_16k parse baseline None 2 8510 155.3 
RUN records_array_16k parse baseline None 3 8510 154.72 
RUN records_array_16k parse node None 3 8510 353.86 
RUN records_array_16k parse perry None 3 8510 155.79 
RUN records_array_16k parse bun None 3 8510 287.71 
RUN records_array_16k parse baseline None 4 8510 155.32 
RUN records_array_16k parse bun None 4 8510 324.29 
RUN records_array_16k parse node None 4 8510 357.57 
RUN records_array_16k parse perry None 4 8510 155.82 
RUN records_array_16k stringify node None 0 12903 168.37 
RUN records_array_16k stringify bun None 0 12903 298.85 
RUN records_array_16k stringify perry None 0 12903 141.44 
RUN records_array_16k stringify baseline None 0 12903 142.71 
RUN records_array_16k stringify baseline None 1 12903 143.34 
RUN records_array_16k stringify perry None 1 12903 141.91 
RUN records_array_16k stringify bun None 1 12903 298.33 
RUN records_array_16k stringify node None 1 12903 168.0 
RUN records_array_16k stringify perry None 2 12903 141.62 
RUN records_array_16k stringify baseline None 2 12903 143.48 
RUN records_array_16k stringify node None 2 12903 167.78 
RUN records_array_16k stringify bun None 2 12903 298.85 
RUN records_array_16k stringify bun None 3 12903 298.41 
RUN records_array_16k stringify node None 3 12903 166.58 
RUN records_array_16k stringify perry None 3 12903 142.35 
RUN records_array_16k stringify baseline None 3 12903 143.48 
RUN records_array_16k stringify bun None 4 12903 297.48 
RUN records_array_16k stringify baseline None 4 12903 142.92 
RUN records_array_16k stringify node None 4 12903 168.07 
RUN records_array_16k stringify perry None 4 12903 142.63 
RUN records_array_16k sparse baseline None 0 6492 158.6 
RUN records_array_16k sparse perry None 0 6492 160.49 
RUN records_array_16k sparse bun None 0 6492 220.92 
RUN records_array_16k sparse node None 0 6492 257.06 
RUN records_array_16k sparse baseline None 1 6492 158.34 
RUN records_array_16k sparse bun None 1 6492 220.47 
RUN records_array_16k sparse node None 1 6492 247.07 
RUN records_array_16k sparse perry None 1 6492 160.7 
RUN records_array_16k sparse bun None 2 6492 220.14 
RUN records_array_16k sparse perry None 2 6492 160.7 
RUN records_array_16k sparse node None 2 6492 272.48 
RUN records_array_16k sparse baseline None 2 6492 158.68 
RUN records_array_16k sparse node None 3 6492 275.88 
RUN records_array_16k sparse perry None 3 6492 160.67 
RUN records_array_16k sparse baseline None 3 6492 158.41 
RUN records_array_16k sparse bun None 3 6492 219.88 
RUN records_array_16k sparse node None 4 6492 268.34 
RUN records_array_16k sparse bun None 4 6492 219.79 
RUN records_array_16k sparse baseline None 4 6492 158.64 
RUN records_array_16k sparse perry None 4 6492 160.43 
RUN records_array_16k scan bun None 0 3767 128.69 
RUN records_array_16k scan node None 0 3767 152.62 
RUN records_array_16k scan baseline None 0 3767 239.48 
RUN records_array_16k scan perry None 0 3767 238.72 
RUN records_array_16k scan baseline None 1 3767 238.62 
RUN records_array_16k scan perry None 1 3767 238.89 
RUN records_array_16k scan node None 1 3767 160.21 
RUN records_array_16k scan bun None 1 3767 128.77 
RUN records_array_16k scan node None 2 3767 145.04 
RUN records_array_16k scan baseline None 2 3767 238.45 
RUN records_array_16k scan perry None 2 3767 239.21 
RUN records_array_16k scan bun None 2 3767 128.92 
RUN records_array_16k scan baseline None 3 3767 238.56 
RUN records_array_16k scan node None 3 3767 146.28 
RUN records_array_16k scan perry None 3 3767 238.36 
RUN records_array_16k scan bun None 3 3767 129.11 
RUN records_array_16k scan bun None 4 3767 128.7 
RUN records_array_16k scan node None 4 3767 151.31 
RUN records_array_16k scan perry None 4 3767 238.98 
RUN records_array_16k scan baseline None 4 3767 237.91 
RUN records_array_16k roundtrip perry None 0 6217 160.44 
RUN records_array_16k roundtrip node None 0 6217 320.69 
RUN records_array_16k roundtrip baseline None 0 6217 159.99 
RUN records_array_16k roundtrip bun None 0 6217 358.21 
RUN records_array_16k roundtrip bun None 1 6217 357.89 
RUN records_array_16k roundtrip perry None 1 6217 160.31 
RUN records_array_16k roundtrip baseline None 1 6217 160.64 
RUN records_array_16k roundtrip node None 1 6217 330.98 
RUN records_array_16k roundtrip bun None 2 6217 357.86 
RUN records_array_16k roundtrip node None 2 6217 338.95 
RUN records_array_16k roundtrip perry None 2 6217 161.01 
RUN records_array_16k roundtrip baseline None 2 6217 159.46 
RUN records_array_16k roundtrip bun None 3 6217 357.98 
RUN records_array_16k roundtrip baseline None 3 6217 160.44 
RUN records_array_16k roundtrip perry None 3 6217 160.76 
RUN records_array_16k roundtrip node None 3 6217 334.49 
RUN records_array_16k roundtrip baseline None 4 6217 160.92 
RUN records_array_16k roundtrip perry None 4 6217 160.41 
RUN records_array_16k roundtrip bun None 4 6217 358.94 
RUN records_array_16k roundtrip node None 4 6217 320.98 
RUN records_array_1m parse perry None 0 128 154.68 
RUN records_array_1m parse node None 0 128 339.04 
RUN records_array_1m parse baseline None 0 128 154.43 
RUN records_array_1m parse bun None 0 128 269.32 
RUN records_array_1m parse bun None 1 128 269.79 
RUN records_array_1m parse perry None 1 128 155.0 
RUN records_array_1m parse baseline None 1 128 154.34 
RUN records_array_1m parse node None 1 128 357.27 
RUN records_array_1m parse bun None 2 128 269.27 
RUN records_array_1m parse baseline None 2 128 154.61 
RUN records_array_1m parse perry None 2 128 154.87 
RUN records_array_1m parse node None 2 128 356.57 
RUN records_array_1m parse bun None 3 128 269.55 
RUN records_array_1m parse perry None 3 128 154.95 
RUN records_array_1m parse node None 3 128 334.82 
RUN records_array_1m parse baseline None 3 128 154.37 
RUN records_array_1m parse perry None 4 128 155.07 
RUN records_array_1m parse node None 4 128 335.45 
RUN records_array_1m parse bun None 4 128 269.28 
RUN records_array_1m parse baseline None 4 128 154.59 
RUN records_array_1m stringify node None 0 232 190.17 
RUN records_array_1m stringify bun None 0 232 221.78 
RUN records_array_1m stringify perry None 0 232 149.13 
RUN records_array_1m stringify baseline None 0 232 150.26 
RUN records_array_1m stringify bun None 1 232 221.82 
RUN records_array_1m stringify perry None 1 232 149.71 
RUN records_array_1m stringify baseline None 1 232 150.86 
RUN records_array_1m stringify node None 1 232 189.68 
RUN records_array_1m stringify bun None 2 232 221.56 
RUN records_array_1m stringify node None 2 232 192.17 
RUN records_array_1m stringify perry None 2 232 149.64 
RUN records_array_1m stringify baseline None 2 232 149.53 
RUN records_array_1m stringify baseline None 3 232 149.89 
RUN records_array_1m stringify node None 3 232 190.99 
RUN records_array_1m stringify bun None 3 232 221.8 
RUN records_array_1m stringify perry None 3 232 149.69 
RUN records_array_1m stringify perry None 4 232 150.24 
RUN records_array_1m stringify node None 4 232 189.09 
RUN records_array_1m stringify baseline None 4 232 151.09 
RUN records_array_1m stringify bun None 4 232 221.67 
RUN records_array_1m sparse perry None 0 122 153.14 
RUN records_array_1m sparse node None 0 122 327.26 
RUN records_array_1m sparse baseline None 0 122 152.36 
RUN records_array_1m sparse bun None 0 122 291.18 
RUN records_array_1m sparse bun None 1 122 257.76 
RUN records_array_1m sparse baseline None 1 122 152.61 
RUN records_array_1m sparse perry None 1 122 152.95 
RUN records_array_1m sparse node None 1 122 310.23 
RUN records_array_1m sparse bun None 2 122 258.55 
RUN records_array_1m sparse node None 2 122 335.59 
RUN records_array_1m sparse baseline None 2 122 152.73 
RUN records_array_1m sparse perry None 2 122 153.23 
RUN records_array_1m sparse perry None 3 122 152.91 
RUN records_array_1m sparse bun None 3 122 257.88 
RUN records_array_1m sparse node None 3 122 327.35 
RUN records_array_1m sparse baseline None 3 122 152.4 
RUN records_array_1m sparse perry None 4 122 152.87 
RUN records_array_1m sparse node None 4 122 350.31 
RUN records_array_1m sparse baseline None 4 122 152.32 
RUN records_array_1m sparse bun None 4 122 264.25 
RUN records_array_1m scan node None 0 69 191.19 
RUN records_array_1m scan perry None 0 69 224.83 
RUN records_array_1m scan bun None 0 69 145.64 
RUN records_array_1m scan baseline None 0 69 223.69 
RUN records_array_1m scan perry None 1 69 224.46 
RUN records_array_1m scan bun None 1 69 145.81 
RUN records_array_1m scan node None 1 69 196.56 
RUN records_array_1m scan baseline None 1 69 223.11 
RUN records_array_1m scan perry None 2 69 224.99 
RUN records_array_1m scan bun None 2 69 146.14 
RUN records_array_1m scan baseline None 2 69 223.12 
RUN records_array_1m scan node None 2 69 189.36 
RUN records_array_1m scan node None 3 69 191.45 
RUN records_array_1m scan perry None 3 69 224.62 
RUN records_array_1m scan bun None 3 69 146.07 
RUN records_array_1m scan baseline None 3 69 223.24 
RUN records_array_1m scan bun None 4 69 145.96 
RUN records_array_1m scan perry None 4 69 224.62 
RUN records_array_1m scan node None 4 69 179.69 
RUN records_array_1m scan baseline None 4 69 223.16 
RUN records_array_1m roundtrip perry None 0 94 159.09 
RUN records_array_1m roundtrip bun None 0 94 288.69 
RUN records_array_1m roundtrip baseline None 0 94 158.53 
RUN records_array_1m roundtrip node None 0 94 311.54 
RUN records_array_1m roundtrip bun None 1 94 289.04 
RUN records_array_1m roundtrip perry None 1 94 159.12 
RUN records_array_1m roundtrip baseline None 1 94 158.72 
RUN records_array_1m roundtrip node None 1 94 329.95 
RUN records_array_1m roundtrip baseline None 2 94 159.28 
RUN records_array_1m roundtrip node None 2 94 312.33 
RUN records_array_1m roundtrip perry None 2 94 158.49 
RUN records_array_1m roundtrip bun None 2 94 288.38 
RUN records_array_1m roundtrip bun None 3 94 293.61 
RUN records_array_1m roundtrip node None 3 94 326.25 
RUN records_array_1m roundtrip baseline None 3 94 158.99 
RUN records_array_1m roundtrip perry None 3 94 159.02 
RUN records_array_1m roundtrip baseline None 4 94 159.03 
RUN records_array_1m roundtrip perry None 4 94 158.95 
RUN records_array_1m roundtrip node None 4 94 321.81 
RUN records_array_1m roundtrip bun None 4 94 288.51 
RUN records_object_1m parse bun None 0 80 168.56 
RUN records_object_1m parse perry None 0 80 163.5 
RUN records_object_1m parse node None 0 80 212.61 
RUN records_object_1m parse baseline None 0 80 162.01 
RUN records_object_1m parse baseline None 1 80 162.31 
RUN records_object_1m parse node None 1 80 209.48 
RUN records_object_1m parse bun None 1 80 169.15 
RUN records_object_1m parse perry None 1 80 163.46 
RUN records_object_1m parse baseline None 2 80 162.3 
RUN records_object_1m parse bun None 2 80 169.34 
RUN records_object_1m parse node None 2 80 203.18 
RUN records_object_1m parse perry None 2 80 163.52 
RUN records_object_1m parse node None 3 80 210.01 
RUN records_object_1m parse baseline None 3 80 161.92 
RUN records_object_1m parse perry None 3 80 163.89 
RUN records_object_1m parse bun None 3 80 169.36 
RUN records_object_1m parse node None 4 80 208.96 
RUN records_object_1m parse baseline None 4 80 162.36 
RUN records_object_1m parse perry None 4 80 163.57 
RUN records_object_1m parse bun None 4 80 191.17 
RUN records_object_1m stringify baseline None 0 234 152.05 
RUN records_object_1m stringify node None 0 234 191.06 
RUN records_object_1m stringify perry None 0 234 151.87 
RUN records_object_1m stringify bun None 0 234 224.2 
RUN records_object_1m stringify node None 1 234 191.38 
RUN records_object_1m stringify bun None 1 234 223.67 
RUN records_object_1m stringify baseline None 1 234 152.59 
RUN records_object_1m stringify perry None 1 234 152.75 
RUN records_object_1m stringify node None 2 234 191.23 
RUN records_object_1m stringify baseline None 2 234 151.46 
RUN records_object_1m stringify perry None 2 234 150.83 
RUN records_object_1m stringify bun None 2 234 223.94 
RUN records_object_1m stringify node None 3 234 192.02 
RUN records_object_1m stringify perry None 3 234 153.24 
RUN records_object_1m stringify bun None 3 234 223.88 
RUN records_object_1m stringify baseline None 3 234 151.97 
RUN records_object_1m stringify perry None 4 234 152.14 
RUN records_object_1m stringify baseline None 4 234 153.02 
RUN records_object_1m stringify bun None 4 234 223.91 
RUN records_object_1m stringify node None 4 234 191.06 
RUN records_array_8m parse perry None 0 13 138.44 
RUN records_array_8m parse bun None 0 13 231.51 
RUN records_array_8m parse node None 0 13 301.32 
RUN records_array_8m parse baseline None 0 13 138.33 
RUN records_array_8m parse node None 1 13 290.08 
RUN records_array_8m parse bun None 1 13 231.68 
RUN records_array_8m parse baseline None 1 13 138.16 
RUN records_array_8m parse perry None 1 13 138.54 
RUN records_array_8m parse node None 2 13 280.3 
RUN records_array_8m parse bun None 2 13 232.35 
RUN records_array_8m parse baseline None 2 13 137.76 
RUN records_array_8m parse perry None 2 13 138.59 
RUN records_array_8m parse bun None 3 13 231.47 
RUN records_array_8m parse baseline None 3 13 137.99 
RUN records_array_8m parse perry None 3 13 138.65 
RUN records_array_8m parse node None 3 13 294.02 
RUN records_array_8m parse baseline None 4 13 137.89 
RUN records_array_8m parse bun None 4 13 231.53 
RUN records_array_8m parse node None 4 13 305.77 
RUN records_array_8m parse perry None 4 13 138.25 
RUN records_array_8m stringify perry None 0 29 137.78 
RUN records_array_8m stringify node None 0 29 197.4 
RUN records_array_8m stringify bun None 0 29 223.3 
RUN records_array_8m stringify baseline None 0 29 137.96 
RUN records_array_8m stringify bun None 1 29 223.49 
RUN records_array_8m stringify node None 1 29 193.28 
RUN records_array_8m stringify baseline None 1 29 138.33 
RUN records_array_8m stringify perry None 1 29 136.9 
RUN records_array_8m stringify perry None 2 29 137.05 
RUN records_array_8m stringify node None 2 29 194.26 
RUN records_array_8m stringify bun None 2 29 224.46 
RUN records_array_8m stringify baseline None 2 29 137.93 
RUN records_array_8m stringify bun None 3 29 221.53 
RUN records_array_8m stringify node None 3 29 192.89 
RUN records_array_8m stringify perry None 3 29 137.5 
RUN records_array_8m stringify baseline None 3 29 138.87 
RUN records_array_8m stringify node None 4 29 193.66 
RUN records_array_8m stringify baseline None 4 29 138.66 
RUN records_array_8m stringify perry None 4 29 137.97 
RUN records_array_8m stringify bun None 4 29 221.43 
RUN records_array_8m sparse baseline None 0 12 134.66 
RUN records_array_8m sparse perry None 0 12 135.12 
RUN records_array_8m sparse node None 0 12 277.24 
RUN records_array_8m sparse bun None 0 12 215.5 
RUN records_array_8m sparse node None 1 12 267.04 
RUN records_array_8m sparse perry None 1 12 135.07 
RUN records_array_8m sparse baseline None 1 12 134.57 
RUN records_array_8m sparse bun None 1 12 214.75 
RUN records_array_8m sparse node None 2 12 265.53 
RUN records_array_8m sparse bun None 2 12 215.45 
RUN records_array_8m sparse perry None 2 12 134.3 
RUN records_array_8m sparse baseline None 2 12 134.8 
RUN records_array_8m sparse node None 3 12 280.46 
RUN records_array_8m sparse perry None 3 12 135.48 
RUN records_array_8m sparse baseline None 3 12 134.37 
RUN records_array_8m sparse bun None 3 12 215.86 
RUN records_array_8m sparse perry None 4 12 134.92 
RUN records_array_8m sparse bun None 4 12 215.35 
RUN records_array_8m sparse node None 4 12 275.59 
RUN records_array_8m sparse baseline None 4 12 134.39 
RUN records_array_8m scan perry None 0 8 202.53 
RUN records_array_8m scan baseline None 0 8 199.67 
RUN records_array_8m scan node None 0 8 175.05 
RUN records_array_8m scan bun None 0 8 145.7 
RUN records_array_8m scan perry None 1 8 202.47 
RUN records_array_8m scan node None 1 8 176.29 
RUN records_array_8m scan baseline None 1 8 199.66 
RUN records_array_8m scan bun None 1 8 146.29 
RUN records_array_8m scan bun None 2 8 145.63 
RUN records_array_8m scan baseline None 2 8 199.7 
RUN records_array_8m scan node None 2 8 187.62 
RUN records_array_8m scan perry None 2 8 202.39 
RUN records_array_8m scan node None 3 8 172.11 
RUN records_array_8m scan baseline None 3 8 203.8 
RUN records_array_8m scan bun None 3 8 145.94 
RUN records_array_8m scan perry None 3 8 202.79 
RUN records_array_8m scan bun None 4 8 145.46 
RUN records_array_8m scan node None 4 8 179.39 
RUN records_array_8m scan perry None 4 8 202.61 
RUN records_array_8m scan baseline None 4 8 200.05 
RUN records_array_8m roundtrip perry None 0 9 138.97 
RUN records_array_8m roundtrip bun None 0 9 229.46 
RUN records_array_8m roundtrip baseline None 0 9 138.61 
RUN records_array_8m roundtrip node None 0 9 247.96 
RUN records_array_8m roundtrip node None 1 9 252.75 
RUN records_array_8m roundtrip bun None 1 9 232.49 
RUN records_array_8m roundtrip perry None 1 9 139.76 
RUN records_array_8m roundtrip baseline None 1 9 138.56 
RUN records_array_8m roundtrip node None 2 9 246.86 
RUN records_array_8m roundtrip bun None 2 9 229.59 
RUN records_array_8m roundtrip perry None 2 9 138.69 
RUN records_array_8m roundtrip baseline None 2 9 138.04 
RUN records_array_8m roundtrip node None 3 9 246.53 
RUN records_array_8m roundtrip baseline None 3 9 138.72 
RUN records_array_8m roundtrip bun None 3 9 229.33 
RUN records_array_8m roundtrip perry None 3 9 139.39 
RUN records_array_8m roundtrip bun None 4 9 231.68 
RUN records_array_8m roundtrip node None 4 9 264.62 
RUN records_array_8m roundtrip baseline None 4 9 138.54 
RUN records_array_8m roundtrip perry None 4 9 139.32 
RUN records_object_8m parse bun None 0 10 178.8 
RUN records_object_8m parse perry None 0 10 163.29 
RUN records_object_8m parse baseline None 0 10 159.9 
RUN records_object_8m parse node None 0 10 237.95 
RUN records_object_8m parse node None 1 10 234.44 
RUN records_object_8m parse bun None 1 10 178.48 
RUN records_object_8m parse baseline None 1 10 159.93 
RUN records_object_8m parse perry None 1 10 163.44 
RUN records_object_8m parse baseline None 2 10 159.68 
RUN records_object_8m parse bun None 2 10 179.49 
RUN records_object_8m parse node None 2 10 235.36 
RUN records_object_8m parse perry None 2 10 163.5 
RUN records_object_8m parse bun None 3 10 178.12 
RUN records_object_8m parse node None 3 10 216.03 
RUN records_object_8m parse baseline None 3 10 159.63 
RUN records_object_8m parse perry None 3 10 163.06 
RUN records_object_8m parse perry None 4 10 163.27 
RUN records_object_8m parse node None 4 10 221.69 
RUN records_object_8m parse bun None 4 10 184.03 
RUN records_object_8m parse baseline None 4 10 159.61 
RUN records_object_8m stringify node None 0 29 194.04 
RUN records_object_8m stringify bun None 0 29 221.13 
RUN records_object_8m stringify perry None 0 29 138.58 
RUN records_object_8m stringify baseline None 0 29 138.94 
RUN records_object_8m stringify perry None 1 29 138.52 
RUN records_object_8m stringify node None 1 29 192.9 
RUN records_object_8m stringify bun None 1 29 221.6 
RUN records_object_8m stringify baseline None 1 29 138.82 
RUN records_object_8m stringify node None 2 29 194.3 
RUN records_object_8m stringify baseline None 2 29 138.5 
RUN records_object_8m stringify perry None 2 29 142.28 
RUN records_object_8m stringify bun None 2 29 222.62 
RUN records_object_8m stringify baseline None 3 29 138.57 
RUN records_object_8m stringify perry None 3 29 137.45 
RUN records_object_8m stringify node None 3 29 193.69 
RUN records_object_8m stringify bun None 3 29 223.48 
RUN records_object_8m stringify bun None 4 29 223.45 
RUN records_object_8m stringify perry None 4 29 137.95 
RUN records_object_8m stringify node None 4 29 193.89 
RUN records_object_8m stringify baseline None 4 29 138.43 
RUN records_array_20m parse perry None 0 4 160.91 
RUN records_array_20m parse node None 0 4 252.55 
RUN records_array_20m parse baseline None 0 4 158.17 
RUN records_array_20m parse bun None 0 4 174.94 
RUN records_array_20m parse perry None 1 4 160.58 
RUN records_array_20m parse node None 1 4 252.06 
RUN records_array_20m parse baseline None 1 4 158.25 
RUN records_array_20m parse bun None 1 4 175.81 
RUN records_array_20m parse perry None 2 4 161.02 
RUN records_array_20m parse node None 2 4 236.82 
RUN records_array_20m parse baseline None 2 4 157.92 
RUN records_array_20m parse bun None 2 4 175.69 
RUN records_array_20m parse bun None 3 4 175.41 
RUN records_array_20m parse node None 3 4 230.23 
RUN records_array_20m parse perry None 3 4 160.3 
RUN records_array_20m parse baseline None 3 4 158.02 
RUN records_array_20m parse bun None 4 4 178.37 
RUN records_array_20m parse perry None 4 4 160.12 
RUN records_array_20m parse node None 4 4 232.75 
RUN records_array_20m parse baseline None 4 4 158.12 
RUN records_array_20m stringify node None 0 12 205.69 
RUN records_array_20m stringify perry None 0 12 140.89 
RUN records_array_20m stringify baseline None 0 12 141.94 
RUN records_array_20m stringify bun None 0 12 228.94 
RUN records_array_20m stringify bun None 1 12 229.44 
RUN records_array_20m stringify perry None 1 12 140.74 
RUN records_array_20m stringify node None 1 12 205.58 
RUN records_array_20m stringify baseline None 1 12 141.64 
RUN records_array_20m stringify bun None 2 12 228.89 
RUN records_array_20m stringify node None 2 12 205.89 
RUN records_array_20m stringify baseline None 2 12 141.86 
RUN records_array_20m stringify perry None 2 12 140.86 
RUN records_array_20m stringify node None 3 12 205.37 
RUN records_array_20m stringify baseline None 3 12 141.89 
RUN records_array_20m stringify bun None 3 12 229.01 
RUN records_array_20m stringify perry None 3 12 140.68 
RUN records_array_20m stringify node None 4 12 205.55 
RUN records_array_20m stringify baseline None 4 12 141.79 
RUN records_array_20m stringify bun None 4 12 229.23 
RUN records_array_20m stringify perry None 4 12 140.76 
RUN records_array_20m sparse baseline None 0 4 158.13 
RUN records_array_20m sparse perry None 0 4 160.43 
RUN records_array_20m sparse node None 0 4 238.2 
RUN records_array_20m sparse bun None 0 4 175.58 
RUN records_array_20m sparse node None 1 4 235.99 
RUN records_array_20m sparse baseline None 1 4 157.94 
RUN records_array_20m sparse perry None 1 4 160.45 
RUN records_array_20m sparse bun None 1 4 175.21 
RUN records_array_20m sparse node None 2 4 233.1 
RUN records_array_20m sparse baseline None 2 4 158.14 
RUN records_array_20m sparse perry None 2 4 161.13 
RUN records_array_20m sparse bun None 2 4 175.34 
RUN records_array_20m sparse node None 3 4 226.58 
RUN records_array_20m sparse baseline None 3 4 158.0 
RUN records_array_20m sparse perry None 3 4 160.54 
RUN records_array_20m sparse bun None 3 4 175.42 
RUN records_array_20m sparse node None 4 4 238.47 
RUN records_array_20m sparse bun None 4 4 175.06 
RUN records_array_20m sparse baseline None 4 4 158.21 
RUN records_array_20m sparse perry None 4 4 160.53 
RUN records_array_20m scan node None 0 4 225.05 
RUN records_array_20m scan baseline None 0 4 162.0 
RUN records_array_20m scan bun None 0 4 177.22 
RUN records_array_20m scan perry None 0 4 164.29 
RUN records_array_20m scan bun None 1 4 178.86 
RUN records_array_20m scan perry None 1 4 164.94 
RUN records_array_20m scan node None 1 4 243.38 
RUN records_array_20m scan baseline None 1 4 161.7 
RUN records_array_20m scan baseline None 2 4 161.86 
RUN records_array_20m scan perry None 2 4 165.25 
RUN records_array_20m scan node None 2 4 221.9 
RUN records_array_20m scan bun None 2 4 200.23 
RUN records_array_20m scan node None 3 4 238.36 
RUN records_array_20m scan bun None 3 4 178.62 
RUN records_array_20m scan baseline None 3 4 161.86 
RUN records_array_20m scan perry None 3 4 164.26 
RUN records_array_20m scan baseline None 4 4 162.04 
RUN records_array_20m scan node None 4 4 234.99 
RUN records_array_20m scan perry None 4 4 164.79 
RUN records_array_20m scan bun None 4 4 178.94 
RUN records_array_20m roundtrip baseline None 0 2 198.6 
RUN records_array_20m roundtrip node None 0 2 149.45 
RUN records_array_20m roundtrip bun None 0 2 130.0 
RUN records_array_20m roundtrip perry None 0 2 199.03 
RUN records_array_20m roundtrip bun None 1 2 129.98 
RUN records_array_20m roundtrip node None 1 2 154.28 
RUN records_array_20m roundtrip baseline None 1 2 198.11 
RUN records_array_20m roundtrip perry None 1 2 198.87 
RUN records_array_20m roundtrip node None 2 2 147.35 
RUN records_array_20m roundtrip perry None 2 2 199.8 
RUN records_array_20m roundtrip baseline None 2 2 198.13 
RUN records_array_20m roundtrip bun None 2 2 130.56 
RUN records_array_20m roundtrip perry None 3 2 200.34 
RUN records_array_20m roundtrip node None 3 2 156.6 
RUN records_array_20m roundtrip bun None 3 2 130.03 
RUN records_array_20m roundtrip baseline None 3 2 197.71 
RUN records_array_20m roundtrip baseline None 4 2 198.17 
RUN records_array_20m roundtrip perry None 4 2 199.65 
RUN records_array_20m roundtrip node None 4 2 153.03 
RUN records_array_20m roundtrip bun None 4 2 129.78 
RUN records_object_20m parse perry None 0 4 161.51 
RUN records_object_20m parse baseline None 0 4 157.94 
RUN records_object_20m parse bun None 0 4 175.11 
RUN records_object_20m parse node None 0 4 245.3 
RUN records_object_20m parse bun None 1 4 177.85 
RUN records_object_20m parse baseline None 1 4 157.89 
RUN records_object_20m parse perry None 1 4 161.09 
RUN records_object_20m parse node None 1 4 243.78 
RUN records_object_20m parse perry None 2 4 161.11 
RUN records_object_20m parse bun None 2 4 175.22 
RUN records_object_20m parse node None 2 4 230.52 
RUN records_object_20m parse baseline None 2 4 157.75 
RUN records_object_20m parse perry None 3 4 160.99 
RUN records_object_20m parse node None 3 4 244.95 
RUN records_object_20m parse bun None 3 4 176.8 
RUN records_object_20m parse baseline None 3 4 157.72 
RUN records_object_20m parse baseline None 4 4 157.99 
RUN records_object_20m parse bun None 4 4 175.19 
RUN records_object_20m parse node None 4 4 249.4 
RUN records_object_20m parse perry None 4 4 161.09 
RUN records_object_20m stringify perry None 0 12 140.84 
RUN records_object_20m stringify baseline None 0 12 141.73 
RUN records_object_20m stringify node None 0 12 205.46 
RUN records_object_20m stringify bun None 0 12 229.04 
RUN records_object_20m stringify baseline None 1 12 141.76 
RUN records_object_20m stringify perry None 1 12 140.7 
RUN records_object_20m stringify node None 1 12 205.74 
RUN records_object_20m stringify bun None 1 12 229.27 
RUN records_object_20m stringify bun None 2 12 229.49 
RUN records_object_20m stringify node None 2 12 206.07 
RUN records_object_20m stringify baseline None 2 12 141.95 
RUN records_object_20m stringify perry None 2 12 140.53 
RUN records_object_20m stringify baseline None 3 12 141.92 
RUN records_object_20m stringify bun None 3 12 229.57 
RUN records_object_20m stringify perry None 3 12 140.88 
RUN records_object_20m stringify node None 3 12 205.99 
RUN records_object_20m stringify node None 4 12 205.59 
RUN records_object_20m stringify baseline None 4 12 142.13 
RUN records_object_20m stringify perry None 4 12 140.42 
RUN records_object_20m stringify bun None 4 12 229.43 
RUN numbers_1m parse baseline None 0 100 159.13 
RUN numbers_1m parse perry None 0 100 159.38 
RUN numbers_1m parse node None 0 100 307.6 
RUN numbers_1m parse bun None 0 100 319.04 
RUN numbers_1m parse baseline None 1 100 159.07 
RUN numbers_1m parse perry None 1 100 158.91 
RUN numbers_1m parse bun None 1 100 319.61 
RUN numbers_1m parse node None 1 100 307.56 
RUN numbers_1m parse perry None 2 100 159.16 
RUN numbers_1m parse node None 2 100 308.1 
RUN numbers_1m parse baseline None 2 100 159.37 
RUN numbers_1m parse bun None 2 100 319.28 
RUN numbers_1m parse bun None 3 100 321.14 
RUN numbers_1m parse perry None 3 100 159.5 
RUN numbers_1m parse baseline None 3 100 159.17 
RUN numbers_1m parse node None 3 100 307.82 
RUN numbers_1m parse perry None 4 100 159.19 
RUN numbers_1m parse bun None 4 100 319.23 
RUN numbers_1m parse baseline None 4 100 159.38 
RUN numbers_1m parse node None 4 100 308.11 
RUN numbers_1m stringify baseline None 0 147 149.52 
RUN numbers_1m stringify node None 0 147 285.84 
RUN numbers_1m stringify bun None 0 147 431.87 
RUN numbers_1m stringify perry None 0 147 148.69 
RUN numbers_1m stringify node None 1 147 285.8 
RUN numbers_1m stringify bun None 1 147 431.35 
RUN numbers_1m stringify baseline None 1 147 149.23 
RUN numbers_1m stringify perry None 1 147 148.91 
RUN numbers_1m stringify baseline None 2 147 149.42 
RUN numbers_1m stringify bun None 2 147 431.9 
RUN numbers_1m stringify node None 2 147 285.48 
RUN numbers_1m stringify perry None 2 147 148.88 
RUN numbers_1m stringify bun None 3 147 431.79 
RUN numbers_1m stringify baseline None 3 147 149.34 
RUN numbers_1m stringify perry None 3 147 148.66 
RUN numbers_1m stringify node None 3 147 286.08 
RUN numbers_1m stringify node None 4 147 285.68 
RUN numbers_1m stringify bun None 4 147 432.33 
RUN numbers_1m stringify perry None 4 147 149.57 
RUN numbers_1m stringify baseline None 4 147 154.03 
RUN long_string_1m parse perry None 0 2841 0.99 
RUN long_string_1m parse node None 0 2841 1031.18 
RUN long_string_1m parse baseline None 0 2841 0.99 
RUN long_string_1m parse bun None 0 2841 179.78 
RUN long_string_1m parse node None 1 2841 1041.42 
RUN long_string_1m parse perry None 1 2841 1.0 
RUN long_string_1m parse bun None 1 2841 179.17 
RUN long_string_1m parse baseline None 1 2841 0.98 
RUN long_string_1m parse bun None 2 2841 180.78 
RUN long_string_1m parse baseline None 2 2841 0.98 
RUN long_string_1m parse perry None 2 2841 0.99 
RUN long_string_1m parse node None 2 2841 1029.81 
RUN long_string_1m parse node None 3 2841 1029.83 
RUN long_string_1m parse baseline None 3 2841 0.98 
RUN long_string_1m parse perry None 3 2841 0.99 
RUN long_string_1m parse bun None 3 2841 179.63 
RUN long_string_1m parse baseline None 4 2841 0.99 
RUN long_string_1m parse bun None 4 2841 179.82 
RUN long_string_1m parse node None 4 2841 1029.13 
RUN long_string_1m parse perry None 4 2841 0.99 
RUN long_string_1m stringify node None 0 1915 201.12 
RUN long_string_1m stringify bun None 0 1915 179.59 
RUN long_string_1m stringify perry None 0 1915 66.27 
RUN long_string_1m stringify baseline None 0 1915 68.85 
RUN long_string_1m stringify baseline None 1 1915 68.03 
RUN long_string_1m stringify bun None 1 1915 179.23 
RUN long_string_1m stringify perry None 1 1915 68.1 
RUN long_string_1m stringify node None 1 1915 190.86 
RUN long_string_1m stringify bun None 2 1915 179.16 
RUN long_string_1m stringify perry None 2 1915 71.01 
RUN long_string_1m stringify baseline None 2 1915 59.98 
RUN long_string_1m stringify node None 2 1915 191.1 
RUN long_string_1m stringify perry None 3 1915 65.87 
RUN long_string_1m stringify baseline None 3 1915 70.51 
RUN long_string_1m stringify bun None 3 1915 179.4 
RUN long_string_1m stringify node None 3 1915 190.8 
RUN long_string_1m stringify perry None 4 1915 65.54 
RUN long_string_1m stringify bun None 4 1915 179.7 
RUN long_string_1m stringify node None 4 1915 185.5 
RUN long_string_1m stringify baseline None 4 1915 64.24 
RUN escaped_1m parse baseline None 0 158 156.28 
RUN escaped_1m parse perry None 0 158 156.4 
RUN escaped_1m parse node None 0 158 274.06 
RUN escaped_1m parse bun None 0 158 327.04 
RUN escaped_1m parse bun None 1 158 327.0 
RUN escaped_1m parse baseline None 1 158 156.37 
RUN escaped_1m parse perry None 1 158 156.25 
RUN escaped_1m parse node None 1 158 273.95 
RUN escaped_1m parse perry None 2 158 156.16 
RUN escaped_1m parse node None 2 158 274.2 
RUN escaped_1m parse bun None 2 158 326.94 
RUN escaped_1m parse baseline None 2 158 155.99 
RUN escaped_1m parse perry None 3 158 155.91 
RUN escaped_1m parse baseline None 3 158 156.21 
RUN escaped_1m parse bun None 3 158 326.87 
RUN escaped_1m parse node None 3 158 274.35 
RUN escaped_1m parse perry None 4 158 156.18 
RUN escaped_1m parse node None 4 158 274.09 
RUN escaped_1m parse bun None 4 158 326.61 
RUN escaped_1m parse baseline None 4 158 156.27 
RUN escaped_1m stringify perry None 0 167 147.7 
RUN escaped_1m stringify node None 0 167 311.33 
RUN escaped_1m stringify baseline None 0 167 147.53 
RUN escaped_1m stringify bun None 0 167 347.99 
RUN escaped_1m stringify node None 1 167 311.49 
RUN escaped_1m stringify perry None 1 167 147.58 
RUN escaped_1m stringify baseline None 1 167 147.55 
RUN escaped_1m stringify bun None 1 167 346.79 
RUN escaped_1m stringify bun None 2 167 347.48 
RUN escaped_1m stringify baseline None 2 167 147.66 
RUN escaped_1m stringify perry None 2 167 147.62 
RUN escaped_1m stringify node None 2 167 312.99 
RUN escaped_1m stringify bun None 3 167 347.33 
RUN escaped_1m stringify perry None 3 167 147.63 
RUN escaped_1m stringify node None 3 167 310.68 
RUN escaped_1m stringify baseline None 3 167 147.4 
RUN escaped_1m stringify baseline None 4 167 147.57 
RUN escaped_1m stringify bun None 4 167 348.59 
RUN escaped_1m stringify perry None 4 167 149.88 
RUN escaped_1m stringify node None 4 167 312.36 
RUN unicode_1m parse node None 0 2803 1225.73 
RUN unicode_1m parse perry None 0 2803 0.98 
RUN unicode_1m parse bun None 0 2803 159.98 
RUN unicode_1m parse baseline None 0 2803 0.97 
RUN unicode_1m parse perry None 1 2803 0.98 
RUN unicode_1m parse node None 1 2803 1228.02 
RUN unicode_1m parse bun None 1 2803 161.24 
RUN unicode_1m parse baseline None 1 2803 0.97 
RUN unicode_1m parse perry None 2 2803 0.98 
RUN unicode_1m parse node None 2 2803 1231.59 
RUN unicode_1m parse bun None 2 2803 159.88 
RUN unicode_1m parse baseline None 2 2803 0.97 
RUN unicode_1m parse perry None 3 2803 0.98 
RUN unicode_1m parse bun None 3 2803 159.35 
RUN unicode_1m parse node None 3 2803 1226.02 
RUN unicode_1m parse baseline None 3 2803 0.97 
RUN unicode_1m parse perry None 4 2803 0.98 
RUN unicode_1m parse node None 4 2803 1227.5 
RUN unicode_1m parse baseline None 4 2803 0.97 
RUN unicode_1m parse bun None 4 2803 159.39 
RUN unicode_1m stringify bun None 0 2444 1091.01 
RUN unicode_1m stringify node None 0 2444 997.37 
RUN unicode_1m stringify baseline None 0 2444 68.51 
RUN unicode_1m stringify perry None 0 2444 70.9 
RUN unicode_1m stringify baseline None 1 2444 64.54 
RUN unicode_1m stringify perry None 1 2444 76.79 
RUN unicode_1m stringify bun None 1 2444 1090.2 
RUN unicode_1m stringify node None 1 2444 997.27 
RUN unicode_1m stringify perry None 2 2444 75.12 
RUN unicode_1m stringify bun None 2 2444 1098.78 
RUN unicode_1m stringify node None 2 2444 996.86 
RUN unicode_1m stringify baseline None 2 2444 69.38 
RUN unicode_1m stringify node None 3 2444 997.73 
RUN unicode_1m stringify baseline None 3 2444 77.06 
RUN unicode_1m stringify perry None 3 2444 73.2 
RUN unicode_1m stringify bun None 3 2444 1091.33 
RUN unicode_1m stringify bun None 4 2444 1090.34 
RUN unicode_1m stringify baseline None 4 2444 65.77 
RUN unicode_1m stringify node None 4 2444 1002.77 
RUN unicode_1m stringify perry None 4 2444 66.56 
RUN wide_1m parse perry None 0 64 187.47 
RUN wide_1m parse baseline None 0 64 185.36 
RUN wide_1m parse bun None 0 64 263.23 
RUN wide_1m parse node None 0 64 325.79 
RUN wide_1m parse node None 1 64 326.1 
RUN wide_1m parse baseline None 1 64 185.05 
RUN wide_1m parse bun None 1 64 263.93 
RUN wide_1m parse perry None 1 64 186.98 
RUN wide_1m parse baseline None 2 64 185.71 
RUN wide_1m parse perry None 2 64 187.11 
RUN wide_1m parse node None 2 64 321.41 
RUN wide_1m parse bun None 2 64 263.78 
RUN wide_1m parse bun None 3 64 264.39 
RUN wide_1m parse perry None 3 64 187.75 
RUN wide_1m parse node None 3 64 326.62 
RUN wide_1m parse baseline None 3 64 185.27 
RUN wide_1m parse baseline None 4 64 185.33 
RUN wide_1m parse bun None 4 64 264.33 
RUN wide_1m parse perry None 4 64 186.72 
RUN wide_1m parse node None 4 64 326.59 
RUN wide_1m stringify bun None 0 235 155.1 
RUN wide_1m stringify baseline None 0 235 148.7 
RUN wide_1m stringify node None 0 235 1463.97 
RUN wide_1m stringify perry None 0 235 148.64 
RUN wide_1m stringify node None 1 235 1487.58 
RUN wide_1m stringify perry None 1 235 148.77 
RUN wide_1m stringify baseline None 1 235 148.73 
RUN wide_1m stringify bun None 1 235 155.19 
RUN wide_1m stringify bun None 2 235 155.28 
RUN wide_1m stringify perry None 2 235 148.72 
RUN wide_1m stringify baseline None 2 235 148.52 
RUN wide_1m stringify node None 2 235 1470.69 
RUN wide_1m stringify perry None 3 235 148.78 
RUN wide_1m stringify bun None 3 235 155.25 
RUN wide_1m stringify node None 3 235 1492.72 
RUN wide_1m stringify baseline None 3 235 148.69 
RUN wide_1m stringify node None 4 235 1476.32 
RUN wide_1m stringify bun None 4 235 155.09 
RUN wide_1m stringify baseline None 4 235 148.87 
RUN wide_1m stringify perry None 4 235 148.65 
RUN heterogeneous_1m parse bun None 0 111 320.42 
RUN heterogeneous_1m parse node None 0 111 431.75 
RUN heterogeneous_1m parse perry None 0 111 156.68 
RUN heterogeneous_1m parse baseline None 0 111 156.01 
RUN heterogeneous_1m parse bun None 1 111 318.47 
RUN heterogeneous_1m parse baseline None 1 111 156.03 
RUN heterogeneous_1m parse perry None 1 111 157.15 
RUN heterogeneous_1m parse node None 1 111 421.49 
RUN heterogeneous_1m parse node None 2 111 434.37 
RUN heterogeneous_1m parse perry None 2 111 156.34 
RUN heterogeneous_1m parse baseline None 2 111 156.47 
RUN heterogeneous_1m parse bun None 2 111 317.21 
RUN heterogeneous_1m parse node None 3 111 427.96 
RUN heterogeneous_1m parse perry None 3 111 156.55 
RUN heterogeneous_1m parse bun None 3 111 320.82 
RUN heterogeneous_1m parse baseline None 3 111 156.37 
RUN heterogeneous_1m parse perry None 4 111 157.04 
RUN heterogeneous_1m parse bun None 4 111 317.91 
RUN heterogeneous_1m parse baseline None 4 111 156.02 
RUN heterogeneous_1m parse node None 4 111 429.98 
RUN heterogeneous_1m stringify node None 0 218 188.31 
RUN heterogeneous_1m stringify perry None 0 218 157.72 
RUN heterogeneous_1m stringify baseline None 0 218 156.77 
RUN heterogeneous_1m stringify bun None 0 218 229.23 
RUN heterogeneous_1m stringify node None 1 218 188.35 
RUN heterogeneous_1m stringify baseline None 1 218 155.99 
RUN heterogeneous_1m stringify bun None 1 218 230.23 
RUN heterogeneous_1m stringify perry None 1 218 155.91 
RUN heterogeneous_1m stringify baseline None 2 218 155.75 
RUN heterogeneous_1m stringify node None 2 218 188.4 
RUN heterogeneous_1m stringify perry None 2 218 155.93 
RUN heterogeneous_1m stringify bun None 2 218 229.94 
RUN heterogeneous_1m stringify node None 3 218 188.82 
RUN heterogeneous_1m stringify bun None 3 218 229.63 
RUN heterogeneous_1m stringify perry None 3 218 155.72 
RUN heterogeneous_1m stringify baseline None 3 218 155.74 
RUN heterogeneous_1m stringify node None 4 218 188.37 
RUN heterogeneous_1m stringify bun None 4 218 229.81 
RUN heterogeneous_1m stringify baseline None 4 218 155.64 
RUN heterogeneous_1m stringify perry None 4 218 155.61 
MEM tiny_object retain-parse perry 1 12.0 
MEM tiny_object retain-parse node 1 52.7 
MEM tiny_object retain-parse bun 1 28.3 
MEM tiny_object retain-parse baseline 1 11.8 
MEM tiny_object retain-parse perry 1 12.0 
MEM tiny_object retain-parse node 1 52.8 
MEM tiny_object retain-parse bun 1 28.3 
MEM tiny_object retain-parse baseline 1 11.8 
MEM tiny_object retain-parse perry 1 12.0 
MEM tiny_object retain-parse node 1 52.7 
MEM tiny_object retain-parse bun 1 28.3 
MEM tiny_object retain-parse baseline 1 11.8 
MEM tiny_object retain-parse perry 1 12.0 
MEM tiny_object retain-parse node 1 52.7 
MEM tiny_object retain-parse bun 1 28.4 
MEM tiny_object retain-parse baseline 1 11.8 
MEM tiny_object retain-parse perry 1 12.0 
MEM tiny_object retain-parse node 1 52.7 
MEM tiny_object retain-parse bun 1 28.3 
MEM tiny_object retain-parse baseline 1 11.8 
MEM tiny_object retain-parse perry 200000 24.5 
MEM tiny_object retain-parse node 200000 74.8 
MEM tiny_object retain-parse bun 200000 50.2 
MEM tiny_object retain-parse baseline 200000 24.3 
MEM tiny_object retain-parse perry 200000 24.5 
MEM tiny_object retain-parse node 200000 74.8 
MEM tiny_object retain-parse bun 200000 50.2 
MEM tiny_object retain-parse baseline 200000 24.3 
MEM tiny_object retain-parse perry 200000 24.5 
MEM tiny_object retain-parse node 200000 74.8 
MEM tiny_object retain-parse bun 200000 50.2 
MEM tiny_object retain-parse baseline 200000 24.3 
MEM tiny_object retain-parse perry 200000 24.5 
MEM tiny_object retain-parse node 200000 74.9 
MEM tiny_object retain-parse bun 200000 50.2 
MEM tiny_object retain-parse baseline 200000 24.3 
MEM tiny_object retain-parse perry 200000 24.5 
MEM tiny_object retain-parse node 200000 74.8 
MEM tiny_object retain-parse bun 200000 50.2 
MEM tiny_object retain-parse baseline 200000 24.3 
MEM tiny_object retain-stringify perry 1 12.0 
MEM tiny_object retain-stringify node 1 52.8 
MEM tiny_object retain-stringify bun 1 28.3 
MEM tiny_object retain-stringify baseline 1 11.9 
MEM tiny_object retain-stringify perry 1 12.0 
MEM tiny_object retain-stringify node 1 52.8 
MEM tiny_object retain-stringify bun 1 28.3 
MEM tiny_object retain-stringify baseline 1 11.9 
MEM tiny_object retain-stringify perry 1 12.0 
MEM tiny_object retain-stringify node 1 52.8 
MEM tiny_object retain-stringify bun 1 28.3 
MEM tiny_object retain-stringify baseline 1 11.9 
MEM tiny_object retain-stringify perry 1 12.0 
MEM tiny_object retain-stringify node 1 52.9 
MEM tiny_object retain-stringify bun 1 28.3 
MEM tiny_object retain-stringify baseline 1 11.9 
MEM tiny_object retain-stringify perry 1 12.0 
MEM tiny_object retain-stringify node 1 52.8 
MEM tiny_object retain-stringify bun 1 28.3 
MEM tiny_object retain-stringify baseline 1 11.9 
MEM tiny_object retain-stringify perry 200000 24.5 
MEM tiny_object retain-stringify node 200000 71.4 
MEM tiny_object retain-stringify bun 200000 47.0 
MEM tiny_object retain-stringify baseline 200000 24.4 
MEM tiny_object retain-stringify perry 200000 24.5 
MEM tiny_object retain-stringify node 200000 71.3 
MEM tiny_object retain-stringify bun 200000 47.0 
MEM tiny_object retain-stringify baseline 200000 24.4 
MEM tiny_object retain-stringify perry 200000 24.5 
MEM tiny_object retain-stringify node 200000 71.3 
MEM tiny_object retain-stringify bun 200000 47.0 
MEM tiny_object retain-stringify baseline 200000 24.4 
MEM tiny_object retain-stringify perry 200000 24.5 
MEM tiny_object retain-stringify node 200000 71.3 
MEM tiny_object retain-stringify bun 200000 47.1 
MEM tiny_object retain-stringify baseline 200000 24.4 
MEM tiny_object retain-stringify perry 200000 24.5 
MEM tiny_object retain-stringify node 200000 71.4 
MEM tiny_object retain-stringify bun 200000 47.0 
MEM tiny_object retain-stringify baseline 200000 24.4 
MEM small_record retain-parse perry 1 11.9 
MEM small_record retain-parse node 1 52.7 
MEM small_record retain-parse bun 1 28.2 
MEM small_record retain-parse baseline 1 11.8 
MEM small_record retain-parse perry 1 11.9 
MEM small_record retain-parse node 1 52.8 
MEM small_record retain-parse bun 1 28.3 
MEM small_record retain-parse baseline 1 11.8 
MEM small_record retain-parse perry 1 12.0 
MEM small_record retain-parse node 1 52.7 
MEM small_record retain-parse bun 1 28.3 
MEM small_record retain-parse baseline 1 11.8 
MEM small_record retain-parse perry 1 11.9 
MEM small_record retain-parse node 1 52.8 
MEM small_record retain-parse bun 1 28.3 
MEM small_record retain-parse baseline 1 11.8 
MEM small_record retain-parse perry 1 11.9 
MEM small_record retain-parse node 1 52.8 
MEM small_record retain-parse bun 1 28.3 
MEM small_record retain-parse baseline 1 11.8 
MEM small_record retain-parse perry 100000 24.5 
MEM small_record retain-parse node 100000 85.5 
MEM small_record retain-parse bun 100000 52.7 
MEM small_record retain-parse baseline 100000 24.3 
MEM small_record retain-parse perry 100000 24.5 
MEM small_record retain-parse node 100000 85.6 
MEM small_record retain-parse bun 100000 52.7 
MEM small_record retain-parse baseline 100000 24.3 
MEM small_record retain-parse perry 100000 24.5 
MEM small_record retain-parse node 100000 85.6 
MEM small_record retain-parse bun 100000 52.7 
MEM small_record retain-parse baseline 100000 24.3 
MEM small_record retain-parse perry 100000 24.5 
MEM small_record retain-parse node 100000 86.2 
MEM small_record retain-parse bun 100000 52.7 
MEM small_record retain-parse baseline 100000 24.3 
MEM small_record retain-parse perry 100000 24.5 
MEM small_record retain-parse node 100000 86.1 
MEM small_record retain-parse bun 100000 52.7 
MEM small_record retain-parse baseline 100000 24.3 
MEM small_record retain-stringify perry 1 12.0 
MEM small_record retain-stringify node 1 52.9 
MEM small_record retain-stringify bun 1 28.3 
MEM small_record retain-stringify baseline 1 11.9 
MEM small_record retain-stringify perry 1 12.0 
MEM small_record retain-stringify node 1 52.9 
MEM small_record retain-stringify bun 1 28.3 
MEM small_record retain-stringify baseline 1 11.9 
MEM small_record retain-stringify perry 1 12.0 
MEM small_record retain-stringify node 1 52.9 
MEM small_record retain-stringify bun 1 28.4 
MEM small_record retain-stringify baseline 1 11.9 
MEM small_record retain-stringify perry 1 12.0 
MEM small_record retain-stringify node 1 52.8 
MEM small_record retain-stringify bun 1 28.3 
MEM small_record retain-stringify baseline 1 11.9 
MEM small_record retain-stringify perry 1 12.0 
MEM small_record retain-stringify node 1 52.8 
MEM small_record retain-stringify bun 1 28.3 
MEM small_record retain-stringify baseline 1 11.9 
MEM small_record retain-stringify perry 100000 27.7 
MEM small_record retain-stringify node 100000 80.5 
MEM small_record retain-stringify bun 100000 51.1 
MEM small_record retain-stringify baseline 100000 27.6 
MEM small_record retain-stringify perry 100000 27.7 
MEM small_record retain-stringify node 100000 80.4 
MEM small_record retain-stringify bun 100000 51.1 
MEM small_record retain-stringify baseline 100000 27.5 
MEM small_record retain-stringify perry 100000 27.7 
MEM small_record retain-stringify node 100000 80.3 
MEM small_record retain-stringify bun 100000 51.1 
MEM small_record retain-stringify baseline 100000 27.6 
MEM small_record retain-stringify perry 100000 27.7 
MEM small_record retain-stringify node 100000 80.4 
MEM small_record retain-stringify bun 100000 51.1 
MEM small_record retain-stringify baseline 100000 27.5 
MEM small_record retain-stringify perry 100000 27.7 
MEM small_record retain-stringify node 100000 80.4 
MEM small_record retain-stringify bun 100000 51.1 
MEM small_record retain-stringify baseline 100000 27.6 
MEM records_array_1m retain-parse perry 1 16.6 
MEM records_array_1m retain-parse node 1 58.4 
MEM records_array_1m retain-parse bun 1 31.6 
MEM records_array_1m retain-parse baseline 1 16.5 
MEM records_array_1m retain-parse perry 1 16.6 
MEM records_array_1m retain-parse node 1 58.5 
MEM records_array_1m retain-parse bun 1 31.7 
MEM records_array_1m retain-parse baseline 1 16.5 
MEM records_array_1m retain-parse perry 1 16.7 
MEM records_array_1m retain-parse node 1 58.5 
MEM records_array_1m retain-parse bun 1 31.7 
MEM records_array_1m retain-parse baseline 1 16.5 
MEM records_array_1m retain-parse perry 1 16.7 
MEM records_array_1m retain-parse node 1 58.5 
MEM records_array_1m retain-parse bun 1 31.7 
MEM records_array_1m retain-parse baseline 1 16.5 
MEM records_array_1m retain-parse perry 1 16.6 
MEM records_array_1m retain-parse node 1 58.4 
MEM records_array_1m retain-parse bun 1 31.7 
MEM records_array_1m retain-parse baseline 1 16.5 
MEM records_array_1m retain-parse perry 16 40.5 
MEM records_array_1m retain-parse node 16 88.8 
MEM records_array_1m retain-parse bun 16 55.9 
MEM records_array_1m retain-parse baseline 16 40.4 
MEM records_array_1m retain-parse perry 16 40.5 
MEM records_array_1m retain-parse node 16 88.6 
MEM records_array_1m retain-parse bun 16 56.0 
MEM records_array_1m retain-parse baseline 16 40.4 
MEM records_array_1m retain-parse perry 16 40.5 
MEM records_array_1m retain-parse node 16 88.7 
MEM records_array_1m retain-parse bun 16 55.9 
MEM records_array_1m retain-parse baseline 16 40.4 
MEM records_array_1m retain-parse perry 16 40.5 
MEM records_array_1m retain-parse node 16 88.9 
MEM records_array_1m retain-parse bun 16 55.9 
MEM records_array_1m retain-parse baseline 16 40.4 
MEM records_array_1m retain-parse perry 16 40.5 
MEM records_array_1m retain-parse node 16 88.6 
MEM records_array_1m retain-parse bun 16 55.9 
MEM records_array_1m retain-parse baseline 16 40.4 
MEM records_array_1m retain-stringify perry 1 19.2 
MEM records_array_1m retain-stringify node 1 60.6 
MEM records_array_1m retain-stringify bun 1 34.5 
MEM records_array_1m retain-stringify baseline 1 19.1 
MEM records_array_1m retain-stringify perry 1 19.2 
MEM records_array_1m retain-stringify node 1 60.5 
MEM records_array_1m retain-stringify bun 1 34.5 
MEM records_array_1m retain-stringify baseline 1 19.0 
MEM records_array_1m retain-stringify perry 1 19.2 
MEM records_array_1m retain-stringify node 1 60.7 
MEM records_array_1m retain-stringify bun 1 34.5 
MEM records_array_1m retain-stringify baseline 1 19.1 
MEM records_array_1m retain-stringify perry 1 19.2 
MEM records_array_1m retain-stringify node 1 60.6 
MEM records_array_1m retain-stringify bun 1 34.5 
MEM records_array_1m retain-stringify baseline 1 19.0 
MEM records_array_1m retain-stringify perry 1 19.2 
MEM records_array_1m retain-stringify node 1 60.6 
MEM records_array_1m retain-stringify bun 1 34.5 
MEM records_array_1m retain-stringify baseline 1 19.1 
MEM records_array_1m retain-stringify perry 16 31.9 
MEM records_array_1m retain-stringify node 16 76.5 
MEM records_array_1m retain-stringify bun 16 47.3 
MEM records_array_1m retain-stringify baseline 16 31.7 
MEM records_array_1m retain-stringify perry 16 31.9 
MEM records_array_1m retain-stringify node 16 76.5 
MEM records_array_1m retain-stringify bun 16 47.3 
MEM records_array_1m retain-stringify baseline 16 31.7 
MEM records_array_1m retain-stringify perry 16 31.9 
MEM records_array_1m retain-stringify node 16 76.4 
MEM records_array_1m retain-stringify bun 16 47.2 
MEM records_array_1m retain-stringify baseline 16 31.7 
MEM records_array_1m retain-stringify perry 16 31.9 
MEM records_array_1m retain-stringify node 16 76.4 
MEM records_array_1m retain-stringify bun 16 47.3 
MEM records_array_1m retain-stringify baseline 16 31.7 
MEM records_array_1m retain-stringify perry 16 31.9 
MEM records_array_1m retain-stringify node 16 76.4 
MEM records_array_1m retain-stringify bun 16 47.3 
MEM records_array_1m retain-stringify baseline 16 31.7 
MEM records_object_1m retain-parse perry 1 15.4 
MEM records_object_1m retain-parse node 1 58.5 
MEM records_object_1m retain-parse bun 1 31.7 
MEM records_object_1m retain-parse baseline 1 15.3 
MEM records_object_1m retain-parse perry 1 15.4 
MEM records_object_1m retain-parse node 1 58.4 
MEM records_object_1m retain-parse bun 1 31.7 
MEM records_object_1m retain-parse baseline 1 15.2 
MEM records_object_1m retain-parse perry 1 15.4 
MEM records_object_1m retain-parse node 1 58.4 
MEM records_object_1m retain-parse bun 1 31.7 
MEM records_object_1m retain-parse baseline 1 15.2 
MEM records_object_1m retain-parse perry 1 15.4 
MEM records_object_1m retain-parse node 1 58.4 
MEM records_object_1m retain-parse bun 1 31.8 
MEM records_object_1m retain-parse baseline 1 15.2 
MEM records_object_1m retain-parse perry 1 15.4 
MEM records_object_1m retain-parse node 1 58.5 
MEM records_object_1m retain-parse bun 1 31.7 
MEM records_object_1m retain-parse baseline 1 15.3 
MEM records_object_1m retain-parse perry 16 52.4 
MEM records_object_1m retain-parse node 16 88.7 
MEM records_object_1m retain-parse bun 16 55.9 
MEM records_object_1m retain-parse baseline 16 52.3 
MEM records_object_1m retain-parse perry 16 52.5 
MEM records_object_1m retain-parse node 16 88.8 
MEM records_object_1m retain-parse bun 16 56.0 
MEM records_object_1m retain-parse baseline 16 52.3 
MEM records_object_1m retain-parse perry 16 52.5 
MEM records_object_1m retain-parse node 16 88.7 
MEM records_object_1m retain-parse bun 16 56.0 
MEM records_object_1m retain-parse baseline 16 52.3 
MEM records_object_1m retain-parse perry 16 52.5 
MEM records_object_1m retain-parse node 16 88.8 
MEM records_object_1m retain-parse bun 16 55.9 
MEM records_object_1m retain-parse baseline 16 52.3 
MEM records_object_1m retain-parse perry 16 52.5 
MEM records_object_1m retain-parse node 16 88.7 
MEM records_object_1m retain-parse bun 16 55.9 
MEM records_object_1m retain-parse baseline 16 52.3 
MEM records_object_1m retain-stringify perry 1 19.2 
MEM records_object_1m retain-stringify node 1 60.6 
MEM records_object_1m retain-stringify bun 1 34.5 
MEM records_object_1m retain-stringify baseline 1 19.1 
MEM records_object_1m retain-stringify perry 1 19.2 
MEM records_object_1m retain-stringify node 1 60.8 
MEM records_object_1m retain-stringify bun 1 34.5 
MEM records_object_1m retain-stringify baseline 1 19.1 
MEM records_object_1m retain-stringify perry 1 19.2 
MEM records_object_1m retain-stringify node 1 60.7 
MEM records_object_1m retain-stringify bun 1 34.5 
MEM records_object_1m retain-stringify baseline 1 19.1 
MEM records_object_1m retain-stringify perry 1 19.2 
MEM records_object_1m retain-stringify node 1 60.6 
MEM records_object_1m retain-stringify bun 1 34.5 
MEM records_object_1m retain-stringify baseline 1 19.1 
MEM records_object_1m retain-stringify perry 1 19.2 
MEM records_object_1m retain-stringify node 1 60.7 
MEM records_object_1m retain-stringify bun 1 34.5 
MEM records_object_1m retain-stringify baseline 1 19.1 
MEM records_object_1m retain-stringify perry 16 31.9 
MEM records_object_1m retain-stringify node 16 76.4 
MEM records_object_1m retain-stringify bun 16 47.3 
MEM records_object_1m retain-stringify baseline 16 31.8 
MEM records_object_1m retain-stringify perry 16 31.9 
MEM records_object_1m retain-stringify node 16 76.4 
MEM records_object_1m retain-stringify bun 16 47.3 
MEM records_object_1m retain-stringify baseline 16 31.8 
MEM records_object_1m retain-stringify perry 16 31.9 
MEM records_object_1m retain-stringify node 16 76.4 
MEM records_object_1m retain-stringify bun 16 47.3 
MEM records_object_1m retain-stringify baseline 16 31.7 
MEM records_object_1m retain-stringify perry 16 31.9 
MEM records_object_1m retain-stringify node 16 76.5 
MEM records_object_1m retain-stringify bun 16 47.3 
MEM records_object_1m retain-stringify baseline 16 31.7 
MEM records_object_1m retain-stringify perry 16 31.9 
MEM records_object_1m retain-stringify node 16 76.4 
MEM records_object_1m retain-stringify bun 16 47.3 
MEM records_object_1m retain-stringify baseline 16 31.7 
MEM records_array_8m retain-parse perry 1 48.6 
MEM records_array_8m retain-parse node 1 94.4 
MEM records_array_8m retain-parse bun 1 52.4 
MEM records_array_8m retain-parse baseline 1 48.5 
MEM records_array_8m retain-parse perry 1 48.6 
MEM records_array_8m retain-parse node 1 94.3 
MEM records_array_8m retain-parse bun 1 52.3 
MEM records_array_8m retain-parse baseline 1 48.5 
MEM records_array_8m retain-parse perry 1 48.6 
MEM records_array_8m retain-parse node 1 94.3 
MEM records_array_8m retain-parse bun 1 52.3 
MEM records_array_8m retain-parse baseline 1 48.5 
MEM records_array_8m retain-parse perry 1 48.6 
MEM records_array_8m retain-parse node 1 94.3 
MEM records_array_8m retain-parse bun 1 52.3 
MEM records_array_8m retain-parse baseline 1 48.5 
MEM records_array_8m retain-parse perry 1 48.6 
MEM records_array_8m retain-parse node 1 94.4 
MEM records_array_8m retain-parse bun 1 52.4 
MEM records_array_8m retain-parse baseline 1 48.5 
MEM records_array_8m retain-parse perry 4 85.3 
MEM records_array_8m retain-parse node 4 146.9 
MEM records_array_8m retain-parse bun 4 91.9 
MEM records_array_8m retain-parse baseline 4 85.2 
MEM records_array_8m retain-parse perry 4 85.3 
MEM records_array_8m retain-parse node 4 147.1 
MEM records_array_8m retain-parse bun 4 92.1 
MEM records_array_8m retain-parse baseline 4 85.2 
MEM records_array_8m retain-parse perry 4 85.3 
MEM records_array_8m retain-parse node 4 146.9 
MEM records_array_8m retain-parse bun 4 92.1 
MEM records_array_8m retain-parse baseline 4 85.2 
MEM records_array_8m retain-parse perry 4 85.3 
MEM records_array_8m retain-parse node 4 147.1 
MEM records_array_8m retain-parse bun 4 92.1 
MEM records_array_8m retain-parse baseline 4 85.2 
MEM records_array_8m retain-parse perry 4 85.3 
MEM records_array_8m retain-parse node 4 146.9 
MEM records_array_8m retain-parse bun 4 91.7 
MEM records_array_8m retain-parse baseline 4 85.2 
MEM records_array_8m retain-stringify perry 1 77.4 
MEM records_array_8m retain-stringify node 1 114.2 
MEM records_array_8m retain-stringify bun 1 73.5 
MEM records_array_8m retain-stringify baseline 1 77.2 
MEM records_array_8m retain-stringify perry 1 77.4 
MEM records_array_8m retain-stringify node 1 114.2 
MEM records_array_8m retain-stringify bun 1 73.5 
MEM records_array_8m retain-stringify baseline 1 77.2 
MEM records_array_8m retain-stringify perry 1 77.4 
MEM records_array_8m retain-stringify node 1 114.2 
MEM records_array_8m retain-stringify bun 1 73.5 
MEM records_array_8m retain-stringify baseline 1 77.2 
MEM records_array_8m retain-stringify perry 1 77.4 
MEM records_array_8m retain-stringify node 1 114.3 
MEM records_array_8m retain-stringify bun 1 73.5 
MEM records_array_8m retain-stringify baseline 1 77.2 
MEM records_array_8m retain-stringify perry 1 77.4 
MEM records_array_8m retain-stringify node 1 114.2 
MEM records_array_8m retain-stringify bun 1 73.5 
MEM records_array_8m retain-stringify baseline 1 77.2 
MEM records_array_8m retain-stringify perry 4 98.7 
MEM records_array_8m retain-stringify node 4 143.8 
MEM records_array_8m retain-stringify bun 4 94.5 
MEM records_array_8m retain-stringify baseline 4 98.5 
MEM records_array_8m retain-stringify perry 4 98.6 
MEM records_array_8m retain-stringify node 4 144.1 
MEM records_array_8m retain-stringify bun 4 94.5 
MEM records_array_8m retain-stringify baseline 4 98.5 
MEM records_array_8m retain-stringify perry 4 98.7 
MEM records_array_8m retain-stringify node 4 144.1 
MEM records_array_8m retain-stringify bun 4 94.5 
MEM records_array_8m retain-stringify baseline 4 98.5 
MEM records_array_8m retain-stringify perry 4 98.7 
MEM records_array_8m retain-stringify node 4 144.1 
MEM records_array_8m retain-stringify bun 4 94.5 
MEM records_array_8m retain-stringify baseline 4 98.5 
MEM records_array_8m retain-stringify perry 4 98.6 
MEM records_array_8m retain-stringify node 4 143.7 
MEM records_array_8m retain-stringify bun 4 94.5 
MEM records_array_8m retain-stringify baseline 4 98.5 
MEM records_object_8m retain-parse perry 1 33.2 
MEM records_object_8m retain-parse node 1 94.3 
MEM records_object_8m retain-parse bun 1 52.4 
MEM records_object_8m retain-parse baseline 1 33.1 
MEM records_object_8m retain-parse perry 1 33.2 
MEM records_object_8m retain-parse node 1 94.4 
MEM records_object_8m retain-parse bun 1 52.4 
MEM records_object_8m retain-parse baseline 1 33.1 
MEM records_object_8m retain-parse perry 1 33.2 
MEM records_object_8m retain-parse node 1 94.4 
MEM records_object_8m retain-parse bun 1 52.3 
MEM records_object_8m retain-parse baseline 1 33.1 
MEM records_object_8m retain-parse perry 1 33.2 
MEM records_object_8m retain-parse node 1 94.4 
MEM records_object_8m retain-parse bun 1 52.4 
MEM records_object_8m retain-parse baseline 1 33.1 
MEM records_object_8m retain-parse perry 1 33.2 
MEM records_object_8m retain-parse node 1 94.4 
MEM records_object_8m retain-parse bun 1 52.4 
MEM records_object_8m retain-parse baseline 1 33.1 
MEM records_object_8m retain-parse perry 4 90.9 
MEM records_object_8m retain-parse node 4 147.1 
MEM records_object_8m retain-parse bun 4 92.2 
MEM records_object_8m retain-parse baseline 4 90.8 
MEM records_object_8m retain-parse perry 4 90.9 
MEM records_object_8m retain-parse node 4 146.7 
MEM records_object_8m retain-parse bun 4 92.0 
MEM records_object_8m retain-parse baseline 4 90.8 
MEM records_object_8m retain-parse perry 4 90.9 
MEM records_object_8m retain-parse node 4 147.1 
MEM records_object_8m retain-parse bun 4 91.8 
MEM records_object_8m retain-parse baseline 4 90.8 
MEM records_object_8m retain-parse perry 4 90.9 
MEM records_object_8m retain-parse node 4 146.8 
MEM records_object_8m retain-parse bun 4 91.9 
MEM records_object_8m retain-parse baseline 4 90.8 
MEM records_object_8m retain-parse perry 4 90.9 
MEM records_object_8m retain-parse node 4 146.6 
MEM records_object_8m retain-parse bun 4 91.9 
MEM records_object_8m retain-parse baseline 4 90.8 
MEM records_object_8m retain-stringify perry 1 77.4 
MEM records_object_8m retain-stringify node 1 114.4 
MEM records_object_8m retain-stringify bun 1 73.5 
MEM records_object_8m retain-stringify baseline 1 77.2 
MEM records_object_8m retain-stringify perry 1 77.4 
MEM records_object_8m retain-stringify node 1 114.3 
MEM records_object_8m retain-stringify bun 1 73.5 
MEM records_object_8m retain-stringify baseline 1 77.2 
MEM records_object_8m retain-stringify perry 1 77.4 
MEM records_object_8m retain-stringify node 1 114.3 
MEM records_object_8m retain-stringify bun 1 73.5 
MEM records_object_8m retain-stringify baseline 1 77.2 
MEM records_object_8m retain-stringify perry 1 77.4 
MEM records_object_8m retain-stringify node 1 114.2 
MEM records_object_8m retain-stringify bun 1 73.5 
MEM records_object_8m retain-stringify baseline 1 77.2 
MEM records_object_8m retain-stringify perry 1 77.4 
MEM records_object_8m retain-stringify node 1 114.2 
MEM records_object_8m retain-stringify bun 1 73.5 
MEM records_object_8m retain-stringify baseline 1 77.2 
MEM records_object_8m retain-stringify perry 4 98.7 
MEM records_object_8m retain-stringify node 4 144.1 
MEM records_object_8m retain-stringify bun 4 94.5 
MEM records_object_8m retain-stringify baseline 4 98.5 
MEM records_object_8m retain-stringify perry 4 98.7 
MEM records_object_8m retain-stringify node 4 144.1 
MEM records_object_8m retain-stringify bun 4 94.5 
MEM records_object_8m retain-stringify baseline 4 98.5 
MEM records_object_8m retain-stringify perry 4 98.7 
MEM records_object_8m retain-stringify node 4 143.9 
MEM records_object_8m retain-stringify bun 4 94.5 
MEM records_object_8m retain-stringify baseline 4 98.5 
MEM records_object_8m retain-stringify perry 4 98.7 
MEM records_object_8m retain-stringify node 4 143.9 
MEM records_object_8m retain-stringify bun 4 94.5 
MEM records_object_8m retain-stringify baseline 4 98.5 
MEM records_object_8m retain-stringify perry 4 98.7 
MEM records_object_8m retain-stringify node 4 144.0 
MEM records_object_8m retain-stringify bun 4 94.5 
MEM records_object_8m retain-stringify baseline 4 98.5 
MEM long_string_1m retain-parse perry 1 15.4 
MEM long_string_1m retain-parse node 1 56.8 
MEM long_string_1m retain-parse bun 1 30.6 
MEM long_string_1m retain-parse baseline 1 15.2 
MEM long_string_1m retain-parse perry 1 15.4 
MEM long_string_1m retain-parse node 1 56.6 
MEM long_string_1m retain-parse bun 1 30.6 
MEM long_string_1m retain-parse baseline 1 15.2 
MEM long_string_1m retain-parse perry 1 15.4 
MEM long_string_1m retain-parse node 1 56.6 
MEM long_string_1m retain-parse bun 1 30.7 
MEM long_string_1m retain-parse baseline 1 15.2 
MEM long_string_1m retain-parse perry 1 15.4 
MEM long_string_1m retain-parse node 1 56.7 
MEM long_string_1m retain-parse bun 1 30.6 
MEM long_string_1m retain-parse baseline 1 15.2 
MEM long_string_1m retain-parse perry 1 15.4 
MEM long_string_1m retain-parse node 1 56.7 
MEM long_string_1m retain-parse bun 1 30.6 
MEM long_string_1m retain-parse baseline 1 15.2 
MEM long_string_1m retain-parse perry 32 15.4 
MEM long_string_1m retain-parse node 32 89.1 
MEM long_string_1m retain-parse bun 32 61.7 
MEM long_string_1m retain-parse baseline 32 15.2 
MEM long_string_1m retain-parse perry 32 15.4 
MEM long_string_1m retain-parse node 32 89.2 
MEM long_string_1m retain-parse bun 32 61.7 
MEM long_string_1m retain-parse baseline 32 15.2 
MEM long_string_1m retain-parse perry 32 15.4 
MEM long_string_1m retain-parse node 32 89.3 
MEM long_string_1m retain-parse bun 32 61.7 
MEM long_string_1m retain-parse baseline 32 15.2 
MEM long_string_1m retain-parse perry 32 15.4 
MEM long_string_1m retain-parse node 32 89.2 
MEM long_string_1m retain-parse bun 32 61.7 
MEM long_string_1m retain-parse baseline 32 15.2 
MEM long_string_1m retain-parse perry 32 15.4 
MEM long_string_1m retain-parse node 32 89.2 
MEM long_string_1m retain-parse bun 32 61.7 
MEM long_string_1m retain-parse baseline 32 15.2 
MEM long_string_1m retain-stringify perry 1 17.7 
MEM long_string_1m retain-stringify node 1 60.6 
MEM long_string_1m retain-stringify bun 1 32.6 
MEM long_string_1m retain-stringify baseline 1 17.6 
MEM long_string_1m retain-stringify perry 1 17.7 
MEM long_string_1m retain-stringify node 1 60.6 
MEM long_string_1m retain-stringify bun 1 32.7 
MEM long_string_1m retain-stringify baseline 1 17.6 
MEM long_string_1m retain-stringify perry 1 17.8 
MEM long_string_1m retain-stringify node 1 60.6 
MEM long_string_1m retain-stringify bun 1 32.6 
MEM long_string_1m retain-stringify baseline 1 17.6 
MEM long_string_1m retain-stringify perry 1 17.8 
MEM long_string_1m retain-stringify node 1 60.7 
MEM long_string_1m retain-stringify bun 1 32.8 
MEM long_string_1m retain-stringify baseline 1 17.6 
MEM long_string_1m retain-stringify perry 1 17.8 
MEM long_string_1m retain-stringify node 1 60.7 
MEM long_string_1m retain-stringify bun 1 32.7 
MEM long_string_1m retain-stringify baseline 1 17.6 
MEM long_string_1m retain-stringify perry 32 51.2 
MEM long_string_1m retain-stringify node 32 92.4 
MEM long_string_1m retain-stringify bun 32 63.8 
MEM long_string_1m retain-stringify baseline 32 51.0 
MEM long_string_1m retain-stringify perry 32 51.2 
MEM long_string_1m retain-stringify node 32 92.4 
MEM long_string_1m retain-stringify bun 32 63.8 
MEM long_string_1m retain-stringify baseline 32 51.0 
MEM long_string_1m retain-stringify perry 32 51.2 
MEM long_string_1m retain-stringify node 32 92.4 
MEM long_string_1m retain-stringify bun 32 63.8 
MEM long_string_1m retain-stringify baseline 32 51.0 
MEM long_string_1m retain-stringify perry 32 51.2 
MEM long_string_1m retain-stringify node 32 92.4 
MEM long_string_1m retain-stringify bun 32 63.7 
MEM long_string_1m retain-stringify baseline 32 51.0 
MEM long_string_1m retain-stringify perry 32 51.2 
MEM long_string_1m retain-stringify node 32 92.3 
MEM long_string_1m retain-stringify bun 32 63.8 
MEM long_string_1m retain-stringify baseline 32 51.0 
MEM unicode_1m retain-parse perry 1 14.7 
MEM unicode_1m retain-parse node 1 57.7 
MEM unicode_1m retain-parse bun 1 31.3 
MEM unicode_1m retain-parse baseline 1 14.5 
MEM unicode_1m retain-parse perry 1 14.7 
MEM unicode_1m retain-parse node 1 57.7 
MEM unicode_1m retain-parse bun 1 31.3 
MEM unicode_1m retain-parse baseline 1 14.5 
MEM unicode_1m retain-parse perry 1 14.7 
MEM unicode_1m retain-parse node 1 57.8 
MEM unicode_1m retain-parse bun 1 31.3 
MEM unicode_1m retain-parse baseline 1 14.5 
MEM unicode_1m retain-parse perry 1 14.7 
MEM unicode_1m retain-parse node 1 57.8 
MEM unicode_1m retain-parse bun 1 31.3 
MEM unicode_1m retain-parse baseline 1 14.5 
MEM unicode_1m retain-parse perry 1 14.7 
MEM unicode_1m retain-parse node 1 57.8 
MEM unicode_1m retain-parse bun 1 31.3 
MEM unicode_1m retain-parse baseline 1 14.5 
MEM unicode_1m retain-parse perry 32 14.7 
MEM unicode_1m retain-parse node 32 86.4 
MEM unicode_1m retain-parse bun 32 59.0 
MEM unicode_1m retain-parse baseline 32 14.6 
MEM unicode_1m retain-parse perry 32 14.7 
MEM unicode_1m retain-parse node 32 86.4 
MEM unicode_1m retain-parse bun 32 59.0 
MEM unicode_1m retain-parse baseline 32 14.6 
MEM unicode_1m retain-parse perry 32 14.7 
MEM unicode_1m retain-parse node 32 86.4 
MEM unicode_1m retain-parse bun 32 59.0 
MEM unicode_1m retain-parse baseline 32 14.6 
MEM unicode_1m retain-parse perry 32 14.7 
MEM unicode_1m retain-parse node 32 86.4 
MEM unicode_1m retain-parse bun 32 59.0 
MEM unicode_1m retain-parse baseline 32 14.6 
MEM unicode_1m retain-parse perry 32 14.7 
MEM unicode_1m retain-parse node 32 86.3 
MEM unicode_1m retain-parse bun 32 59.0 
MEM unicode_1m retain-parse baseline 32 14.6 
MEM unicode_1m retain-stringify perry 1 16.6 
MEM unicode_1m retain-stringify node 1 61.0 
MEM unicode_1m retain-stringify bun 1 34.1 
MEM unicode_1m retain-stringify baseline 1 16.4 
MEM unicode_1m retain-stringify perry 1 16.6 
MEM unicode_1m retain-stringify node 1 60.9 
MEM unicode_1m retain-stringify bun 1 34.1 
MEM unicode_1m retain-stringify baseline 1 16.4 
MEM unicode_1m retain-stringify perry 1 16.6 
MEM unicode_1m retain-stringify node 1 60.8 
MEM unicode_1m retain-stringify bun 1 34.1 
MEM unicode_1m retain-stringify baseline 1 16.4 
MEM unicode_1m retain-stringify perry 1 16.6 
MEM unicode_1m retain-stringify node 1 60.8 
MEM unicode_1m retain-stringify bun 1 34.0 
MEM unicode_1m retain-stringify baseline 1 16.4 
MEM unicode_1m retain-stringify perry 1 16.6 
MEM unicode_1m retain-stringify node 1 60.9 
MEM unicode_1m retain-stringify bun 1 34.1 
MEM unicode_1m retain-stringify baseline 1 16.4 
MEM unicode_1m retain-stringify perry 32 42.0 
MEM unicode_1m retain-stringify node 32 89.2 
MEM unicode_1m retain-stringify bun 32 61.8 
MEM unicode_1m retain-stringify baseline 32 41.8 
MEM unicode_1m retain-stringify perry 32 42.0 
MEM unicode_1m retain-stringify node 32 89.2 
MEM unicode_1m retain-stringify bun 32 61.8 
MEM unicode_1m retain-stringify baseline 32 41.8 
MEM unicode_1m retain-stringify perry 32 42.0 
MEM unicode_1m retain-stringify node 32 89.2 
MEM unicode_1m retain-stringify bun 32 61.8 
MEM unicode_1m retain-stringify baseline 32 41.8 
MEM unicode_1m retain-stringify perry 32 42.0 
MEM unicode_1m retain-stringify node 32 89.2 
MEM unicode_1m retain-stringify bun 32 62.2 
MEM unicode_1m retain-stringify baseline 32 41.8 
MEM unicode_1m retain-stringify perry 32 42.0 
MEM unicode_1m retain-stringify node 32 89.2 
MEM unicode_1m retain-stringify bun 32 61.8 
MEM unicode_1m retain-stringify baseline 32 41.8 
MEM wide_1m retain-parse perry 1 20.7 
MEM wide_1m retain-parse node 1 65.7 
MEM wide_1m retain-parse bun 1 36.3 
MEM wide_1m retain-parse baseline 1 20.6 
MEM wide_1m retain-parse perry 1 20.7 
MEM wide_1m retain-parse node 1 65.7 
MEM wide_1m retain-parse bun 1 36.3 
MEM wide_1m retain-parse baseline 1 20.6 
MEM wide_1m retain-parse perry 1 20.7 
MEM wide_1m retain-parse node 1 65.7 
MEM wide_1m retain-parse bun 1 36.4 
MEM wide_1m retain-parse baseline 1 20.6 
MEM wide_1m retain-parse perry 1 20.7 
MEM wide_1m retain-parse node 1 65.8 
MEM wide_1m retain-parse bun 1 36.3 
MEM wide_1m retain-parse baseline 1 20.6 
MEM wide_1m retain-parse perry 1 20.7 
MEM wide_1m retain-parse node 1 65.8 
MEM wide_1m retain-parse bun 1 36.4 
MEM wide_1m retain-parse baseline 1 20.6 
MEM wide_1m retain-parse perry 16 77.2 
MEM wide_1m retain-parse node 16 112.6 
MEM wide_1m retain-parse bun 16 68.9 
MEM wide_1m retain-parse baseline 16 77.0 
MEM wide_1m retain-parse perry 16 77.1 
MEM wide_1m retain-parse node 16 112.6 
MEM wide_1m retain-parse bun 16 68.9 
MEM wide_1m retain-parse baseline 16 77.0 
MEM wide_1m retain-parse perry 16 77.1 
MEM wide_1m retain-parse node 16 112.5 
MEM wide_1m retain-parse bun 16 69.0 
MEM wide_1m retain-parse baseline 16 77.0 
MEM wide_1m retain-parse perry 16 77.1 
MEM wide_1m retain-parse node 16 112.5 
MEM wide_1m retain-parse bun 16 68.9 
MEM wide_1m retain-parse baseline 16 77.0 
MEM wide_1m retain-parse perry 16 77.1 
MEM wide_1m retain-parse node 16 112.5 
MEM wide_1m retain-parse bun 16 68.9 
MEM wide_1m retain-parse baseline 16 77.0 
MEM wide_1m retain-stringify perry 1 22.9 
MEM wide_1m retain-stringify node 1 68.7 
MEM wide_1m retain-stringify bun 1 39.3 
MEM wide_1m retain-stringify baseline 1 22.8 
MEM wide_1m retain-stringify perry 1 22.9 
MEM wide_1m retain-stringify node 1 68.7 
MEM wide_1m retain-stringify bun 1 39.3 
MEM wide_1m retain-stringify baseline 1 22.8 
MEM wide_1m retain-stringify perry 1 22.9 
MEM wide_1m retain-stringify node 1 68.7 
MEM wide_1m retain-stringify bun 1 39.3 
MEM wide_1m retain-stringify baseline 1 22.8 
MEM wide_1m retain-stringify perry 1 22.9 
MEM wide_1m retain-stringify node 1 68.7 
MEM wide_1m retain-stringify bun 1 39.3 
MEM wide_1m retain-stringify baseline 1 22.8 
MEM wide_1m retain-stringify perry 1 22.9 
MEM wide_1m retain-stringify node 1 68.6 
MEM wide_1m retain-stringify bun 1 39.3 
MEM wide_1m retain-stringify baseline 1 22.8 
MEM wide_1m retain-stringify perry 16 36.1 
MEM wide_1m retain-stringify node 16 86.5 
MEM wide_1m retain-stringify bun 16 53.5 
MEM wide_1m retain-stringify baseline 16 36.0 
MEM wide_1m retain-stringify perry 16 36.1 
MEM wide_1m retain-stringify node 16 86.4 
MEM wide_1m retain-stringify bun 16 53.5 
MEM wide_1m retain-stringify baseline 16 36.0 
MEM wide_1m retain-stringify perry 16 36.1 
MEM wide_1m retain-stringify node 16 86.5 
MEM wide_1m retain-stringify bun 16 53.5 
MEM wide_1m retain-stringify baseline 16 36.0 
MEM wide_1m retain-stringify perry 16 36.1 
MEM wide_1m retain-stringify node 16 86.4 
MEM wide_1m retain-stringify bun 16 53.5 
MEM wide_1m retain-stringify baseline 16 36.0 
MEM wide_1m retain-stringify perry 16 36.1 
MEM wide_1m retain-stringify node 16 86.6 
MEM wide_1m retain-stringify bun 16 53.5 
MEM wide_1m retain-stringify baseline 16 36.0 
