VERIFY small_record rotating all engines passed
VERIFY small_record same all engines passed
VERIFY small_record select all engines passed
TIMING small_record rotating 574712 calls per engine
TIMING small_record same 1562500 calls per engine
TIMING small_record select 2000000 calls per engine
VERIFY object_1k rotating all engines passed
VERIFY object_1k same all engines passed
VERIFY object_1k select all engines passed
TIMING object_1k rotating 537634 calls per engine
TIMING object_1k same 1855287 calls per engine
TIMING object_1k select 2000000 calls per engine
VERIFY long_string_1m rotating all engines passed
VERIFY long_string_1m same all engines passed
VERIFY long_string_1m select all engines passed
TIMING long_string_1m rotating 1226 calls per engine
TIMING long_string_1m same 3121 calls per engine
TIMING long_string_1m select 2000000 calls per engine
VERIFY unicode_1m rotating all engines passed
VERIFY unicode_1m same all engines passed
VERIFY unicode_1m select all engines passed
TIMING unicode_1m rotating 1454 calls per engine
TIMING unicode_1m same 2833 calls per engine
TIMING unicode_1m select 2000000 calls per engine
