VERIFY small_record rotating all engines passed
VERIFY small_record same all engines passed
VERIFY small_record select all engines passed
TIMING small_record rotating 560747 calls per engine
TIMING small_record same 1554404 calls per engine
TIMING small_record select 2000000 calls per engine
VERIFY object_1k rotating all engines passed
VERIFY object_1k same all engines passed
VERIFY object_1k select all engines passed
TIMING object_1k rotating 566037 calls per engine
TIMING object_1k same 1854140 calls per engine
TIMING object_1k select 2000000 calls per engine
VERIFY long_string_1m rotating all engines passed
VERIFY long_string_1m same all engines passed
VERIFY long_string_1m select all engines passed
TIMING long_string_1m rotating 1288 calls per engine
TIMING long_string_1m same 3059 calls per engine
TIMING long_string_1m select 2000000 calls per engine
VERIFY unicode_1m rotating all engines passed
VERIFY unicode_1m same all engines passed
VERIFY unicode_1m select all engines passed
TIMING unicode_1m rotating 1403 calls per engine
TIMING unicode_1m same 2777 calls per engine
TIMING unicode_1m select 2000000 calls per engine
