VERIFY null parse [('perry', True), ('node', True), ('bun', True), ('baseline', True)]
VERIFY null stringify [('perry', True), ('node', True), ('bun', True), ('baseline', True)]
VERIFY string_a parse [('perry', True), ('node', True), ('bun', True), ('baseline', True)]
VERIFY string_a stringify [('perry', True), ('node', True), ('bun', True), ('baseline', True)]
VERIFY empty_object parse [('perry', True), ('node', True), ('bun', True), ('baseline', True)]
VERIFY empty_object stringify [('perry', True), ('node', True), ('bun', True), ('baseline', True)]
VERIFY tiny_object parse [('perry', True), ('node', True), ('bun', True), ('baseline', True)]
VERIFY tiny_object stringify [('perry', True), ('node', True), ('bun', True), ('baseline', True)]
VERIFY small_record parse [('perry', True), ('node', True), ('bun', True), ('baseline', True)]
VERIFY small_record stringify [('perry', True), ('node', True), ('bun', True), ('baseline', True)]
VERIFY object_1k parse [('perry', True), ('node', True), ('bun', True), ('baseline', True)]
VERIFY object_1k stringify [('perry', True), ('node', True), ('bun', True), ('baseline', True)]
VERIFY records_array_16k parse [('perry', True), ('node', True), ('bun', True), ('baseline', True)]
VERIFY records_array_16k stringify [('perry', True), ('node', True), ('bun', True), ('baseline', True)]
VERIFY records_array_16k sparse [('perry', True), ('node', True), ('bun', True), ('baseline', True)]
VERIFY records_array_16k scan [('perry', True), ('node', True), ('bun', True), ('baseline', True)]
VERIFY records_array_16k roundtrip [('perry', True), ('node', True), ('bun', True), ('baseline', True)]
VERIFY records_array_1m parse [('perry', True), ('node', True), ('bun', True), ('baseline', True)]
VERIFY records_array_1m stringify [('perry', True), ('node', True), ('bun', True), ('baseline', True)]
VERIFY records_array_1m sparse [('perry', True), ('node', True), ('bun', True), ('baseline', True)]
VERIFY records_array_1m scan [('perry', True), ('node', True), ('bun', True), ('baseline', True)]
VERIFY records_array_1m roundtrip [('perry', True), ('node', True), ('bun', True), ('baseline', True)]
VERIFY records_object_1m parse [('perry', True), ('node', True), ('bun', True), ('baseline', True)]
VERIFY records_object_1m stringify [('perry', True), ('node', True), ('bun', True), ('baseline', True)]
VERIFY records_array_8m parse [('perry', True), ('node', True), ('bun', True), ('baseline', True)]
VERIFY records_array_8m stringify [('perry', True), ('node', True), ('bun', True), ('baseline', True)]
VERIFY records_array_8m sparse [('perry', True), ('node', True), ('bun', True), ('baseline', True)]
VERIFY records_array_8m scan [('perry', True), ('node', True), ('bun', True), ('baseline', True)]
VERIFY records_array_8m roundtrip [('perry', True), ('node', True), ('bun', True), ('baseline', True)]
VERIFY records_object_8m parse [('perry', True), ('node', True), ('bun', True), ('baseline', True)]
VERIFY records_object_8m stringify [('perry', True), ('node', True), ('bun', True), ('baseline', True)]
VERIFY records_array_20m parse [('perry', True), ('node', True), ('bun', True), ('baseline', True)]
VERIFY records_array_20m stringify [('perry', True), ('node', True), ('bun', True), ('baseline', True)]
VERIFY records_array_20m sparse [('perry', True), ('node', True), ('bun', True), ('baseline', True)]
VERIFY records_array_20m scan [('perry', True), ('node', True), ('bun', True), ('baseline', True)]
VERIFY records_array_20m roundtrip [('perry', True), ('node', True), ('bun', True), ('baseline', True)]
VERIFY records_object_20m parse [('perry', True), ('node', True), ('bun', True), ('baseline', True)]
VERIFY records_object_20m stringify [('perry', True), ('node', True), ('bun', True), ('baseline', True)]
VERIFY numbers_1m parse [('perry', True), ('node', True), ('bun', True), ('baseline', True)]
VERIFY numbers_1m stringify [('perry', True), ('node', True), ('bun', True), ('baseline', True)]
VERIFY long_string_1m parse [('perry', True), ('node', True), ('bun', True), ('baseline', True)]
VERIFY long_string_1m stringify [('perry', True), ('node', True), ('bun', True), ('baseline', True)]
VERIFY escaped_1m parse [('perry', True), ('node', True), ('bun', True), ('baseline', True)]
VERIFY escaped_1m stringify [('perry', True), ('node', True), ('bun', True), ('baseline', True)]
VERIFY unicode_1m parse [('perry', True), ('node', True), ('bun', True), ('baseline', True)]
VERIFY unicode_1m stringify [('perry', True), ('node', True), ('bun', True), ('baseline', True)]
VERIFY wide_1m parse [('perry', True), ('node', True), ('bun', True), ('baseline', True)]
VERIFY wide_1m stringify [('perry', True), ('node', True), ('bun', True), ('baseline', True)]
VERIFY heterogeneous_1m parse [('perry', True), ('node', True), ('bun', True), ('baseline', True)]
VERIFY heterogeneous_1m stringify [('perry', True), ('node', True), ('bun', True), ('baseline', True)]
RUN null parse baseline None 0 2000000 21.27 
RUN null parse perry None 0 2000000 21.27 
RUN null parse bun None 0 2000000 34.7 
RUN null parse node None 0 2000000 53.31 
RUN null parse perry None 1 2000000 21.27 
RUN null parse baseline None 1 2000000 21.25 
RUN null parse node None 1 2000000 53.32 
RUN null parse bun None 1 2000000 34.28 
RUN null parse node None 2 2000000 53.41 
RUN null parse perry None 2 2000000 21.25 
RUN null parse bun None 2 2000000 34.33 
RUN null parse baseline None 2 2000000 21.29 
RUN null parse node None 3 2000000 53.33 
RUN null parse perry None 3 2000000 21.27 
RUN null parse baseline None 3 2000000 21.25 
RUN null parse bun None 3 2000000 34.01 
RUN null parse bun None 4 2000000 34.14 
RUN null parse baseline None 4 2000000 21.25 
RUN null parse node None 4 2000000 53.4 
RUN null parse perry None 4 2000000 21.27 
RUN null stringify baseline None 0 2000000 13.13 
RUN null stringify bun None 0 2000000 52.67 
RUN null stringify perry None 0 2000000 13.12 
RUN null stringify node None 0 2000000 52.52 
RUN null stringify baseline None 1 2000000 13.12 
RUN null stringify node None 1 2000000 52.53 
RUN null stringify perry None 1 2000000 13.12 
RUN null stringify bun None 1 2000000 52.72 
RUN null stringify node None 2 2000000 52.59 
RUN null stringify baseline None 2 2000000 13.13 
RUN null stringify perry None 2 2000000 13.13 
RUN null stringify bun None 2 2000000 53.02 
RUN null stringify bun None 3 2000000 52.84 
RUN null stringify perry None 3 2000000 13.14 
RUN null stringify baseline None 3 2000000 13.12 
RUN null stringify node None 3 2000000 52.65 
RUN null stringify bun None 4 2000000 53.2 
RUN null stringify baseline None 4 2000000 13.12 
RUN null stringify node None 4 2000000 52.63 
RUN null stringify perry None 4 2000000 13.16 
RUN string_a parse node None 0 2000000 62.07 
RUN string_a parse baseline None 0 2000000 25.74 
RUN string_a parse bun None 0 2000000 40.76 
RUN string_a parse perry None 0 2000000 25.65 
RUN string_a parse bun None 1 2000000 41.04 
RUN string_a parse perry None 1 2000000 25.62 
RUN string_a parse baseline None 1 2000000 25.76 
RUN string_a parse node None 1 2000000 62.11 
RUN string_a parse perry None 2 2000000 25.64 
RUN string_a parse baseline None 2 2000000 25.76 
RUN string_a parse bun None 2 2000000 40.78 
RUN string_a parse node None 2 2000000 62.1 
RUN string_a parse baseline None 3 2000000 25.74 
RUN string_a parse node None 3 2000000 62.15 
RUN string_a parse perry None 3 2000000 25.64 
RUN string_a parse bun None 3 2000000 40.69 
RUN string_a parse perry None 4 2000000 25.66 
RUN string_a parse node None 4 2000000 62.08 
RUN string_a parse bun None 4 2000000 40.85 
RUN string_a parse baseline None 4 2000000 25.77 
RUN string_a stringify baseline None 0 2000000 19.41 
RUN string_a stringify bun None 0 2000000 54.64 
RUN string_a stringify node None 0 2000000 58.27 
RUN string_a stringify perry None 0 2000000 19.37 
RUN string_a stringify bun None 1 2000000 53.07 
RUN string_a stringify perry None 1 2000000 19.39 
RUN string_a stringify node None 1 2000000 58.28 
RUN string_a stringify baseline None 1 2000000 19.38 
RUN string_a stringify baseline None 2 2000000 19.37 
RUN string_a stringify perry None 2 2000000 19.38 
RUN string_a stringify node None 2 2000000 58.32 
RUN string_a stringify bun None 2 2000000 52.94 
RUN string_a stringify perry None 3 2000000 19.38 
RUN string_a stringify baseline None 3 2000000 19.38 
RUN string_a stringify bun None 3 2000000 54.4 
RUN string_a stringify node None 3 2000000 58.31 
RUN string_a stringify bun None 4 2000000 54.7 
RUN string_a stringify node None 4 2000000 58.36 
RUN string_a stringify baseline None 4 2000000 19.52 
RUN string_a stringify perry None 4 2000000 19.41 
RUN empty_object parse node None 0 2000000 88.47 
RUN empty_object parse perry None 0 2000000 46.85 
RUN empty_object parse bun None 0 2000000 43.07 
RUN empty_object parse baseline None 0 2000000 47.89 
RUN empty_object parse node None 1 2000000 88.63 
RUN empty_object parse bun None 1 2000000 43.05 
RUN empty_object parse baseline None 1 2000000 48.02 
RUN empty_object parse perry None 1 2000000 46.79 
RUN empty_object parse bun None 2 2000000 43.29 
RUN empty_object parse node None 2 2000000 88.54 
RUN empty_object parse perry None 2 2000000 46.71 
RUN empty_object parse baseline None 2 2000000 47.95 
RUN empty_object parse node None 3 2000000 88.73 
RUN empty_object parse perry None 3 2000000 46.77 
RUN empty_object parse bun None 3 2000000 43.29 
RUN empty_object parse baseline None 3 2000000 47.98 
RUN empty_object parse baseline None 4 2000000 47.89 
RUN empty_object parse bun None 4 2000000 43.16 
RUN empty_object parse node None 4 2000000 88.58 
RUN empty_object parse perry None 4 2000000 46.85 
RUN empty_object stringify perry None 0 2000000 35.25 
RUN empty_object stringify node None 0 2000000 62.16 
RUN empty_object stringify baseline None 0 2000000 35.19 
RUN empty_object stringify bun None 0 2000000 55.19 
RUN empty_object stringify node None 1 2000000 62.41 
RUN empty_object stringify bun None 1 2000000 55.17 
RUN empty_object stringify perry None 1 2000000 35.19 
RUN empty_object stringify baseline None 1 2000000 35.2 
RUN empty_object stringify baseline None 2 2000000 35.2 
RUN empty_object stringify bun None 2 2000000 55.55 
RUN empty_object stringify perry None 2 2000000 35.22 
RUN empty_object stringify node None 2 2000000 62.16 
RUN empty_object stringify node None 3 2000000 62.29 
RUN empty_object stringify baseline None 3 2000000 35.2 
RUN empty_object stringify perry None 3 2000000 35.22 
RUN empty_object stringify bun None 3 2000000 55.27 
RUN empty_object stringify perry None 4 2000000 35.2 
RUN empty_object stringify node None 4 2000000 62.18 
RUN empty_object stringify bun None 4 2000000 55.51 
RUN empty_object stringify baseline None 4 2000000 35.2 
RUN tiny_object parse perry None 0 2000000 73.48 
RUN tiny_object parse baseline None 0 2000000 74.35 
RUN tiny_object parse bun None 0 2000000 85.3 
RUN tiny_object parse node None 0 2000000 159.59 
RUN tiny_object parse perry None 1 2000000 73.63 
RUN tiny_object parse node None 1 2000000 158.15 
RUN tiny_object parse baseline None 1 2000000 74.58 
RUN tiny_object parse bun None 1 2000000 85.51 
RUN tiny_object parse baseline None 2 2000000 74.64 
RUN tiny_object parse node None 2 2000000 160.39 
RUN tiny_object parse bun None 2 2000000 85.14 
RUN tiny_object parse perry None 2 2000000 73.4 
RUN tiny_object parse node None 3 2000000 162.67 
RUN tiny_object parse baseline None 3 2000000 74.59 
RUN tiny_object parse perry None 3 2000000 73.53 
RUN tiny_object parse bun None 3 2000000 85.27 
RUN tiny_object parse bun None 4 2000000 86.06 
RUN tiny_object parse node None 4 2000000 163.78 
RUN tiny_object parse baseline None 4 2000000 74.48 
RUN tiny_object parse perry None 4 2000000 73.65 
RUN tiny_object stringify bun None 0 2000000 75.08 
RUN tiny_object stringify perry None 0 2000000 67.95 
RUN tiny_object stringify node None 0 2000000 72.62 
RUN tiny_object stringify baseline None 0 2000000 67.86 
RUN tiny_object stringify bun None 1 2000000 74.61 
RUN tiny_object stringify baseline None 1 2000000 67.92 
RUN tiny_object stringify node None 1 2000000 72.52 
RUN tiny_object stringify perry None 1 2000000 68.07 
RUN tiny_object stringify bun None 2 2000000 75.33 
RUN tiny_object stringify baseline None 2 2000000 67.89 
RUN tiny_object stringify perry None 2 2000000 67.84 
RUN tiny_object stringify node None 2 2000000 72.64 
RUN tiny_object stringify perry None 3 2000000 67.93 
RUN tiny_object stringify node None 3 2000000 72.61 
RUN tiny_object stringify bun None 3 2000000 74.5 
RUN tiny_object stringify baseline None 3 2000000 68.19 
RUN tiny_object stringify bun None 4 2000000 74.26 
RUN tiny_object stringify node None 4 2000000 72.59 
RUN tiny_object stringify perry None 4 2000000 67.98 
RUN tiny_object stringify baseline None 4 2000000 67.87 
RUN small_record parse perry None 0 1581369 155.89 
RUN small_record parse baseline None 0 1581369 156.42 
RUN small_record parse bun None 0 1581369 382.94 
RUN small_record parse node None 0 1581369 528.91 
RUN small_record parse perry None 1 1581369 155.62 
RUN small_record parse baseline None 1 1581369 156.61 
RUN small_record parse bun None 1 1581369 380.57 
RUN small_record parse node None 1 1581369 510.41 
RUN small_record parse node None 2 1581369 517.39 
RUN small_record parse perry None 2 1581369 156.04 
RUN small_record parse baseline None 2 1581369 156.64 
RUN small_record parse bun None 2 1581369 380.44 
RUN small_record parse baseline None 3 1581369 157.03 
RUN small_record parse bun None 3 1581369 382.81 
RUN small_record parse perry None 3 1581369 156.25 
RUN small_record parse node None 3 1581369 578.38 
RUN small_record parse baseline None 4 1581369 156.6 
RUN small_record parse node None 4 1581369 550.56 
RUN small_record parse bun None 4 1581369 380.41 
RUN small_record parse perry None 4 1581369 156.55 
RUN small_record stringify bun None 0 2000000 234.54 
RUN small_record stringify node None 0 2000000 214.35 
RUN small_record stringify perry None 0 2000000 91.35 
RUN small_record stringify baseline None 0 2000000 91.28 
RUN small_record stringify perry None 1 2000000 91.48 
RUN small_record stringify node None 1 2000000 213.91 
RUN small_record stringify baseline None 1 2000000 91.6 
RUN small_record stringify bun None 1 2000000 234.45 
RUN small_record stringify bun None 2 2000000 233.58 
RUN small_record stringify node None 2 2000000 214.19 
RUN small_record stringify perry None 2 2000000 91.36 
RUN small_record stringify baseline None 2 2000000 91.2 
RUN small_record stringify baseline None 3 2000000 91.91 
RUN small_record stringify bun None 3 2000000 234.04 
RUN small_record stringify node None 3 2000000 213.43 
RUN small_record stringify perry None 3 2000000 91.39 
RUN small_record stringify bun None 4 2000000 234.39 
RUN small_record stringify node None 4 2000000 214.98 
RUN small_record stringify perry None 4 2000000 92.67 
RUN small_record stringify baseline None 4 2000000 91.54 
RUN object_1k parse bun None 0 1961848 436.4 
RUN object_1k parse baseline None 0 1961848 162.01 
RUN object_1k parse node None 0 1961848 1038.01 
RUN object_1k parse perry None 0 1961848 160.98 
RUN object_1k parse baseline None 1 1961848 162.06 
RUN object_1k parse node None 1 1961848 1044.86 
RUN object_1k parse perry None 1 1961848 160.76 
RUN object_1k parse bun None 1 1961848 436.66 
RUN object_1k parse baseline None 2 1961848 162.1 
RUN object_1k parse bun None 2 1961848 436.96 
RUN object_1k parse perry None 2 1961848 160.72 
RUN object_1k parse node None 2 1961848 1039.73 
RUN object_1k parse baseline None 3 1961848 161.9 
RUN object_1k parse node None 3 1961848 1038.64 
RUN object_1k parse bun None 3 1961848 436.95 
RUN object_1k parse perry None 3 1961848 160.61 
RUN object_1k parse bun None 4 1961848 438.76 
RUN object_1k parse perry None 4 1961848 161.0 
RUN object_1k parse baseline None 4 1961848 161.86 
RUN object_1k parse node None 4 1961848 1034.75 
RUN object_1k stringify perry None 0 1036867 119.21 
RUN object_1k stringify node None 0 1036867 199.16 
RUN object_1k stringify baseline None 0 1036867 119.55 
RUN object_1k stringify bun None 0 1036867 212.37 
RUN object_1k stringify perry None 1 1036867 119.24 
RUN object_1k stringify node None 1 1036867 197.46 
RUN object_1k stringify baseline None 1 1036867 119.47 
RUN object_1k stringify bun None 1 1036867 211.32 
RUN object_1k stringify bun None 2 1036867 211.92 
RUN object_1k stringify baseline None 2 1036867 119.08 
RUN object_1k stringify perry None 2 1036867 119.53 
RUN object_1k stringify node None 2 1036867 197.41 
RUN object_1k stringify perry None 3 1036867 119.42 
RUN object_1k stringify bun None 3 1036867 212.11 
RUN object_1k stringify node None 3 1036867 197.9 
RUN object_1k stringify baseline None 3 1036867 119.23 
RUN object_1k stringify perry None 4 1036867 119.16 
RUN object_1k stringify bun None 4 1036867 211.6 
RUN object_1k stringify node None 4 1036867 197.74 
RUN object_1k stringify baseline None 4 1036867 119.51 
RUN records_array_16k parse perry None 0 11284 154.61 
RUN records_array_16k parse baseline None 0 11284 204.28 
RUN records_array_16k parse node None 0 11284 473.66 
RUN records_array_16k parse bun None 0 11284 381.0 
RUN records_array_16k parse baseline None 1 11284 204.3 
RUN records_array_16k parse perry None 1 11284 154.73 
RUN records_array_16k parse node None 1 11284 459.94 
RUN records_array_16k parse bun None 1 11284 380.83 
RUN records_array_16k parse perry None 2 11284 154.75 
RUN records_array_16k parse bun None 2 11284 381.26 
RUN records_array_16k parse node None 2 11284 440.68 
RUN records_array_16k parse baseline None 2 11284 204.58 
RUN records_array_16k parse baseline None 3 11284 204.49 
RUN records_array_16k parse node None 3 11284 461.08 
RUN records_array_16k parse perry None 3 11284 154.46 
RUN records_array_16k parse bun None 3 11284 380.6 
RUN records_array_16k parse baseline None 4 11284 204.27 
RUN records_array_16k parse bun None 4 11284 429.45 
RUN records_array_16k parse node None 4 11284 435.83 
RUN records_array_16k parse perry None 4 11284 154.64 
RUN records_array_16k stringify node None 0 12949 168.31 
RUN records_array_16k stringify bun None 0 12949 300.34 
RUN records_array_16k stringify perry None 0 12949 143.07 
RUN records_array_16k stringify baseline None 0 12949 143.65 
RUN records_array_16k stringify baseline None 1 12949 144.2 
RUN records_array_16k stringify perry None 1 12949 142.29 
RUN records_array_16k stringify bun None 1 12949 299.75 
RUN records_array_16k stringify node None 1 12949 167.94 
RUN records_array_16k stringify perry None 2 12949 142.75 
RUN records_array_16k stringify baseline None 2 12949 143.76 
RUN records_array_16k stringify node None 2 12949 167.71 
RUN records_array_16k stringify bun None 2 12949 299.61 
RUN records_array_16k stringify bun None 3 12949 299.87 
RUN records_array_16k stringify node None 3 12949 168.0 
RUN records_array_16k stringify perry None 3 12949 141.87 
RUN records_array_16k stringify baseline None 3 12949 143.85 
RUN records_array_16k stringify bun None 4 12949 299.69 
RUN records_array_16k stringify baseline None 4 12949 143.99 
RUN records_array_16k stringify node None 4 12949 168.6 
RUN records_array_16k stringify perry None 4 12949 142.96 
RUN records_array_16k sparse baseline None 0 7868 193.12 
RUN records_array_16k sparse perry None 0 7868 157.56 
RUN records_array_16k sparse bun None 0 7868 266.43 
RUN records_array_16k sparse node None 0 7868 303.5 
RUN records_array_16k sparse baseline None 1 7868 193.23 
RUN records_array_16k sparse bun None 1 7868 266.12 
RUN records_array_16k sparse node None 1 7868 310.27 
RUN records_array_16k sparse perry None 1 7868 157.43 
RUN records_array_16k sparse bun None 2 7868 266.57 
RUN records_array_16k sparse perry None 2 7868 161.21 
RUN records_array_16k sparse node None 2 7868 308.22 
RUN records_array_16k sparse baseline None 2 7868 193.0 
RUN records_array_16k sparse node None 3 7868 317.39 
RUN records_array_16k sparse perry None 3 7868 157.31 
RUN records_array_16k sparse baseline None 3 7868 193.28 
RUN records_array_16k sparse bun None 3 7868 266.37 
RUN records_array_16k sparse node None 4 7868 316.06 
RUN records_array_16k sparse bun None 4 7868 266.33 
RUN records_array_16k sparse baseline None 4 7868 193.17 
RUN records_array_16k sparse perry None 4 7868 161.13 
RUN records_array_16k scan bun None 0 3761 128.79 
RUN records_array_16k scan node None 0 3761 145.14 
RUN records_array_16k scan baseline None 0 3761 239.05 
RUN records_array_16k scan perry None 0 3761 220.61 
RUN records_array_16k scan baseline None 1 3761 239.06 
RUN records_array_16k scan perry None 1 3761 220.39 
RUN records_array_16k scan node None 1 3761 144.03 
RUN records_array_16k scan bun None 1 3761 128.72 
RUN records_array_16k scan node None 2 3761 156.57 
RUN records_array_16k scan baseline None 2 3761 238.51 
RUN records_array_16k scan perry None 2 3761 220.51 
RUN records_array_16k scan bun None 2 3761 128.84 
RUN records_array_16k scan baseline None 3 3761 238.26 
RUN records_array_16k scan node None 3 3761 162.99 
RUN records_array_16k scan perry None 3 3761 220.91 
RUN records_array_16k scan bun None 3 3761 128.72 
RUN records_array_16k scan bun None 4 3761 128.7 
RUN records_array_16k scan node None 4 3761 145.56 
RUN records_array_16k scan perry None 4 3761 220.7 
RUN records_array_16k scan baseline None 4 3761 237.72 
RUN records_array_16k roundtrip perry None 0 7659 161.53 
RUN records_array_16k roundtrip node None 0 7659 419.27 
RUN records_array_16k roundtrip baseline None 0 7659 194.56 
RUN records_array_16k roundtrip bun None 0 7659 441.19 
RUN records_array_16k roundtrip bun None 1 7659 441.47 
RUN records_array_16k roundtrip perry None 1 7659 161.85 
RUN records_array_16k roundtrip baseline None 1 7659 194.54 
RUN records_array_16k roundtrip node None 1 7659 420.69 
RUN records_array_16k roundtrip bun None 2 7659 441.61 
RUN records_array_16k roundtrip node None 2 7659 399.06 
RUN records_array_16k roundtrip perry None 2 7659 161.59 
RUN records_array_16k roundtrip baseline None 2 7659 195.04 
RUN records_array_16k roundtrip bun None 3 7659 441.77 
RUN records_array_16k roundtrip baseline None 3 7659 194.73 
RUN records_array_16k roundtrip perry None 3 7659 161.94 
RUN records_array_16k roundtrip node None 3 7659 397.94 
RUN records_array_16k roundtrip baseline None 4 7659 194.86 
RUN records_array_16k roundtrip perry None 4 7659 161.39 
RUN records_array_16k roundtrip bun None 4 7659 441.11 
RUN records_array_16k roundtrip node None 4 7659 397.41 
RUN records_array_1m parse perry None 0 170 156.39 
RUN records_array_1m parse node None 0 170 447.07 
RUN records_array_1m parse baseline None 0 170 204.37 
RUN records_array_1m parse bun None 0 170 357.38 
RUN records_array_1m parse bun None 1 170 357.26 
RUN records_array_1m parse perry None 1 170 156.88 
RUN records_array_1m parse baseline None 1 170 204.43 
RUN records_array_1m parse node None 1 170 435.22 
RUN records_array_1m parse bun None 2 170 357.85 
RUN records_array_1m parse baseline None 2 170 204.77 
RUN records_array_1m parse perry None 2 170 157.15 
RUN records_array_1m parse node None 2 170 481.61 
RUN records_array_1m parse bun None 3 170 357.0 
RUN records_array_1m parse perry None 3 170 155.91 
RUN records_array_1m parse node None 3 170 439.64 
RUN records_array_1m parse baseline None 3 170 204.65 
RUN records_array_1m parse perry None 4 170 157.26 
RUN records_array_1m parse node None 4 170 468.7 
RUN records_array_1m parse bun None 4 170 357.64 
RUN records_array_1m parse baseline None 4 170 204.58 
RUN records_array_1m stringify node None 0 229 187.07 
RUN records_array_1m stringify bun None 0 229 219.04 
RUN records_array_1m stringify perry None 0 229 149.31 
RUN records_array_1m stringify baseline None 0 229 148.45 
RUN records_array_1m stringify bun None 1 229 219.14 
RUN records_array_1m stringify perry None 1 229 148.09 
RUN records_array_1m stringify baseline None 1 229 148.95 
RUN records_array_1m stringify node None 1 229 188.77 
RUN records_array_1m stringify bun None 2 229 218.98 
RUN records_array_1m stringify node None 2 229 187.73 
RUN records_array_1m stringify perry None 2 229 148.01 
RUN records_array_1m stringify baseline None 2 229 148.57 
RUN records_array_1m stringify baseline None 3 229 148.55 
RUN records_array_1m stringify node None 3 229 189.07 
RUN records_array_1m stringify bun None 3 229 218.99 
RUN records_array_1m stringify perry None 3 229 148.5 
RUN records_array_1m stringify perry None 4 229 149.27 
RUN records_array_1m stringify node None 4 229 186.95 
RUN records_array_1m stringify baseline None 4 229 148.84 
RUN records_array_1m stringify bun None 4 229 218.74 
RUN records_array_1m sparse perry None 0 161 155.32 
RUN records_array_1m sparse node None 0 161 442.9 
RUN records_array_1m sparse baseline None 0 161 201.86 
RUN records_array_1m sparse bun None 0 161 340.83 
RUN records_array_1m sparse bun None 1 161 341.0 
RUN records_array_1m sparse baseline None 1 161 201.77 
RUN records_array_1m sparse perry None 1 161 156.08 
RUN records_array_1m sparse node None 1 161 420.3 
RUN records_array_1m sparse bun None 2 161 340.88 
RUN records_array_1m sparse node None 2 161 418.64 
RUN records_array_1m sparse baseline None 2 161 201.96 
RUN records_array_1m sparse perry None 2 161 155.5 
RUN records_array_1m sparse perry None 3 161 156.77 
RUN records_array_1m sparse bun None 3 161 340.56 
RUN records_array_1m sparse node None 3 161 455.16 
RUN records_array_1m sparse baseline None 3 161 201.94 
RUN records_array_1m sparse perry None 4 161 156.18 
RUN records_array_1m sparse node None 4 161 408.31 
RUN records_array_1m sparse baseline None 4 161 201.67 
RUN records_array_1m sparse bun None 4 161 340.95 
RUN records_array_1m scan node None 0 69 181.34 
RUN records_array_1m scan perry None 0 69 202.74 
RUN records_array_1m scan bun None 0 69 145.86 
RUN records_array_1m scan baseline None 0 69 223.37 
RUN records_array_1m scan perry None 1 69 202.9 
RUN records_array_1m scan bun None 1 69 146.32 
RUN records_array_1m scan node None 1 69 195.54 
RUN records_array_1m scan baseline None 1 69 223.41 
RUN records_array_1m scan perry None 2 69 202.55 
RUN records_array_1m scan bun None 2 69 146.05 
RUN records_array_1m scan baseline None 2 69 223.91 
RUN records_array_1m scan node None 2 69 191.33 
RUN records_array_1m scan node None 3 69 184.83 
RUN records_array_1m scan perry None 3 69 203.11 
RUN records_array_1m scan bun None 3 69 146.5 
RUN records_array_1m scan baseline None 3 69 223.36 
RUN records_array_1m scan bun None 4 69 145.77 
RUN records_array_1m scan perry None 4 69 202.77 
RUN records_array_1m scan node None 4 69 183.16 
RUN records_array_1m scan baseline None 4 69 223.98 
RUN records_array_1m roundtrip perry None 0 115 162.16 
RUN records_array_1m roundtrip bun None 0 115 352.51 
RUN records_array_1m roundtrip baseline None 0 115 195.27 
RUN records_array_1m roundtrip node None 0 115 395.74 
RUN records_array_1m roundtrip bun None 1 115 352.42 
RUN records_array_1m roundtrip perry None 1 115 162.47 
RUN records_array_1m roundtrip baseline None 1 115 195.08 
RUN records_array_1m roundtrip node None 1 115 412.36 
RUN records_array_1m roundtrip baseline None 2 115 195.52 
RUN records_array_1m roundtrip node None 2 115 389.13 
RUN records_array_1m roundtrip perry None 2 115 162.95 
RUN records_array_1m roundtrip bun None 2 115 352.47 
RUN records_array_1m roundtrip bun None 3 115 352.7 
RUN records_array_1m roundtrip node None 3 115 388.18 
RUN records_array_1m roundtrip baseline None 3 115 195.02 
RUN records_array_1m roundtrip perry None 3 115 162.12 
RUN records_array_1m roundtrip baseline None 4 115 194.86 
RUN records_array_1m roundtrip perry None 4 115 162.39 
RUN records_array_1m roundtrip node None 4 115 416.94 
RUN records_array_1m roundtrip bun None 4 115 353.79 
RUN records_object_1m parse bun None 0 81 170.79 
RUN records_object_1m parse perry None 0 81 162.89 
RUN records_object_1m parse node None 0 81 214.33 
RUN records_object_1m parse baseline None 0 81 164.17 
RUN records_object_1m parse baseline None 1 81 164.26 
RUN records_object_1m parse node None 1 81 228.74 
RUN records_object_1m parse bun None 1 81 172.9 
RUN records_object_1m parse perry None 1 81 163.54 
RUN records_object_1m parse baseline None 2 81 164.06 
RUN records_object_1m parse bun None 2 81 171.27 
RUN records_object_1m parse node None 2 81 220.5 
RUN records_object_1m parse perry None 2 81 163.3 
RUN records_object_1m parse node None 3 81 220.39 
RUN records_object_1m parse baseline None 3 81 164.59 
RUN records_object_1m parse perry None 3 81 163.32 
RUN records_object_1m parse bun None 3 81 171.33 
RUN records_object_1m parse node None 4 81 212.42 
RUN records_object_1m parse baseline None 4 81 164.46 
RUN records_object_1m parse perry None 4 81 163.27 
RUN records_object_1m parse bun None 4 81 170.77 
RUN records_object_1m stringify baseline None 0 229 148.34 
RUN records_object_1m stringify node None 0 229 187.39 
RUN records_object_1m stringify perry None 0 229 149.04 
RUN records_object_1m stringify bun None 0 229 219.0 
RUN records_object_1m stringify node None 1 229 186.93 
RUN records_object_1m stringify bun None 1 229 219.63 
RUN records_object_1m stringify baseline None 1 229 149.14 
RUN records_object_1m stringify perry None 1 229 149.55 
RUN records_object_1m stringify node None 2 229 188.3 
RUN records_object_1m stringify baseline None 2 229 149.07 
RUN records_object_1m stringify perry None 2 229 148.19 
RUN records_object_1m stringify bun None 2 229 219.74 
RUN records_object_1m stringify node None 3 229 188.1 
RUN records_object_1m stringify perry None 3 229 148.34 
RUN records_object_1m stringify bun None 3 229 219.21 
RUN records_object_1m stringify baseline None 3 229 148.74 
RUN records_object_1m stringify perry None 4 229 148.87 
RUN records_object_1m stringify baseline None 4 229 149.42 
RUN records_object_1m stringify bun None 4 229 219.59 
RUN records_object_1m stringify node None 4 229 186.87 
RUN records_array_8m parse perry None 0 16 133.22 
RUN records_array_8m parse bun None 0 16 286.59 
RUN records_array_8m parse node None 0 16 340.29 
RUN records_array_8m parse baseline None 0 16 169.19 
RUN records_array_8m parse node None 1 16 374.93 
RUN records_array_8m parse bun None 1 16 284.72 
RUN records_array_8m parse baseline None 1 16 169.43 
RUN records_array_8m parse perry None 1 16 132.12 
RUN records_array_8m parse node None 2 16 352.53 
RUN records_array_8m parse bun None 2 16 284.36 
RUN records_array_8m parse baseline None 2 16 169.19 
RUN records_array_8m parse perry None 2 16 133.01 
RUN records_array_8m parse bun None 3 16 285.03 
RUN records_array_8m parse baseline None 3 16 169.43 
RUN records_array_8m parse perry None 3 16 132.18 
RUN records_array_8m parse node None 3 16 367.12 
RUN records_array_8m parse baseline None 4 16 169.46 
RUN records_array_8m parse bun None 4 16 284.9 
RUN records_array_8m parse node None 4 16 366.67 
RUN records_array_8m parse perry None 4 16 132.85 
RUN records_array_8m stringify perry None 0 29 136.83 
RUN records_array_8m stringify node None 0 29 193.88 
RUN records_array_8m stringify bun None 0 29 224.23 
RUN records_array_8m stringify baseline None 0 29 138.26 
RUN records_array_8m stringify bun None 1 29 224.09 
RUN records_array_8m stringify node None 1 29 193.66 
RUN records_array_8m stringify baseline None 1 29 138.71 
RUN records_array_8m stringify perry None 1 29 137.41 
RUN records_array_8m stringify perry None 2 29 137.29 
RUN records_array_8m stringify node None 2 29 196.44 
RUN records_array_8m stringify bun None 2 29 222.97 
RUN records_array_8m stringify baseline None 2 29 138.07 
RUN records_array_8m stringify bun None 3 29 221.88 
RUN records_array_8m stringify node None 3 29 194.14 
RUN records_array_8m stringify perry None 3 29 138.44 
RUN records_array_8m stringify baseline None 3 29 139.06 
RUN records_array_8m stringify node None 4 29 196.49 
RUN records_array_8m stringify baseline None 4 29 138.13 
RUN records_array_8m stringify perry None 4 29 137.25 
RUN records_array_8m stringify bun None 4 29 225.02 
RUN records_array_8m sparse baseline None 0 15 167.6 
RUN records_array_8m sparse perry None 0 15 133.98 
RUN records_array_8m sparse node None 0 15 327.2 
RUN records_array_8m sparse bun None 0 15 268.84 
RUN records_array_8m sparse node None 1 15 338.58 
RUN records_array_8m sparse perry None 1 15 132.86 
RUN records_array_8m sparse baseline None 1 15 167.89 
RUN records_array_8m sparse bun None 1 15 268.57 
RUN records_array_8m sparse node None 2 15 348.69 
RUN records_array_8m sparse bun None 2 15 268.33 
RUN records_array_8m sparse perry None 2 15 134.1 
RUN records_array_8m sparse baseline None 2 15 167.53 
RUN records_array_8m sparse node None 3 15 336.83 
RUN records_array_8m sparse perry None 3 15 133.36 
RUN records_array_8m sparse baseline None 3 15 167.6 
RUN records_array_8m sparse bun None 3 15 270.67 
RUN records_array_8m sparse perry None 4 15 133.79 
RUN records_array_8m sparse bun None 4 15 269.91 
RUN records_array_8m sparse node None 4 15 325.77 
RUN records_array_8m sparse baseline None 4 15 167.59 
RUN records_array_8m scan perry None 0 8 181.25 
RUN records_array_8m scan baseline None 0 8 199.88 
RUN records_array_8m scan node None 0 8 175.12 
RUN records_array_8m scan bun None 0 8 145.79 
RUN records_array_8m scan perry None 1 8 181.39 
RUN records_array_8m scan node None 1 8 171.84 
RUN records_array_8m scan baseline None 1 8 200.45 
RUN records_array_8m scan bun None 1 8 146.06 
RUN records_array_8m scan bun None 2 8 145.71 
RUN records_array_8m scan baseline None 2 8 200.17 
RUN records_array_8m scan node None 2 8 174.06 
RUN records_array_8m scan perry None 2 8 181.26 
RUN records_array_8m scan node None 3 8 173.02 
RUN records_array_8m scan baseline None 3 8 200.3 
RUN records_array_8m scan bun None 3 8 145.64 
RUN records_array_8m scan perry None 3 8 181.72 
RUN records_array_8m scan bun None 4 8 145.92 
RUN records_array_8m scan node None 4 8 185.52 
RUN records_array_8m scan perry None 4 8 181.37 
RUN records_array_8m scan baseline None 4 8 201.18 
RUN records_array_8m roundtrip perry None 0 11 144.9 
RUN records_array_8m roundtrip bun None 0 11 280.43 
RUN records_array_8m roundtrip baseline None 0 11 169.74 
RUN records_array_8m roundtrip node None 0 11 299.26 
RUN records_array_8m roundtrip node None 1 11 308.02 
RUN records_array_8m roundtrip bun None 1 11 307.92 
RUN records_array_8m roundtrip perry None 1 11 144.54 
RUN records_array_8m roundtrip baseline None 1 11 169.68 
RUN records_array_8m roundtrip node None 2 11 324.06 
RUN records_array_8m roundtrip bun None 2 11 278.93 
RUN records_array_8m roundtrip perry None 2 11 144.65 
RUN records_array_8m roundtrip baseline None 2 11 169.06 
RUN records_array_8m roundtrip node None 3 11 308.92 
RUN records_array_8m roundtrip baseline None 3 11 169.81 
RUN records_array_8m roundtrip bun None 3 11 280.61 
RUN records_array_8m roundtrip perry None 3 11 145.85 
RUN records_array_8m roundtrip bun None 4 11 279.65 
RUN records_array_8m roundtrip node None 4 11 311.79 
RUN records_array_8m roundtrip baseline None 4 11 169.97 
RUN records_array_8m roundtrip perry None 4 11 145.48 
RUN records_object_8m parse bun None 0 10 178.26 
RUN records_object_8m parse perry None 0 10 159.52 
RUN records_object_8m parse baseline None 0 10 160.23 
RUN records_object_8m parse node None 0 10 223.05 
RUN records_object_8m parse node None 1 10 221.55 
RUN records_object_8m parse bun None 1 10 178.67 
RUN records_object_8m parse baseline None 1 10 160.26 
RUN records_object_8m parse perry None 1 10 159.35 
RUN records_object_8m parse baseline None 2 10 160.29 
RUN records_object_8m parse bun None 2 10 178.78 
RUN records_object_8m parse node None 2 10 236.14 
RUN records_object_8m parse perry None 2 10 159.59 
RUN records_object_8m parse bun None 3 10 179.14 
RUN records_object_8m parse node None 3 10 240.45 
RUN records_object_8m parse baseline None 3 10 160.21 
RUN records_object_8m parse perry None 3 10 159.47 
RUN records_object_8m parse perry None 4 10 160.22 
RUN records_object_8m parse node None 4 10 217.33 
RUN records_object_8m parse bun None 4 10 179.22 
RUN records_object_8m parse baseline None 4 10 160.24 
RUN records_object_8m stringify node None 0 29 192.65 
RUN records_object_8m stringify bun None 0 29 223.62 
RUN records_object_8m stringify perry None 0 29 138.49 
RUN records_object_8m stringify baseline None 0 29 140.06 
RUN records_object_8m stringify perry None 1 29 137.98 
RUN records_object_8m stringify node None 1 29 195.11 
RUN records_object_8m stringify bun None 1 29 221.31 
RUN records_object_8m stringify baseline None 1 29 138.86 
RUN records_object_8m stringify node None 2 29 195.16 
RUN records_object_8m stringify baseline None 2 29 138.31 
RUN records_object_8m stringify perry None 2 29 139.2 
RUN records_object_8m stringify bun None 2 29 223.77 
RUN records_object_8m stringify baseline None 3 29 138.79 
RUN records_object_8m stringify perry None 3 29 138.2 
RUN records_object_8m stringify node None 3 29 194.55 
RUN records_object_8m stringify bun None 3 29 221.22 
RUN records_object_8m stringify bun None 4 29 221.12 
RUN records_object_8m stringify perry None 4 29 138.21 
RUN records_object_8m stringify node None 4 29 192.48 
RUN records_object_8m stringify baseline None 4 29 138.95 
RUN records_array_20m parse perry None 0 4 157.79 
RUN records_array_20m parse node None 0 4 241.54 
RUN records_array_20m parse baseline None 0 4 158.5 
RUN records_array_20m parse bun None 0 4 175.44 
RUN records_array_20m parse perry None 1 4 157.91 
RUN records_array_20m parse node None 1 4 221.36 
RUN records_array_20m parse baseline None 1 4 158.39 
RUN records_array_20m parse bun None 1 4 175.53 
RUN records_array_20m parse perry None 2 4 157.71 
RUN records_array_20m parse node None 2 4 231.31 
RUN records_array_20m parse baseline None 2 4 158.38 
RUN records_array_20m parse bun None 2 4 176.37 
RUN records_array_20m parse bun None 3 4 175.62 
RUN records_array_20m parse node None 3 4 230.83 
RUN records_array_20m parse perry None 3 4 157.85 
RUN records_array_20m parse baseline None 3 4 158.24 
RUN records_array_20m parse bun None 4 4 175.95 
RUN records_array_20m parse perry None 4 4 157.89 
RUN records_array_20m parse node None 4 4 236.38 
RUN records_array_20m parse baseline None 4 4 158.5 
RUN records_array_20m stringify node None 0 12 205.02 
RUN records_array_20m stringify perry None 0 12 141.11 
RUN records_array_20m stringify baseline None 0 12 141.98 
RUN records_array_20m stringify bun None 0 12 232.78 
RUN records_array_20m stringify bun None 1 12 229.08 
RUN records_array_20m stringify perry None 1 12 140.76 
RUN records_array_20m stringify node None 1 12 205.61 
RUN records_array_20m stringify baseline None 1 12 141.96 
RUN records_array_20m stringify bun None 2 12 232.66 
RUN records_array_20m stringify node None 2 12 205.83 
RUN records_array_20m stringify baseline None 2 12 141.8 
RUN records_array_20m stringify perry None 2 12 140.85 
RUN records_array_20m stringify node None 3 12 207.71 
RUN records_array_20m stringify baseline None 3 12 142.46 
RUN records_array_20m stringify bun None 3 12 229.69 
RUN records_array_20m stringify perry None 3 12 140.99 
RUN records_array_20m stringify node None 4 12 205.34 
RUN records_array_20m stringify baseline None 4 12 141.85 
RUN records_array_20m stringify bun None 4 12 229.16 
RUN records_array_20m stringify perry None 4 12 140.92 
RUN records_array_20m sparse baseline None 0 4 158.1 
RUN records_array_20m sparse perry None 0 4 157.78 
RUN records_array_20m sparse node None 0 4 238.91 
RUN records_array_20m sparse bun None 0 4 175.79 
RUN records_array_20m sparse node None 1 4 246.62 
RUN records_array_20m sparse baseline None 1 4 158.71 
RUN records_array_20m sparse perry None 1 4 157.91 
RUN records_array_20m sparse bun None 1 4 176.04 
RUN records_array_20m sparse node None 2 4 225.67 
RUN records_array_20m sparse baseline None 2 4 158.4 
RUN records_array_20m sparse perry None 2 4 157.87 
RUN records_array_20m sparse bun None 2 4 175.8 
RUN records_array_20m sparse node None 3 4 235.07 
RUN records_array_20m sparse baseline None 3 4 158.3 
RUN records_array_20m sparse perry None 3 4 158.12 
RUN records_array_20m sparse bun None 3 4 176.0 
RUN records_array_20m sparse node None 4 4 231.29 
RUN records_array_20m sparse bun None 4 4 174.91 
RUN records_array_20m sparse baseline None 4 4 158.49 
RUN records_array_20m sparse perry None 4 4 157.76 
RUN records_array_20m scan node None 0 4 230.64 
RUN records_array_20m scan baseline None 0 4 162.22 
RUN records_array_20m scan bun None 0 4 177.72 
RUN records_array_20m scan perry None 0 4 162.25 
RUN records_array_20m scan bun None 1 4 177.49 
RUN records_array_20m scan perry None 1 4 161.84 
RUN records_array_20m scan node None 1 4 227.11 
RUN records_array_20m scan baseline None 1 4 162.39 
RUN records_array_20m scan baseline None 2 4 162.26 
RUN records_array_20m scan perry None 2 4 161.73 
RUN records_array_20m scan node None 2 4 235.57 
RUN records_array_20m scan bun None 2 4 180.03 
RUN records_array_20m scan node None 3 4 252.26 
RUN records_array_20m scan bun None 3 4 176.95 
RUN records_array_20m scan baseline None 3 4 162.29 
RUN records_array_20m scan perry None 3 4 161.86 
RUN records_array_20m scan baseline None 4 4 162.47 
RUN records_array_20m scan node None 4 4 231.49 
RUN records_array_20m scan perry None 4 4 162.07 
RUN records_array_20m scan bun None 4 4 178.29 
RUN records_array_20m roundtrip baseline None 0 2 197.6 
RUN records_array_20m roundtrip node None 0 2 149.55 
RUN records_array_20m roundtrip bun None 0 2 130.02 
RUN records_array_20m roundtrip perry None 0 2 197.23 
RUN records_array_20m roundtrip bun None 1 2 130.21 
RUN records_array_20m roundtrip node None 1 2 151.11 
RUN records_array_20m roundtrip baseline None 1 2 197.85 
RUN records_array_20m roundtrip perry None 1 2 197.3 
RUN records_array_20m roundtrip node None 2 2 147.37 
RUN records_array_20m roundtrip perry None 2 2 197.25 
RUN records_array_20m roundtrip baseline None 2 2 197.33 
RUN records_array_20m roundtrip bun None 2 2 130.32 
RUN records_array_20m roundtrip perry None 3 2 197.34 
RUN records_array_20m roundtrip node None 3 2 147.49 
RUN records_array_20m roundtrip bun None 3 2 129.59 
RUN records_array_20m roundtrip baseline None 3 2 197.48 
RUN records_array_20m roundtrip baseline None 4 2 197.27 
RUN records_array_20m roundtrip perry None 4 2 197.32 
RUN records_array_20m roundtrip node None 4 2 146.32 
RUN records_array_20m roundtrip bun None 4 2 129.67 
RUN records_object_20m parse perry None 0 4 158.11 
RUN records_object_20m parse baseline None 0 4 158.23 
RUN records_object_20m parse bun None 0 4 176.36 
RUN records_object_20m parse node None 0 4 231.63 
RUN records_object_20m parse bun None 1 4 175.46 
RUN records_object_20m parse baseline None 1 4 158.31 
RUN records_object_20m parse perry None 1 4 158.16 
RUN records_object_20m parse node None 1 4 223.21 
RUN records_object_20m parse perry None 2 4 158.2 
RUN records_object_20m parse bun None 2 4 175.77 
RUN records_object_20m parse node None 2 4 247.54 
RUN records_object_20m parse baseline None 2 4 158.19 
RUN records_object_20m parse perry None 3 4 157.62 
RUN records_object_20m parse node None 3 4 239.45 
RUN records_object_20m parse bun None 3 4 177.72 
RUN records_object_20m parse baseline None 3 4 158.63 
RUN records_object_20m parse baseline None 4 4 158.23 
RUN records_object_20m parse bun None 4 4 176.5 
RUN records_object_20m parse node None 4 4 233.81 
RUN records_object_20m parse perry None 4 4 158.1 
RUN records_object_20m stringify perry None 0 12 140.52 
RUN records_object_20m stringify baseline None 0 12 142.13 
RUN records_object_20m stringify node None 0 12 206.5 
RUN records_object_20m stringify bun None 0 12 229.56 
RUN records_object_20m stringify baseline None 1 12 141.85 
RUN records_object_20m stringify perry None 1 12 140.33 
RUN records_object_20m stringify node None 1 12 206.44 
RUN records_object_20m stringify bun None 1 12 229.43 
RUN records_object_20m stringify bun None 2 12 228.9 
RUN records_object_20m stringify node None 2 12 206.66 
RUN records_object_20m stringify baseline None 2 12 141.82 
RUN records_object_20m stringify perry None 2 12 140.18 
RUN records_object_20m stringify baseline None 3 12 141.74 
RUN records_object_20m stringify bun None 3 12 233.72 
RUN records_object_20m stringify perry None 3 12 140.68 
RUN records_object_20m stringify node None 3 12 206.58 
RUN records_object_20m stringify node None 4 12 206.4 
RUN records_object_20m stringify baseline None 4 12 141.76 
RUN records_object_20m stringify perry None 4 12 140.57 
RUN records_object_20m stringify bun None 4 12 233.59 
RUN numbers_1m parse baseline None 0 102 162.42 
RUN numbers_1m parse perry None 0 102 158.22 
RUN numbers_1m parse node None 0 102 313.92 
RUN numbers_1m parse bun None 0 102 326.46 
RUN numbers_1m parse baseline None 1 102 162.32 
RUN numbers_1m parse perry None 1 102 158.04 
RUN numbers_1m parse bun None 1 102 326.82 
RUN numbers_1m parse node None 1 102 313.9 
RUN numbers_1m parse perry None 2 102 158.3 
RUN numbers_1m parse node None 2 102 314.36 
RUN numbers_1m parse baseline None 2 102 162.3 
RUN numbers_1m parse bun None 2 102 325.81 
RUN numbers_1m parse bun None 3 102 326.17 
RUN numbers_1m parse perry None 3 102 158.07 
RUN numbers_1m parse baseline None 3 102 162.04 
RUN numbers_1m parse node None 3 102 314.1 
RUN numbers_1m parse perry None 4 102 158.57 
RUN numbers_1m parse bun None 4 102 324.78 
RUN numbers_1m parse baseline None 4 102 161.89 
RUN numbers_1m parse node None 4 102 313.85 
RUN numbers_1m stringify baseline None 0 147 149.17 
RUN numbers_1m stringify node None 0 147 285.68 
RUN numbers_1m stringify bun None 0 147 432.28 
RUN numbers_1m stringify perry None 0 147 149.76 
RUN numbers_1m stringify node None 1 147 285.67 
RUN numbers_1m stringify bun None 1 147 431.91 
RUN numbers_1m stringify baseline None 1 147 149.59 
RUN numbers_1m stringify perry None 1 147 148.89 
RUN numbers_1m stringify baseline None 2 147 148.78 
RUN numbers_1m stringify bun None 2 147 432.54 
RUN numbers_1m stringify node None 2 147 286.26 
RUN numbers_1m stringify perry None 2 147 148.85 
RUN numbers_1m stringify bun None 3 147 431.81 
RUN numbers_1m stringify baseline None 3 147 148.94 
RUN numbers_1m stringify perry None 3 147 149.59 
RUN numbers_1m stringify node None 3 147 285.35 
RUN numbers_1m stringify node None 4 147 285.74 
RUN numbers_1m stringify bun None 4 147 432.41 
RUN numbers_1m stringify perry None 4 147 149.0 
RUN numbers_1m stringify baseline None 4 147 148.92 
RUN long_string_1m parse perry None 0 2806 0.97 
RUN long_string_1m parse node None 0 2806 1018.85 
RUN long_string_1m parse baseline None 0 2806 0.97 
RUN long_string_1m parse bun None 0 2806 178.99 
RUN long_string_1m parse node None 1 2806 1017.19 
RUN long_string_1m parse perry None 1 2806 0.98 
RUN long_string_1m parse bun None 1 2806 178.65 
RUN long_string_1m parse baseline None 1 2806 0.98 
RUN long_string_1m parse bun None 2 2806 177.99 
RUN long_string_1m parse baseline None 2 2806 0.97 
RUN long_string_1m parse perry None 2 2806 0.98 
RUN long_string_1m parse node None 2 2806 1019.2 
RUN long_string_1m parse node None 3 2806 1017.74 
RUN long_string_1m parse baseline None 3 2806 0.97 
RUN long_string_1m parse perry None 3 2806 0.98 
RUN long_string_1m parse bun None 3 2806 177.89 
RUN long_string_1m parse baseline None 4 2806 0.98 
RUN long_string_1m parse bun None 4 2806 177.51 
RUN long_string_1m parse node None 4 2806 1032.32 
RUN long_string_1m parse perry None 4 2806 0.98 
RUN long_string_1m stringify node None 0 1922 191.93 
RUN long_string_1m stringify bun None 0 1922 180.44 
RUN long_string_1m stringify perry None 0 1922 64.39 
RUN long_string_1m stringify baseline None 0 1922 69.8 
RUN long_string_1m stringify baseline None 1 1922 67.43 
RUN long_string_1m stringify bun None 1 1922 180.54 
RUN long_string_1m stringify perry None 1 1922 69.44 
RUN long_string_1m stringify node None 1 1922 198.81 
RUN long_string_1m stringify bun None 2 1922 180.14 
RUN long_string_1m stringify perry None 2 1922 69.75 
RUN long_string_1m stringify baseline None 2 1922 62.65 
RUN long_string_1m stringify node None 2 1922 191.64 
RUN long_string_1m stringify perry None 3 1922 66.11 
RUN long_string_1m stringify baseline None 3 1922 65.97 
RUN long_string_1m stringify bun None 3 1922 180.67 
RUN long_string_1m stringify node None 3 1922 191.92 
RUN long_string_1m stringify perry None 4 1922 61.79 
RUN long_string_1m stringify bun None 4 1922 180.8 
RUN long_string_1m stringify node None 4 1922 191.21 
RUN long_string_1m stringify baseline None 4 1922 66.65 
RUN escaped_1m parse baseline None 0 158 156.22 
RUN escaped_1m parse perry None 0 158 154.86 
RUN escaped_1m parse node None 0 158 274.1 
RUN escaped_1m parse bun None 0 158 327.42 
RUN escaped_1m parse bun None 1 158 326.9 
RUN escaped_1m parse baseline None 1 158 156.05 
RUN escaped_1m parse perry None 1 158 155.5 
RUN escaped_1m parse node None 1 158 274.12 
RUN escaped_1m parse perry None 2 158 155.35 
RUN escaped_1m parse node None 2 158 273.98 
RUN escaped_1m parse bun None 2 158 327.3 
RUN escaped_1m parse baseline None 2 158 156.0 
RUN escaped_1m parse perry None 3 158 154.59 
RUN escaped_1m parse baseline None 3 158 156.36 
RUN escaped_1m parse bun None 3 158 326.62 
RUN escaped_1m parse node None 3 158 274.01 
RUN escaped_1m parse perry None 4 158 154.74 
RUN escaped_1m parse node None 4 158 274.19 
RUN escaped_1m parse bun None 4 158 327.04 
RUN escaped_1m parse baseline None 4 158 156.32 
RUN escaped_1m stringify perry None 0 166 146.8 
RUN escaped_1m stringify node None 0 166 310.27 
RUN escaped_1m stringify baseline None 0 166 147.06 
RUN escaped_1m stringify bun None 0 166 345.42 
RUN escaped_1m stringify node None 1 166 311.33 
RUN escaped_1m stringify perry None 1 166 146.82 
RUN escaped_1m stringify baseline None 1 166 146.78 
RUN escaped_1m stringify bun None 1 166 345.52 
RUN escaped_1m stringify bun None 2 166 343.74 
RUN escaped_1m stringify baseline None 2 166 146.86 
RUN escaped_1m stringify perry None 2 166 146.83 
RUN escaped_1m stringify node None 2 166 309.79 
RUN escaped_1m stringify bun None 3 166 345.1 
RUN escaped_1m stringify perry None 3 166 147.2 
RUN escaped_1m stringify node None 3 166 311.74 
RUN escaped_1m stringify baseline None 3 166 147.0 
RUN escaped_1m stringify baseline None 4 166 146.87 
RUN escaped_1m stringify bun None 4 166 344.53 
RUN escaped_1m stringify perry None 4 166 146.84 
RUN escaped_1m stringify node None 4 166 310.13 
RUN unicode_1m parse node None 0 2786 1224.09 
RUN unicode_1m parse perry None 0 2786 0.97 
RUN unicode_1m parse bun None 0 2786 159.36 
RUN unicode_1m parse baseline None 0 2786 0.97 
RUN unicode_1m parse perry None 1 2786 0.97 
RUN unicode_1m parse node None 1 2786 1221.9 
RUN unicode_1m parse bun None 1 2786 159.68 
RUN unicode_1m parse baseline None 1 2786 0.97 
RUN unicode_1m parse perry None 2 2786 0.97 
RUN unicode_1m parse node None 2 2786 1241.48 
RUN unicode_1m parse bun None 2 2786 159.1 
RUN unicode_1m parse baseline None 2 2786 0.97 
RUN unicode_1m parse perry None 3 2786 0.97 
RUN unicode_1m parse bun None 3 2786 158.81 
RUN unicode_1m parse node None 3 2786 1223.48 
RUN unicode_1m parse baseline None 3 2786 0.97 
RUN unicode_1m parse perry None 4 2786 0.97 
RUN unicode_1m parse node None 4 2786 1214.63 
RUN unicode_1m parse baseline None 4 2786 0.98 
RUN unicode_1m parse bun None 4 2786 158.87 
RUN unicode_1m stringify bun None 0 2475 1108.1 
RUN unicode_1m stringify node None 0 2475 1022.27 
RUN unicode_1m stringify baseline None 0 2475 67.62 
RUN unicode_1m stringify perry None 0 2475 70.68 
RUN unicode_1m stringify baseline None 1 2475 73.21 
RUN unicode_1m stringify perry None 1 2475 65.13 
RUN unicode_1m stringify bun None 1 2475 1110.7 
RUN unicode_1m stringify node None 1 2475 1010.44 
RUN unicode_1m stringify perry None 2 2475 68.88 
RUN unicode_1m stringify bun None 2 2475 1110.19 
RUN unicode_1m stringify node None 2 2475 1010.2 
RUN unicode_1m stringify baseline None 2 2475 64.52 
RUN unicode_1m stringify node None 3 2475 1009.51 
RUN unicode_1m stringify baseline None 3 2475 63.08 
RUN unicode_1m stringify perry None 3 2475 64.5 
RUN unicode_1m stringify bun None 3 2475 1101.74 
RUN unicode_1m stringify bun None 4 2475 1105.73 
RUN unicode_1m stringify baseline None 4 2475 69.85 
RUN unicode_1m stringify node None 4 2475 1009.57 
RUN unicode_1m stringify perry None 4 2475 74.51 
RUN wide_1m parse perry None 0 64 185.47 
RUN wide_1m parse baseline None 0 64 184.89 
RUN wide_1m parse bun None 0 64 263.56 
RUN wide_1m parse node None 0 64 321.37 
RUN wide_1m parse node None 1 64 320.66 
RUN wide_1m parse baseline None 1 64 185.17 
RUN wide_1m parse bun None 1 64 263.96 
RUN wide_1m parse perry None 1 64 185.17 
RUN wide_1m parse baseline None 2 64 185.24 
RUN wide_1m parse perry None 2 64 185.13 
RUN wide_1m parse node None 2 64 326.18 
RUN wide_1m parse bun None 2 64 265.31 
RUN wide_1m parse bun None 3 64 263.67 
RUN wide_1m parse perry None 3 64 184.99 
RUN wide_1m parse node None 3 64 321.56 
RUN wide_1m parse baseline None 3 64 185.28 
RUN wide_1m parse baseline None 4 64 185.44 
RUN wide_1m parse bun None 4 64 264.27 
RUN wide_1m parse perry None 4 64 185.33 
RUN wide_1m parse node None 4 64 323.13 
RUN wide_1m stringify bun None 0 232 153.39 
RUN wide_1m stringify baseline None 0 232 147.54 
RUN wide_1m stringify node None 0 232 1460.83 
RUN wide_1m stringify perry None 0 232 147.28 
RUN wide_1m stringify node None 1 232 1471.74 
RUN wide_1m stringify perry None 1 232 146.96 
RUN wide_1m stringify baseline None 1 232 147.03 
RUN wide_1m stringify bun None 1 232 153.32 
RUN wide_1m stringify bun None 2 232 153.02 
RUN wide_1m stringify perry None 2 232 147.2 
RUN wide_1m stringify baseline None 2 232 147.26 
RUN wide_1m stringify node None 2 232 1465.69 
RUN wide_1m stringify perry None 3 232 146.99 
RUN wide_1m stringify bun None 3 232 153.4 
RUN wide_1m stringify node None 3 232 1475.26 
RUN wide_1m stringify baseline None 3 232 147.18 
RUN wide_1m stringify node None 4 232 1474.67 
RUN wide_1m stringify bun None 4 232 153.49 
RUN wide_1m stringify baseline None 4 232 147.1 
RUN wide_1m stringify perry None 4 232 146.95 
RUN heterogeneous_1m parse bun None 0 142 407.01 
RUN heterogeneous_1m parse node None 0 142 532.47 
RUN heterogeneous_1m parse perry None 0 142 159.19 
RUN heterogeneous_1m parse baseline None 0 142 198.63 
RUN heterogeneous_1m parse bun None 1 142 405.25 
RUN heterogeneous_1m parse baseline None 1 142 199.05 
RUN heterogeneous_1m parse perry None 1 142 159.92 
RUN heterogeneous_1m parse node None 1 142 532.39 
RUN heterogeneous_1m parse node None 2 142 534.91 
RUN heterogeneous_1m parse perry None 2 142 158.61 
RUN heterogeneous_1m parse baseline None 2 142 199.14 
RUN heterogeneous_1m parse bun None 2 142 405.28 
RUN heterogeneous_1m parse node None 3 142 531.9 
RUN heterogeneous_1m parse perry None 3 142 158.52 
RUN heterogeneous_1m parse bun None 3 142 401.41 
RUN heterogeneous_1m parse baseline None 3 142 198.94 
RUN heterogeneous_1m parse perry None 4 142 159.61 
RUN heterogeneous_1m parse bun None 4 142 407.55 
RUN heterogeneous_1m parse baseline None 4 142 199.36 
RUN heterogeneous_1m parse node None 4 142 544.76 
RUN heterogeneous_1m stringify node None 0 218 188.94 
RUN heterogeneous_1m stringify perry None 0 218 156.59 
RUN heterogeneous_1m stringify baseline None 0 218 155.86 
RUN heterogeneous_1m stringify bun None 0 218 228.78 
RUN heterogeneous_1m stringify node None 1 218 189.12 
RUN heterogeneous_1m stringify baseline None 1 218 155.87 
RUN heterogeneous_1m stringify bun None 1 218 228.4 
RUN heterogeneous_1m stringify perry None 1 218 156.35 
RUN heterogeneous_1m stringify baseline None 2 218 156.01 
RUN heterogeneous_1m stringify node None 2 218 188.74 
RUN heterogeneous_1m stringify perry None 2 218 156.58 
RUN heterogeneous_1m stringify bun None 2 218 228.9 
RUN heterogeneous_1m stringify node None 3 218 193.5 
RUN heterogeneous_1m stringify bun None 3 218 230.05 
RUN heterogeneous_1m stringify perry None 3 218 156.64 
RUN heterogeneous_1m stringify baseline None 3 218 155.91 
RUN heterogeneous_1m stringify node None 4 218 188.58 
RUN heterogeneous_1m stringify bun None 4 218 228.59 
RUN heterogeneous_1m stringify baseline None 4 218 156.42 
RUN heterogeneous_1m stringify perry None 4 218 156.46 
MEM tiny_object retain-parse perry 1 11.9 
MEM tiny_object retain-parse node 1 52.8 
MEM tiny_object retain-parse bun 1 28.3 
MEM tiny_object retain-parse baseline 1 11.8 
MEM tiny_object retain-parse perry 1 11.9 
MEM tiny_object retain-parse node 1 52.8 
MEM tiny_object retain-parse bun 1 28.3 
MEM tiny_object retain-parse baseline 1 11.8 
MEM tiny_object retain-parse perry 1 11.9 
MEM tiny_object retain-parse node 1 52.7 
MEM tiny_object retain-parse bun 1 28.3 
MEM tiny_object retain-parse baseline 1 11.9 
MEM tiny_object retain-parse perry 1 11.9 
MEM tiny_object retain-parse node 1 52.8 
MEM tiny_object retain-parse bun 1 28.4 
MEM tiny_object retain-parse baseline 1 11.8 
MEM tiny_object retain-parse perry 1 11.9 
MEM tiny_object retain-parse node 1 52.6 
MEM tiny_object retain-parse bun 1 28.3 
MEM tiny_object retain-parse baseline 1 11.9 
MEM tiny_object retain-parse perry 200000 24.4 
MEM tiny_object retain-parse node 200000 74.8 
MEM tiny_object retain-parse bun 200000 50.2 
MEM tiny_object retain-parse baseline 200000 24.3 
MEM tiny_object retain-parse perry 200000 24.4 
MEM tiny_object retain-parse node 200000 74.8 
MEM tiny_object retain-parse bun 200000 50.2 
MEM tiny_object retain-parse baseline 200000 24.4 
MEM tiny_object retain-parse perry 200000 24.4 
MEM tiny_object retain-parse node 200000 74.9 
MEM tiny_object retain-parse bun 200000 50.2 
MEM tiny_object retain-parse baseline 200000 24.4 
MEM tiny_object retain-parse perry 200000 24.4 
MEM tiny_object retain-parse node 200000 74.9 
MEM tiny_object retain-parse bun 200000 50.2 
MEM tiny_object retain-parse baseline 200000 24.3 
MEM tiny_object retain-parse perry 200000 24.4 
MEM tiny_object retain-parse node 200000 74.7 
MEM tiny_object retain-parse bun 200000 50.2 
MEM tiny_object retain-parse baseline 200000 24.4 
MEM tiny_object retain-stringify perry 1 12.0 
MEM tiny_object retain-stringify node 1 52.8 
MEM tiny_object retain-stringify bun 1 28.3 
MEM tiny_object retain-stringify baseline 1 11.9 
MEM tiny_object retain-stringify perry 1 12.0 
MEM tiny_object retain-stringify node 1 52.8 
MEM tiny_object retain-stringify bun 1 28.4 
MEM tiny_object retain-stringify baseline 1 11.9 
MEM tiny_object retain-stringify perry 1 12.0 
MEM tiny_object retain-stringify node 1 52.9 
MEM tiny_object retain-stringify bun 1 28.4 
MEM tiny_object retain-stringify baseline 1 11.9 
MEM tiny_object retain-stringify perry 1 12.0 
MEM tiny_object retain-stringify node 1 52.8 
MEM tiny_object retain-stringify bun 1 28.3 
MEM tiny_object retain-stringify baseline 1 11.9 
MEM tiny_object retain-stringify perry 1 12.0 
MEM tiny_object retain-stringify node 1 52.8 
MEM tiny_object retain-stringify bun 1 28.3 
MEM tiny_object retain-stringify baseline 1 11.9 
MEM tiny_object retain-stringify perry 200000 24.5 
MEM tiny_object retain-stringify node 200000 71.3 
MEM tiny_object retain-stringify bun 200000 47.0 
MEM tiny_object retain-stringify baseline 200000 24.4 
MEM tiny_object retain-stringify perry 200000 24.5 
MEM tiny_object retain-stringify node 200000 71.2 
MEM tiny_object retain-stringify bun 200000 47.0 
MEM tiny_object retain-stringify baseline 200000 24.4 
MEM tiny_object retain-stringify perry 200000 24.5 
MEM tiny_object retain-stringify node 200000 71.3 
MEM tiny_object retain-stringify bun 200000 47.0 
MEM tiny_object retain-stringify baseline 200000 24.4 
MEM tiny_object retain-stringify perry 200000 24.5 
MEM tiny_object retain-stringify node 200000 71.4 
MEM tiny_object retain-stringify bun 200000 47.0 
MEM tiny_object retain-stringify baseline 200000 24.4 
MEM tiny_object retain-stringify perry 200000 24.5 
MEM tiny_object retain-stringify node 200000 71.3 
MEM tiny_object retain-stringify bun 200000 47.1 
MEM tiny_object retain-stringify baseline 200000 24.4 
MEM small_record retain-parse perry 1 11.9 
MEM small_record retain-parse node 1 52.8 
MEM small_record retain-parse bun 1 28.3 
MEM small_record retain-parse baseline 1 11.8 
MEM small_record retain-parse perry 1 11.9 
MEM small_record retain-parse node 1 52.8 
MEM small_record retain-parse bun 1 28.3 
MEM small_record retain-parse baseline 1 11.8 
MEM small_record retain-parse perry 1 11.9 
MEM small_record retain-parse node 1 52.8 
MEM small_record retain-parse bun 1 28.2 
MEM small_record retain-parse baseline 1 11.8 
MEM small_record retain-parse perry 1 11.9 
MEM small_record retain-parse node 1 52.7 
MEM small_record retain-parse bun 1 28.3 
MEM small_record retain-parse baseline 1 11.8 
MEM small_record retain-parse perry 1 11.9 
MEM small_record retain-parse node 1 52.7 
MEM small_record retain-parse bun 1 28.3 
MEM small_record retain-parse baseline 1 11.8 
MEM small_record retain-parse perry 100000 24.4 
MEM small_record retain-parse node 100000 85.5 
MEM small_record retain-parse bun 100000 52.7 
MEM small_record retain-parse baseline 100000 24.4 
MEM small_record retain-parse perry 100000 24.4 
MEM small_record retain-parse node 100000 85.5 
MEM small_record retain-parse bun 100000 52.7 
MEM small_record retain-parse baseline 100000 24.4 
MEM small_record retain-parse perry 100000 24.4 
MEM small_record retain-parse node 100000 86.1 
MEM small_record retain-parse bun 100000 52.8 
MEM small_record retain-parse baseline 100000 24.4 
MEM small_record retain-parse perry 100000 24.4 
MEM small_record retain-parse node 100000 86.1 
MEM small_record retain-parse bun 100000 52.7 
MEM small_record retain-parse baseline 100000 24.4 
MEM small_record retain-parse perry 100000 24.4 
MEM small_record retain-parse node 100000 85.6 
MEM small_record retain-parse bun 100000 52.7 
MEM small_record retain-parse baseline 100000 24.4 
MEM small_record retain-stringify perry 1 12.0 
MEM small_record retain-stringify node 1 52.9 
MEM small_record retain-stringify bun 1 28.4 
MEM small_record retain-stringify baseline 1 11.9 
MEM small_record retain-stringify perry 1 12.0 
MEM small_record retain-stringify node 1 52.9 
MEM small_record retain-stringify bun 1 28.4 
MEM small_record retain-stringify baseline 1 11.9 
MEM small_record retain-stringify perry 1 12.0 
MEM small_record retain-stringify node 1 52.8 
MEM small_record retain-stringify bun 1 28.4 
MEM small_record retain-stringify baseline 1 11.9 
MEM small_record retain-stringify perry 1 12.0 
MEM small_record retain-stringify node 1 52.9 
MEM small_record retain-stringify bun 1 28.3 
MEM small_record retain-stringify baseline 1 11.9 
MEM small_record retain-stringify perry 1 12.0 
MEM small_record retain-stringify node 1 52.9 
MEM small_record retain-stringify bun 1 28.3 
MEM small_record retain-stringify baseline 1 11.9 
MEM small_record retain-stringify perry 100000 27.7 
MEM small_record retain-stringify node 100000 80.4 
MEM small_record retain-stringify bun 100000 51.0 
MEM small_record retain-stringify baseline 100000 27.6 
MEM small_record retain-stringify perry 100000 27.7 
MEM small_record retain-stringify node 100000 80.4 
MEM small_record retain-stringify bun 100000 51.1 
MEM small_record retain-stringify baseline 100000 27.6 
MEM small_record retain-stringify perry 100000 27.7 
MEM small_record retain-stringify node 100000 80.4 
MEM small_record retain-stringify bun 100000 51.0 
MEM small_record retain-stringify baseline 100000 27.6 
MEM small_record retain-stringify perry 100000 27.7 
MEM small_record retain-stringify node 100000 80.4 
MEM small_record retain-stringify bun 100000 51.1 
MEM small_record retain-stringify baseline 100000 27.6 
MEM small_record retain-stringify perry 100000 27.7 
MEM small_record retain-stringify node 100000 80.4 
MEM small_record retain-stringify bun 100000 51.1 
MEM small_record retain-stringify baseline 100000 27.6 
MEM records_array_1m retain-parse perry 1 16.6 
MEM records_array_1m retain-parse node 1 58.5 
MEM records_array_1m retain-parse bun 1 31.7 
MEM records_array_1m retain-parse baseline 1 16.5 
MEM records_array_1m retain-parse perry 1 16.6 
MEM records_array_1m retain-parse node 1 58.4 
MEM records_array_1m retain-parse bun 1 31.7 
MEM records_array_1m retain-parse baseline 1 16.5 
MEM records_array_1m retain-parse perry 1 16.6 
MEM records_array_1m retain-parse node 1 58.4 
MEM records_array_1m retain-parse bun 1 31.7 
MEM records_array_1m retain-parse baseline 1 16.5 
MEM records_array_1m retain-parse perry 1 16.6 
MEM records_array_1m retain-parse node 1 58.5 
MEM records_array_1m retain-parse bun 1 31.7 
MEM records_array_1m retain-parse baseline 1 16.5 
MEM records_array_1m retain-parse perry 1 16.6 
MEM records_array_1m retain-parse node 1 58.5 
MEM records_array_1m retain-parse bun 1 31.7 
MEM records_array_1m retain-parse baseline 1 16.5 
MEM records_array_1m retain-parse perry 16 40.5 
MEM records_array_1m retain-parse node 16 88.9 
MEM records_array_1m retain-parse bun 16 55.9 
MEM records_array_1m retain-parse baseline 16 40.4 
MEM records_array_1m retain-parse perry 16 40.5 
MEM records_array_1m retain-parse node 16 88.8 
MEM records_array_1m retain-parse bun 16 55.9 
MEM records_array_1m retain-parse baseline 16 40.4 
MEM records_array_1m retain-parse perry 16 40.5 
MEM records_array_1m retain-parse node 16 88.9 
MEM records_array_1m retain-parse bun 16 55.9 
MEM records_array_1m retain-parse baseline 16 40.4 
MEM records_array_1m retain-parse perry 16 40.5 
MEM records_array_1m retain-parse node 16 88.8 
MEM records_array_1m retain-parse bun 16 55.9 
MEM records_array_1m retain-parse baseline 16 40.4 
MEM records_array_1m retain-parse perry 16 40.5 
MEM records_array_1m retain-parse node 16 88.8 
MEM records_array_1m retain-parse bun 16 55.9 
MEM records_array_1m retain-parse baseline 16 40.4 
MEM records_array_1m retain-stringify perry 1 19.1 
MEM records_array_1m retain-stringify node 1 60.6 
MEM records_array_1m retain-stringify bun 1 34.5 
MEM records_array_1m retain-stringify baseline 1 19.1 
MEM records_array_1m retain-stringify perry 1 19.1 
MEM records_array_1m retain-stringify node 1 60.7 
MEM records_array_1m retain-stringify bun 1 34.5 
MEM records_array_1m retain-stringify baseline 1 19.1 
MEM records_array_1m retain-stringify perry 1 19.1 
MEM records_array_1m retain-stringify node 1 60.5 
MEM records_array_1m retain-stringify bun 1 34.4 
MEM records_array_1m retain-stringify baseline 1 19.1 
MEM records_array_1m retain-stringify perry 1 19.1 
MEM records_array_1m retain-stringify node 1 60.6 
MEM records_array_1m retain-stringify bun 1 34.4 
MEM records_array_1m retain-stringify baseline 1 19.1 
MEM records_array_1m retain-stringify perry 1 19.1 
MEM records_array_1m retain-stringify node 1 60.6 
MEM records_array_1m retain-stringify bun 1 34.5 
MEM records_array_1m retain-stringify baseline 1 19.1 
MEM records_array_1m retain-stringify perry 16 31.8 
MEM records_array_1m retain-stringify node 16 76.4 
MEM records_array_1m retain-stringify bun 16 47.2 
MEM records_array_1m retain-stringify baseline 16 31.8 
MEM records_array_1m retain-stringify perry 16 31.8 
MEM records_array_1m retain-stringify node 16 76.3 
MEM records_array_1m retain-stringify bun 16 47.3 
MEM records_array_1m retain-stringify baseline 16 31.8 
MEM records_array_1m retain-stringify perry 16 31.8 
MEM records_array_1m retain-stringify node 16 76.4 
MEM records_array_1m retain-stringify bun 16 47.3 
MEM records_array_1m retain-stringify baseline 16 31.8 
MEM records_array_1m retain-stringify perry 16 31.8 
MEM records_array_1m retain-stringify node 16 76.6 
MEM records_array_1m retain-stringify bun 16 47.2 
MEM records_array_1m retain-stringify baseline 16 31.8 
MEM records_array_1m retain-stringify perry 16 31.8 
MEM records_array_1m retain-stringify node 16 76.4 
MEM records_array_1m retain-stringify bun 16 47.3 
MEM records_array_1m retain-stringify baseline 16 31.8 
MEM records_object_1m retain-parse perry 1 15.4 
MEM records_object_1m retain-parse node 1 58.5 
MEM records_object_1m retain-parse bun 1 31.7 
MEM records_object_1m retain-parse baseline 1 15.3 
MEM records_object_1m retain-parse perry 1 15.4 
MEM records_object_1m retain-parse node 1 58.4 
MEM records_object_1m retain-parse bun 1 31.6 
MEM records_object_1m retain-parse baseline 1 15.3 
MEM records_object_1m retain-parse perry 1 15.4 
MEM records_object_1m retain-parse node 1 58.6 
MEM records_object_1m retain-parse bun 1 31.6 
MEM records_object_1m retain-parse baseline 1 15.3 
MEM records_object_1m retain-parse perry 1 15.4 
MEM records_object_1m retain-parse node 1 58.5 
MEM records_object_1m retain-parse bun 1 31.7 
MEM records_object_1m retain-parse baseline 1 15.3 
MEM records_object_1m retain-parse perry 1 15.4 
MEM records_object_1m retain-parse node 1 58.5 
MEM records_object_1m retain-parse bun 1 31.7 
MEM records_object_1m retain-parse baseline 1 15.3 
MEM records_object_1m retain-parse perry 16 52.5 
MEM records_object_1m retain-parse node 16 88.7 
MEM records_object_1m retain-parse bun 16 55.9 
MEM records_object_1m retain-parse baseline 16 52.3 
MEM records_object_1m retain-parse perry 16 52.5 
MEM records_object_1m retain-parse node 16 88.9 
MEM records_object_1m retain-parse bun 16 56.0 
MEM records_object_1m retain-parse baseline 16 52.3 
MEM records_object_1m retain-parse perry 16 52.5 
MEM records_object_1m retain-parse node 16 88.8 
MEM records_object_1m retain-parse bun 16 56.0 
MEM records_object_1m retain-parse baseline 16 52.3 
MEM records_object_1m retain-parse perry 16 52.5 
MEM records_object_1m retain-parse node 16 88.9 
MEM records_object_1m retain-parse bun 16 55.9 
MEM records_object_1m retain-parse baseline 16 52.3 
MEM records_object_1m retain-parse perry 16 52.5 
MEM records_object_1m retain-parse node 16 88.9 
MEM records_object_1m retain-parse bun 16 55.9 
MEM records_object_1m retain-parse baseline 16 52.3 
MEM records_object_1m retain-stringify perry 1 19.2 
MEM records_object_1m retain-stringify node 1 60.6 
MEM records_object_1m retain-stringify bun 1 34.4 
MEM records_object_1m retain-stringify baseline 1 19.1 
MEM records_object_1m retain-stringify perry 1 19.2 
MEM records_object_1m retain-stringify node 1 60.7 
MEM records_object_1m retain-stringify bun 1 34.5 
MEM records_object_1m retain-stringify baseline 1 19.1 
MEM records_object_1m retain-stringify perry 1 19.2 
MEM records_object_1m retain-stringify node 1 60.6 
MEM records_object_1m retain-stringify bun 1 34.5 
MEM records_object_1m retain-stringify baseline 1 19.1 
MEM records_object_1m retain-stringify perry 1 19.2 
MEM records_object_1m retain-stringify node 1 60.6 
MEM records_object_1m retain-stringify bun 1 34.4 
MEM records_object_1m retain-stringify baseline 1 19.1 
MEM records_object_1m retain-stringify perry 1 19.2 
MEM records_object_1m retain-stringify node 1 60.6 
MEM records_object_1m retain-stringify bun 1 34.4 
MEM records_object_1m retain-stringify baseline 1 19.1 
MEM records_object_1m retain-stringify perry 16 31.8 
MEM records_object_1m retain-stringify node 16 76.3 
MEM records_object_1m retain-stringify bun 16 47.3 
MEM records_object_1m retain-stringify baseline 16 31.8 
MEM records_object_1m retain-stringify perry 16 31.8 
MEM records_object_1m retain-stringify node 16 76.5 
MEM records_object_1m retain-stringify bun 16 47.3 
MEM records_object_1m retain-stringify baseline 16 31.8 
MEM records_object_1m retain-stringify perry 16 31.8 
MEM records_object_1m retain-stringify node 16 76.4 
MEM records_object_1m retain-stringify bun 16 47.5 
MEM records_object_1m retain-stringify baseline 16 31.8 
MEM records_object_1m retain-stringify perry 16 31.8 
MEM records_object_1m retain-stringify node 16 76.4 
MEM records_object_1m retain-stringify bun 16 47.3 
MEM records_object_1m retain-stringify baseline 16 31.8 
MEM records_object_1m retain-stringify perry 16 31.8 
MEM records_object_1m retain-stringify node 16 76.5 
MEM records_object_1m retain-stringify bun 16 47.3 
MEM records_object_1m retain-stringify baseline 16 31.8 
MEM records_array_8m retain-parse perry 1 48.6 
MEM records_array_8m retain-parse node 1 94.3 
MEM records_array_8m retain-parse bun 1 52.4 
MEM records_array_8m retain-parse baseline 1 48.5 
MEM records_array_8m retain-parse perry 1 48.6 
MEM records_array_8m retain-parse node 1 94.5 
MEM records_array_8m retain-parse bun 1 52.4 
MEM records_array_8m retain-parse baseline 1 48.5 
MEM records_array_8m retain-parse perry 1 48.6 
MEM records_array_8m retain-parse node 1 94.4 
MEM records_array_8m retain-parse bun 1 52.3 
MEM records_array_8m retain-parse baseline 1 48.5 
MEM records_array_8m retain-parse perry 1 48.6 
MEM records_array_8m retain-parse node 1 94.5 
MEM records_array_8m retain-parse bun 1 52.3 
MEM records_array_8m retain-parse baseline 1 48.5 
MEM records_array_8m retain-parse perry 1 48.6 
MEM records_array_8m retain-parse node 1 94.2 
MEM records_array_8m retain-parse bun 1 52.4 
MEM records_array_8m retain-parse baseline 1 48.5 
MEM records_array_8m retain-parse perry 4 85.3 
MEM records_array_8m retain-parse node 4 146.9 
MEM records_array_8m retain-parse bun 4 92.0 
MEM records_array_8m retain-parse baseline 4 85.2 
MEM records_array_8m retain-parse perry 4 85.3 
MEM records_array_8m retain-parse node 4 147.0 
MEM records_array_8m retain-parse bun 4 91.8 
MEM records_array_8m retain-parse baseline 4 85.2 
MEM records_array_8m retain-parse perry 4 85.3 
MEM records_array_8m retain-parse node 4 147.1 
MEM records_array_8m retain-parse bun 4 91.9 
MEM records_array_8m retain-parse baseline 4 85.3 
MEM records_array_8m retain-parse perry 4 85.3 
MEM records_array_8m retain-parse node 4 147.1 
MEM records_array_8m retain-parse bun 4 92.1 
MEM records_array_8m retain-parse baseline 4 85.3 
MEM records_array_8m retain-parse perry 4 85.3 
MEM records_array_8m retain-parse node 4 147.0 
MEM records_array_8m retain-parse bun 4 92.0 
MEM records_array_8m retain-parse baseline 4 85.2 
MEM records_array_8m retain-stringify perry 1 77.3 
MEM records_array_8m retain-stringify node 1 114.3 
MEM records_array_8m retain-stringify bun 1 73.5 
MEM records_array_8m retain-stringify baseline 1 77.3 
MEM records_array_8m retain-stringify perry 1 77.4 
MEM records_array_8m retain-stringify node 1 114.2 
MEM records_array_8m retain-stringify bun 1 73.5 
MEM records_array_8m retain-stringify baseline 1 77.2 
MEM records_array_8m retain-stringify perry 1 77.3 
MEM records_array_8m retain-stringify node 1 114.3 
MEM records_array_8m retain-stringify bun 1 73.5 
MEM records_array_8m retain-stringify baseline 1 77.2 
MEM records_array_8m retain-stringify perry 1 77.4 
MEM records_array_8m retain-stringify node 1 114.3 
MEM records_array_8m retain-stringify bun 1 73.5 
MEM records_array_8m retain-stringify baseline 1 77.3 
MEM records_array_8m retain-stringify perry 1 77.4 
MEM records_array_8m retain-stringify node 1 114.2 
MEM records_array_8m retain-stringify bun 1 73.5 
MEM records_array_8m retain-stringify baseline 1 77.3 
MEM records_array_8m retain-stringify perry 4 98.7 
MEM records_array_8m retain-stringify node 4 144.0 
MEM records_array_8m retain-stringify bun 4 94.5 
MEM records_array_8m retain-stringify baseline 4 98.5 
MEM records_array_8m retain-stringify perry 4 98.7 
MEM records_array_8m retain-stringify node 4 143.9 
MEM records_array_8m retain-stringify bun 4 94.5 
MEM records_array_8m retain-stringify baseline 4 98.5 
MEM records_array_8m retain-stringify perry 4 98.7 
MEM records_array_8m retain-stringify node 4 144.0 
MEM records_array_8m retain-stringify bun 4 94.5 
MEM records_array_8m retain-stringify baseline 4 98.6 
MEM records_array_8m retain-stringify perry 4 98.6 
MEM records_array_8m retain-stringify node 4 144.0 
MEM records_array_8m retain-stringify bun 4 94.5 
MEM records_array_8m retain-stringify baseline 4 98.5 
MEM records_array_8m retain-stringify perry 4 98.7 
MEM records_array_8m retain-stringify node 4 143.6 
MEM records_array_8m retain-stringify bun 4 94.5 
MEM records_array_8m retain-stringify baseline 4 98.5 
MEM records_object_8m retain-parse perry 1 33.2 
MEM records_object_8m retain-parse node 1 94.5 
MEM records_object_8m retain-parse bun 1 52.3 
MEM records_object_8m retain-parse baseline 1 33.1 
MEM records_object_8m retain-parse perry 1 33.2 
MEM records_object_8m retain-parse node 1 94.3 
MEM records_object_8m retain-parse bun 1 52.3 
MEM records_object_8m retain-parse baseline 1 33.1 
MEM records_object_8m retain-parse perry 1 33.2 
MEM records_object_8m retain-parse node 1 94.4 
MEM records_object_8m retain-parse bun 1 52.3 
MEM records_object_8m retain-parse baseline 1 33.1 
MEM records_object_8m retain-parse perry 1 33.2 
MEM records_object_8m retain-parse node 1 94.4 
MEM records_object_8m retain-parse bun 1 52.3 
MEM records_object_8m retain-parse baseline 1 33.1 
MEM records_object_8m retain-parse perry 1 33.2 
MEM records_object_8m retain-parse node 1 94.4 
MEM records_object_8m retain-parse bun 1 52.4 
MEM records_object_8m retain-parse baseline 1 33.1 
MEM records_object_8m retain-parse perry 4 91.0 
MEM records_object_8m retain-parse node 4 147.1 
MEM records_object_8m retain-parse bun 4 91.9 
MEM records_object_8m retain-parse baseline 4 90.8 
MEM records_object_8m retain-parse perry 4 91.0 
MEM records_object_8m retain-parse node 4 147.0 
MEM records_object_8m retain-parse bun 4 92.0 
MEM records_object_8m retain-parse baseline 4 90.8 
MEM records_object_8m retain-parse perry 4 91.0 
MEM records_object_8m retain-parse node 4 147.1 
MEM records_object_8m retain-parse bun 4 92.0 
MEM records_object_8m retain-parse baseline 4 90.8 
MEM records_object_8m retain-parse perry 4 91.0 
MEM records_object_8m retain-parse node 4 147.1 
MEM records_object_8m retain-parse bun 4 91.8 
MEM records_object_8m retain-parse baseline 4 90.8 
MEM records_object_8m retain-parse perry 4 91.0 
MEM records_object_8m retain-parse node 4 147.2 
MEM records_object_8m retain-parse bun 4 92.0 
MEM records_object_8m retain-parse baseline 4 90.8 
MEM records_object_8m retain-stringify perry 1 77.4 
MEM records_object_8m retain-stringify node 1 114.3 
MEM records_object_8m retain-stringify bun 1 73.5 
MEM records_object_8m retain-stringify baseline 1 77.3 
MEM records_object_8m retain-stringify perry 1 77.4 
MEM records_object_8m retain-stringify node 1 114.3 
MEM records_object_8m retain-stringify bun 1 73.5 
MEM records_object_8m retain-stringify baseline 1 77.3 
MEM records_object_8m retain-stringify perry 1 77.4 
MEM records_object_8m retain-stringify node 1 114.2 
MEM records_object_8m retain-stringify bun 1 73.5 
MEM records_object_8m retain-stringify baseline 1 77.3 
MEM records_object_8m retain-stringify perry 1 77.4 
MEM records_object_8m retain-stringify node 1 114.2 
MEM records_object_8m retain-stringify bun 1 73.5 
MEM records_object_8m retain-stringify baseline 1 77.3 
MEM records_object_8m retain-stringify perry 1 77.4 
MEM records_object_8m retain-stringify node 1 114.2 
MEM records_object_8m retain-stringify bun 1 73.5 
MEM records_object_8m retain-stringify baseline 1 77.3 
MEM records_object_8m retain-stringify perry 4 98.7 
MEM records_object_8m retain-stringify node 4 144.1 
MEM records_object_8m retain-stringify bun 4 94.5 
MEM records_object_8m retain-stringify baseline 4 98.5 
MEM records_object_8m retain-stringify perry 4 98.6 
MEM records_object_8m retain-stringify node 4 144.0 
MEM records_object_8m retain-stringify bun 4 94.5 
MEM records_object_8m retain-stringify baseline 4 98.5 
MEM records_object_8m retain-stringify perry 4 98.6 
MEM records_object_8m retain-stringify node 4 143.9 
MEM records_object_8m retain-stringify bun 4 94.5 
MEM records_object_8m retain-stringify baseline 4 98.5 
MEM records_object_8m retain-stringify perry 4 98.7 
MEM records_object_8m retain-stringify node 4 143.7 
MEM records_object_8m retain-stringify bun 4 94.5 
MEM records_object_8m retain-stringify baseline 4 98.6 
MEM records_object_8m retain-stringify perry 4 98.6 
MEM records_object_8m retain-stringify node 4 143.9 
MEM records_object_8m retain-stringify bun 4 94.5 
MEM records_object_8m retain-stringify baseline 4 98.5 
MEM long_string_1m retain-parse perry 1 15.3 
MEM long_string_1m retain-parse node 1 56.6 
MEM long_string_1m retain-parse bun 1 30.6 
MEM long_string_1m retain-parse baseline 1 15.2 
MEM long_string_1m retain-parse perry 1 15.3 
MEM long_string_1m retain-parse node 1 56.6 
MEM long_string_1m retain-parse bun 1 30.6 
MEM long_string_1m retain-parse baseline 1 15.2 
MEM long_string_1m retain-parse perry 1 15.3 
MEM long_string_1m retain-parse node 1 56.6 
MEM long_string_1m retain-parse bun 1 30.6 
MEM long_string_1m retain-parse baseline 1 15.2 
MEM long_string_1m retain-parse perry 1 15.3 
MEM long_string_1m retain-parse node 1 56.6 
MEM long_string_1m retain-parse bun 1 30.6 
MEM long_string_1m retain-parse baseline 1 15.2 
MEM long_string_1m retain-parse perry 1 15.3 
MEM long_string_1m retain-parse node 1 56.7 
MEM long_string_1m retain-parse bun 1 30.6 
MEM long_string_1m retain-parse baseline 1 15.2 
MEM long_string_1m retain-parse perry 32 15.3 
MEM long_string_1m retain-parse node 32 89.3 
MEM long_string_1m retain-parse bun 32 61.7 
MEM long_string_1m retain-parse baseline 32 15.3 
MEM long_string_1m retain-parse perry 32 15.3 
MEM long_string_1m retain-parse node 32 89.2 
MEM long_string_1m retain-parse bun 32 61.7 
MEM long_string_1m retain-parse baseline 32 15.3 
MEM long_string_1m retain-parse perry 32 15.3 
MEM long_string_1m retain-parse node 32 89.3 
MEM long_string_1m retain-parse bun 32 61.6 
MEM long_string_1m retain-parse baseline 32 15.3 
MEM long_string_1m retain-parse perry 32 15.3 
MEM long_string_1m retain-parse node 32 89.2 
MEM long_string_1m retain-parse bun 32 61.7 
MEM long_string_1m retain-parse baseline 32 15.3 
MEM long_string_1m retain-parse perry 32 15.3 
MEM long_string_1m retain-parse node 32 89.2 
MEM long_string_1m retain-parse bun 32 61.7 
MEM long_string_1m retain-parse baseline 32 15.3 
MEM long_string_1m retain-stringify perry 1 17.7 
MEM long_string_1m retain-stringify node 1 60.6 
MEM long_string_1m retain-stringify bun 1 32.7 
MEM long_string_1m retain-stringify baseline 1 17.6 
MEM long_string_1m retain-stringify perry 1 17.7 
MEM long_string_1m retain-stringify node 1 60.6 
MEM long_string_1m retain-stringify bun 1 32.6 
MEM long_string_1m retain-stringify baseline 1 17.6 
MEM long_string_1m retain-stringify perry 1 17.7 
MEM long_string_1m retain-stringify node 1 60.6 
MEM long_string_1m retain-stringify bun 1 32.6 
MEM long_string_1m retain-stringify baseline 1 17.6 
MEM long_string_1m retain-stringify perry 1 17.7 
MEM long_string_1m retain-stringify node 1 60.7 
MEM long_string_1m retain-stringify bun 1 32.7 
MEM long_string_1m retain-stringify baseline 1 17.6 
MEM long_string_1m retain-stringify perry 1 17.7 
MEM long_string_1m retain-stringify node 1 60.7 
MEM long_string_1m retain-stringify bun 1 32.7 
MEM long_string_1m retain-stringify baseline 1 17.6 
MEM long_string_1m retain-stringify perry 32 51.2 
MEM long_string_1m retain-stringify node 32 92.2 
MEM long_string_1m retain-stringify bun 32 63.8 
MEM long_string_1m retain-stringify baseline 32 51.1 
MEM long_string_1m retain-stringify perry 32 51.2 
MEM long_string_1m retain-stringify node 32 92.3 
MEM long_string_1m retain-stringify bun 32 63.8 
MEM long_string_1m retain-stringify baseline 32 51.0 
MEM long_string_1m retain-stringify perry 32 51.2 
MEM long_string_1m retain-stringify node 32 92.4 
MEM long_string_1m retain-stringify bun 32 63.8 
MEM long_string_1m retain-stringify baseline 32 51.1 
MEM long_string_1m retain-stringify perry 32 51.2 
MEM long_string_1m retain-stringify node 32 92.3 
MEM long_string_1m retain-stringify bun 32 63.8 
MEM long_string_1m retain-stringify baseline 32 51.1 
MEM long_string_1m retain-stringify perry 32 51.2 
MEM long_string_1m retain-stringify node 32 92.4 
MEM long_string_1m retain-stringify bun 32 63.8 
MEM long_string_1m retain-stringify baseline 32 51.1 
MEM unicode_1m retain-parse perry 1 14.6 
MEM unicode_1m retain-parse node 1 57.7 
MEM unicode_1m retain-parse bun 1 31.2 
MEM unicode_1m retain-parse baseline 1 14.6 
MEM unicode_1m retain-parse perry 1 14.6 
MEM unicode_1m retain-parse node 1 57.8 
MEM unicode_1m retain-parse bun 1 31.3 
MEM unicode_1m retain-parse baseline 1 14.6 
MEM unicode_1m retain-parse perry 1 14.7 
MEM unicode_1m retain-parse node 1 57.8 
MEM unicode_1m retain-parse bun 1 31.3 
MEM unicode_1m retain-parse baseline 1 14.6 
MEM unicode_1m retain-parse perry 1 14.6 
MEM unicode_1m retain-parse node 1 57.8 
MEM unicode_1m retain-parse bun 1 31.3 
MEM unicode_1m retain-parse baseline 1 14.6 
MEM unicode_1m retain-parse perry 1 14.7 
MEM unicode_1m retain-parse node 1 57.7 
MEM unicode_1m retain-parse bun 1 31.3 
MEM unicode_1m retain-parse baseline 1 14.6 
MEM unicode_1m retain-parse perry 32 14.7 
MEM unicode_1m retain-parse node 32 86.2 
MEM unicode_1m retain-parse bun 32 59.0 
MEM unicode_1m retain-parse baseline 32 14.6 
MEM unicode_1m retain-parse perry 32 14.7 
MEM unicode_1m retain-parse node 32 86.3 
MEM unicode_1m retain-parse bun 32 59.0 
MEM unicode_1m retain-parse baseline 32 14.6 
MEM unicode_1m retain-parse perry 32 14.7 
MEM unicode_1m retain-parse node 32 86.3 
MEM unicode_1m retain-parse bun 32 59.0 
MEM unicode_1m retain-parse baseline 32 14.6 
MEM unicode_1m retain-parse perry 32 14.7 
MEM unicode_1m retain-parse node 32 86.3 
MEM unicode_1m retain-parse bun 32 59.0 
MEM unicode_1m retain-parse baseline 32 14.6 
MEM unicode_1m retain-parse perry 32 14.7 
MEM unicode_1m retain-parse node 32 86.3 
MEM unicode_1m retain-parse bun 32 59.0 
MEM unicode_1m retain-parse baseline 32 14.6 
MEM unicode_1m retain-stringify perry 1 16.6 
MEM unicode_1m retain-stringify node 1 60.9 
MEM unicode_1m retain-stringify bun 1 34.1 
MEM unicode_1m retain-stringify baseline 1 16.5 
MEM unicode_1m retain-stringify perry 1 16.6 
MEM unicode_1m retain-stringify node 1 60.9 
MEM unicode_1m retain-stringify bun 1 34.1 
MEM unicode_1m retain-stringify baseline 1 16.5 
MEM unicode_1m retain-stringify perry 1 16.6 
MEM unicode_1m retain-stringify node 1 60.8 
MEM unicode_1m retain-stringify bun 1 34.1 
MEM unicode_1m retain-stringify baseline 1 16.5 
MEM unicode_1m retain-stringify perry 1 16.6 
MEM unicode_1m retain-stringify node 1 60.8 
MEM unicode_1m retain-stringify bun 1 34.1 
MEM unicode_1m retain-stringify baseline 1 16.5 
MEM unicode_1m retain-stringify perry 1 16.6 
MEM unicode_1m retain-stringify node 1 60.8 
MEM unicode_1m retain-stringify bun 1 34.1 
MEM unicode_1m retain-stringify baseline 1 16.5 
MEM unicode_1m retain-stringify perry 32 42.0 
MEM unicode_1m retain-stringify node 32 89.1 
MEM unicode_1m retain-stringify bun 32 62.2 
MEM unicode_1m retain-stringify baseline 32 41.8 
MEM unicode_1m retain-stringify perry 32 42.0 
MEM unicode_1m retain-stringify node 32 89.2 
MEM unicode_1m retain-stringify bun 32 61.8 
MEM unicode_1m retain-stringify baseline 32 41.9 
MEM unicode_1m retain-stringify perry 32 42.0 
MEM unicode_1m retain-stringify node 32 89.3 
MEM unicode_1m retain-stringify bun 32 61.8 
MEM unicode_1m retain-stringify baseline 32 41.8 
MEM unicode_1m retain-stringify perry 32 42.0 
MEM unicode_1m retain-stringify node 32 89.3 
MEM unicode_1m retain-stringify bun 32 61.8 
MEM unicode_1m retain-stringify baseline 32 41.9 
MEM unicode_1m retain-stringify perry 32 42.0 
MEM unicode_1m retain-stringify node 32 89.2 
MEM unicode_1m retain-stringify bun 32 61.9 
MEM unicode_1m retain-stringify baseline 32 41.8 
MEM wide_1m retain-parse perry 1 20.7 
MEM wide_1m retain-parse node 1 65.7 
MEM wide_1m retain-parse bun 1 36.4 
MEM wide_1m retain-parse baseline 1 20.6 
MEM wide_1m retain-parse perry 1 20.7 
MEM wide_1m retain-parse node 1 65.7 
MEM wide_1m retain-parse bun 1 36.3 
MEM wide_1m retain-parse baseline 1 20.6 
MEM wide_1m retain-parse perry 1 20.7 
MEM wide_1m retain-parse node 1 65.6 
MEM wide_1m retain-parse bun 1 36.3 
MEM wide_1m retain-parse baseline 1 20.6 
MEM wide_1m retain-parse perry 1 20.7 
MEM wide_1m retain-parse node 1 65.6 
MEM wide_1m retain-parse bun 1 36.3 
MEM wide_1m retain-parse baseline 1 20.6 
MEM wide_1m retain-parse perry 1 20.7 
MEM wide_1m retain-parse node 1 65.6 
MEM wide_1m retain-parse bun 1 36.3 
MEM wide_1m retain-parse baseline 1 20.6 
MEM wide_1m retain-parse perry 16 77.2 
MEM wide_1m retain-parse node 16 112.7 
MEM wide_1m retain-parse bun 16 68.9 
MEM wide_1m retain-parse baseline 16 77.0 
MEM wide_1m retain-parse perry 16 77.2 
MEM wide_1m retain-parse node 16 112.5 
MEM wide_1m retain-parse bun 16 69.0 
MEM wide_1m retain-parse baseline 16 77.0 
MEM wide_1m retain-parse perry 16 77.2 
MEM wide_1m retain-parse node 16 112.7 
MEM wide_1m retain-parse bun 16 68.9 
MEM wide_1m retain-parse baseline 16 77.0 
MEM wide_1m retain-parse perry 16 77.2 
MEM wide_1m retain-parse node 16 112.6 
MEM wide_1m retain-parse bun 16 68.9 
MEM wide_1m retain-parse baseline 16 77.0 
MEM wide_1m retain-parse perry 16 77.2 
MEM wide_1m retain-parse node 16 112.6 
MEM wide_1m retain-parse bun 16 68.9 
MEM wide_1m retain-parse baseline 16 77.0 
MEM wide_1m retain-stringify perry 1 22.9 
MEM wide_1m retain-stringify node 1 68.6 
MEM wide_1m retain-stringify bun 1 39.3 
MEM wide_1m retain-stringify baseline 1 22.8 
MEM wide_1m retain-stringify perry 1 22.9 
MEM wide_1m retain-stringify node 1 68.7 
MEM wide_1m retain-stringify bun 1 39.3 
MEM wide_1m retain-stringify baseline 1 22.8 
MEM wide_1m retain-stringify perry 1 22.9 
MEM wide_1m retain-stringify node 1 68.8 
MEM wide_1m retain-stringify bun 1 39.3 
MEM wide_1m retain-stringify baseline 1 22.8 
MEM wide_1m retain-stringify perry 1 22.8 
MEM wide_1m retain-stringify node 1 68.6 
MEM wide_1m retain-stringify bun 1 39.2 
MEM wide_1m retain-stringify baseline 1 22.8 
MEM wide_1m retain-stringify perry 1 22.9 
MEM wide_1m retain-stringify node 1 68.7 
MEM wide_1m retain-stringify bun 1 39.3 
MEM wide_1m retain-stringify baseline 1 22.8 
MEM wide_1m retain-stringify perry 16 36.0 
MEM wide_1m retain-stringify node 16 86.5 
MEM wide_1m retain-stringify bun 16 53.5 
MEM wide_1m retain-stringify baseline 16 36.0 
MEM wide_1m retain-stringify perry 16 36.0 
MEM wide_1m retain-stringify node 16 86.6 
MEM wide_1m retain-stringify bun 16 53.5 
MEM wide_1m retain-stringify baseline 16 36.0 
MEM wide_1m retain-stringify perry 16 36.0 
MEM wide_1m retain-stringify node 16 86.6 
MEM wide_1m retain-stringify bun 16 53.5 
MEM wide_1m retain-stringify baseline 16 36.0 
MEM wide_1m retain-stringify perry 16 36.0 
MEM wide_1m retain-stringify node 16 86.5 
MEM wide_1m retain-stringify bun 16 53.5 
MEM wide_1m retain-stringify baseline 16 36.0 
MEM wide_1m retain-stringify perry 16 36.0 
MEM wide_1m retain-stringify node 16 86.6 
MEM wide_1m retain-stringify bun 16 53.5 
MEM wide_1m retain-stringify baseline 16 36.0 
