VERIFY small_record rotating all engines passed
VERIFY small_record same all engines passed
VERIFY small_record select all engines passed
TIMING small_record rotating 574712 calls per engine
TIMING small_record same 1554404 calls per engine
TIMING small_record select 2000000 calls per engine
VERIFY records_array_1m rotating all engines passed
VERIFY records_array_1m same all engines passed
VERIFY records_array_1m select all engines passed
TIMING records_array_1m rotating 177 calls per engine
TIMING records_array_1m same 175 calls per engine
TIMING records_array_1m select 2000000 calls per engine
VERIFY long_string_1m rotating all engines passed
VERIFY long_string_1m same all engines passed
VERIFY long_string_1m select all engines passed
TIMING long_string_1m rotating 1301 calls per engine
TIMING long_string_1m same 3094 calls per engine
TIMING long_string_1m select 2000000 calls per engine
VERIFY escaped_1m rotating all engines passed
VERIFY escaped_1m same all engines passed
VERIFY escaped_1m select all engines passed
TIMING escaped_1m rotating 168 calls per engine
TIMING escaped_1m same 169 calls per engine
TIMING escaped_1m select 2000000 calls per engine
VERIFY unicode_1m rotating all engines passed
VERIFY unicode_1m same all engines passed
VERIFY unicode_1m select all engines passed
TIMING unicode_1m rotating 1377 calls per engine
TIMING unicode_1m same 2795 calls per engine
TIMING unicode_1m select 2000000 calls per engine
